Archive member included to satisfy reference by file (symbol)

libosc_screen.a(osc_screen.c.obj)
                              CMakeFiles/hellschreiber.dir/hellschreiber.c.obj (init_screen)
/usr/lib/gcc/arm-none-eabi/10.3.1/thumb/v6-m/nofp/libgcc.a(_dvmd_tls.o)
                              CMakeFiles/hellschreiber.dir/home/mr/Dokumente/Projekte/pico/pico-sdk/src/rp2_common/pico_divider/divider.S.obj (__aeabi_idiv0)
/usr/lib/gcc/arm-none-eabi/10.3.1/../../../arm-none-eabi/lib/thumb/v6-m/nofp/libg.a(lib_a-atexit.o)
                              /usr/lib/gcc/arm-none-eabi/10.3.1/../../../arm-none-eabi/lib/thumb/v6-m/nofp/crt0.o (atexit)
/usr/lib/gcc/arm-none-eabi/10.3.1/../../../arm-none-eabi/lib/thumb/v6-m/nofp/libg.a(lib_a-calloc.o)
                              CMakeFiles/hellschreiber.dir/home/mr/Dokumente/Projekte/pico/pico-sdk/src/rp2_common/pico_malloc/pico_malloc.c.obj (calloc)
/usr/lib/gcc/arm-none-eabi/10.3.1/../../../arm-none-eabi/lib/thumb/v6-m/nofp/libg.a(lib_a-callocr.o)
                              /usr/lib/gcc/arm-none-eabi/10.3.1/../../../arm-none-eabi/lib/thumb/v6-m/nofp/libg.a(lib_a-calloc.o) (_calloc_r)
/usr/lib/gcc/arm-none-eabi/10.3.1/../../../arm-none-eabi/lib/thumb/v6-m/nofp/libg.a(lib_a-ctype_.o)
                              CMakeFiles/hellschreiber.dir/home/mr/Dokumente/Projekte/pico/pico-sdk/lib/tinyusb/src/tusb.c.obj (_ctype_)
/usr/lib/gcc/arm-none-eabi/10.3.1/../../../arm-none-eabi/lib/thumb/v6-m/nofp/libg.a(lib_a-fini.o)
                              /usr/lib/gcc/arm-none-eabi/10.3.1/../../../arm-none-eabi/lib/thumb/v6-m/nofp/crt0.o (__libc_fini_array)
/usr/lib/gcc/arm-none-eabi/10.3.1/../../../arm-none-eabi/lib/thumb/v6-m/nofp/libg.a(lib_a-impure.o)
                              /usr/lib/gcc/arm-none-eabi/10.3.1/../../../arm-none-eabi/lib/thumb/v6-m/nofp/libg.a(lib_a-calloc.o) (_impure_ptr)
/usr/lib/gcc/arm-none-eabi/10.3.1/../../../arm-none-eabi/lib/thumb/v6-m/nofp/libg.a(lib_a-init.o)
                              /usr/lib/gcc/arm-none-eabi/10.3.1/../../../arm-none-eabi/lib/thumb/v6-m/nofp/crt0.o (__libc_init_array)
/usr/lib/gcc/arm-none-eabi/10.3.1/../../../arm-none-eabi/lib/thumb/v6-m/nofp/libg.a(lib_a-malloc.o)
                              CMakeFiles/hellschreiber.dir/home/mr/Dokumente/Projekte/pico/pico-sdk/src/rp2_common/pico_malloc/pico_malloc.c.obj (malloc)
/usr/lib/gcc/arm-none-eabi/10.3.1/../../../arm-none-eabi/lib/thumb/v6-m/nofp/libg.a(lib_a-mallocr.o)
                              /usr/lib/gcc/arm-none-eabi/10.3.1/../../../arm-none-eabi/lib/thumb/v6-m/nofp/libg.a(lib_a-callocr.o) (_malloc_r)
/usr/lib/gcc/arm-none-eabi/10.3.1/../../../arm-none-eabi/lib/thumb/v6-m/nofp/libg.a(lib_a-mlock.o)
                              /usr/lib/gcc/arm-none-eabi/10.3.1/../../../arm-none-eabi/lib/thumb/v6-m/nofp/libg.a(lib_a-mallocr.o) (__malloc_lock)
/usr/lib/gcc/arm-none-eabi/10.3.1/../../../arm-none-eabi/lib/thumb/v6-m/nofp/libg.a(lib_a-realloc.o)
                              CMakeFiles/hellschreiber.dir/home/mr/Dokumente/Projekte/pico/pico-sdk/src/rp2_common/pico_malloc/pico_malloc.c.obj (realloc)
/usr/lib/gcc/arm-none-eabi/10.3.1/../../../arm-none-eabi/lib/thumb/v6-m/nofp/libg.a(lib_a-reallocr.o)
                              /usr/lib/gcc/arm-none-eabi/10.3.1/../../../arm-none-eabi/lib/thumb/v6-m/nofp/libg.a(lib_a-realloc.o) (_realloc_r)
/usr/lib/gcc/arm-none-eabi/10.3.1/../../../arm-none-eabi/lib/thumb/v6-m/nofp/libg.a(lib_a-sbrkr.o)
                              /usr/lib/gcc/arm-none-eabi/10.3.1/../../../arm-none-eabi/lib/thumb/v6-m/nofp/libg.a(lib_a-mallocr.o) (_sbrk_r)
/usr/lib/gcc/arm-none-eabi/10.3.1/../../../arm-none-eabi/lib/thumb/v6-m/nofp/libg.a(lib_a-strlen-stub.o)
                              CMakeFiles/hellschreiber.dir/home/mr/Dokumente/Projekte/pico/pico-sdk/src/rp2_common/pico_stdio/stdio.c.obj (strlen)
/usr/lib/gcc/arm-none-eabi/10.3.1/../../../arm-none-eabi/lib/thumb/v6-m/nofp/libg.a(lib_a-__atexit.o)
                              /usr/lib/gcc/arm-none-eabi/10.3.1/../../../arm-none-eabi/lib/thumb/v6-m/nofp/libg.a(lib_a-atexit.o) (__register_exitproc)
/usr/lib/gcc/arm-none-eabi/10.3.1/../../../arm-none-eabi/lib/thumb/v6-m/nofp/libg.a(lib_a-freer.o)
                              /usr/lib/gcc/arm-none-eabi/10.3.1/../../../arm-none-eabi/lib/thumb/v6-m/nofp/libg.a(lib_a-malloc.o) (_free_r)
/usr/lib/gcc/arm-none-eabi/10.3.1/../../../arm-none-eabi/lib/thumb/v6-m/nofp/libg.a(lib_a-memmove.o)
                              /usr/lib/gcc/arm-none-eabi/10.3.1/../../../arm-none-eabi/lib/thumb/v6-m/nofp/libg.a(lib_a-reallocr.o) (memmove)
/usr/lib/gcc/arm-none-eabi/10.3.1/../../../arm-none-eabi/lib/thumb/v6-m/nofp/libg.a(lib_a-reent.o)
                              /usr/lib/gcc/arm-none-eabi/10.3.1/../../../arm-none-eabi/lib/thumb/v6-m/nofp/libg.a(lib_a-sbrkr.o) (errno)

Discarded input sections

 .text          0x0000000000000000        0x0 /usr/lib/gcc/arm-none-eabi/10.3.1/thumb/v6-m/nofp/crti.o
[...]
Memory Configuration

Name             Origin             Length             Attributes
FLASH            0x0000000010000000 0x0000000000200000 xr
RAM              0x0000000020000000 0x0000000000040000 xrw
SCRATCH_X        0x0000000020040000 0x0000000000001000 xrw
SCRATCH_Y        0x0000000020041000 0x0000000000001000 xrw
*default*        0x0000000000000000 0xffffffffffffffff

Linker script and memory map

LOAD /usr/lib/gcc/arm-none-eabi/10.3.1/thumb/v6-m/nofp/crti.o
LOAD /usr/lib/gcc/arm-none-eabi/10.3.1/thumb/v6-m/nofp/crtbegin.o
LOAD /usr/lib/gcc/arm-none-eabi/10.3.1/../../../arm-none-eabi/lib/thumb/v6-m/nofp/crt0.o

.flash_begin    0x0000000010000000        0x0
                0x0000000010000000                __flash_binary_start = .

.boot2          0x0000000010000000      0x100
                0x0000000010000000                __boot2_start__ = .
 *(.boot2)
 .boot2         0x0000000010000000      0x100 /tmp/cc3FS3di.o
                0x0000000010000100                __boot2_end__ = .
                0x0000000000000001                ASSERT (((__boot2_end__ - __boot2_start__) == 0x100), ERROR: Pico second stage bootloader must be 256 bytes in size)

.text           0x0000000010000100     0x7850
                0x0000000010000100                __logical_binary_start = .
 *(.vectors)
 .vectors       0x0000000010000100       0xd4 CMakeFiles/hellschreiber.dir/home/mr/Dokumente/Projekte/pico/pico-sdk/src/rp2_common/pico_standard_link/crt0.S.obj
                0x0000000010000100                __vectors
                0x0000000010000100                __VECTOR_TABLE
                0x00000000100001c0                isr_invalid
                0x00000000100001c0                __default_isrs_start
                0x00000000100001c2                isr_nmi
                0x00000000100001c4                isr_hardfault
                0x00000000100001c6                isr_svcall
                0x00000000100001c8                isr_pendsv
                0x00000000100001ca                isr_systick
                0x00000000100001cc                isr_irq30
                0x00000000100001cc                __unhandled_user_irq
                0x00000000100001cc                isr_irq13
                0x00000000100001cc                isr_irq27
                0x00000000100001cc                isr_irq31
                0x00000000100001cc                isr_irq5
                0x00000000100001cc                isr_irq11
                0x00000000100001cc                isr_irq23
                0x00000000100001cc                isr_irq18
                0x00000000100001cc                isr_irq28
                0x00000000100001cc                isr_irq19
                0x00000000100001cc                isr_irq0
                0x00000000100001cc                isr_irq6
                0x00000000100001cc                isr_irq22
                0x00000000100001cc                isr_irq17
                0x00000000100001cc                isr_irq14
                0x00000000100001cc                isr_irq2
                0x00000000100001cc                isr_irq10
                0x00000000100001cc                isr_irq8
                0x00000000100001cc                isr_irq24
                0x00000000100001cc                isr_irq1
                0x00000000100001cc                isr_irq7
                0x00000000100001cc                isr_irq21
                0x00000000100001cc                isr_irq20
                0x00000000100001cc                isr_irq15
                0x00000000100001cc                isr_irq25
                0x00000000100001cc                isr_irq4
                0x00000000100001cc                isr_irq16
                0x00000000100001cc                isr_irq29
                0x00000000100001cc                isr_irq26
                0x00000000100001cc                __default_isrs_end
                0x00000000100001cc                isr_irq3
                0x00000000100001cc                isr_irq12
                0x00000000100001cc                isr_irq9
                0x00000000100001d2                unhandled_user_irq_num_in_r0
 *(.binary_info_header)
 .binary_info_header
                0x00000000100001d4       0x14 CMakeFiles/hellschreiber.dir/home/mr/Dokumente/Projekte/pico/pico-sdk/src/rp2_common/pico_standard_link/crt0.S.obj
                0x00000000100001e8                __binary_info_header_end = .
 *(.reset)
 .reset         0x00000000100001e8       0xa8 CMakeFiles/hellschreiber.dir/home/mr/Dokumente/Projekte/pico/pico-sdk/src/rp2_common/pico_standard_link/crt0.S.obj
                0x00000000100001e8                _entry_point
                0x0000000010000266                __get_current_exception
 .reset         0x0000000010000290       0x30 CMakeFiles/hellschreiber.dir/home/mr/Dokumente/Projekte/pico/pico-sdk/src/rp2_common/pico_standard_link/binary_info.c.obj
 *(.init)
 .init          0x00000000100002c0        0x4 /usr/lib/gcc/arm-none-eabi/10.3.1/thumb/v6-m/nofp/crti.o
                0x00000000100002c0                _init
 *(EXCLUDE_FILE(*libm.a: *libc.a:*lib_a-mem*.o *libgcc.a:) .text*)
 .text          0x00000000100002c4       0x98 /usr/lib/gcc/arm-none-eabi/10.3.1/thumb/v6-m/nofp/crtbegin.o
 .text.core1_entry
                0x000000001000035c       0x3a CMakeFiles/hellschreiber.dir/hellschreiber.c.obj
                0x000000001000035c                core1_entry
 *fill*         0x0000000010000396        0x2 
 .text.main     0x0000000010000398       0x30 CMakeFiles/hellschreiber.dir/hellschreiber.c.obj
                0x0000000010000398                main
 .text.gpio_set_function
                0x00000000100003c8       0x30 CMakeFiles/hellschreiber.dir/home/mr/Dokumente/Projekte/pico/pico-sdk/src/rp2_common/hardware_gpio/gpio.c.obj
                0x00000000100003c8                gpio_set_function
 .text.gpio_set_drive_strength
                0x00000000100003f8       0x20 CMakeFiles/hellschreiber.dir/home/mr/Dokumente/Projekte/pico/pico-sdk/src/rp2_common/hardware_gpio/gpio.c.obj
                0x00000000100003f8                gpio_set_drive_strength
 .text.gpio_init
                0x0000000010000418       0x16 CMakeFiles/hellschreiber.dir/home/mr/Dokumente/Projekte/pico/pico-sdk/src/rp2_common/hardware_gpio/gpio.c.obj
                0x0000000010000418                gpio_init
 *fill*         0x000000001000042e        0x2 
 .text.hw_claim_lock
                0x0000000010000430       0x18 CMakeFiles/hellschreiber.dir/home/mr/Dokumente/Projekte/pico/pico-sdk/src/rp2_common/hardware_claim/claim.c.obj
                0x0000000010000430                hw_claim_lock
 .text.hw_claim_unlock
                0x0000000010000448       0x14 CMakeFiles/hellschreiber.dir/home/mr/Dokumente/Projekte/pico/pico-sdk/src/rp2_common/hardware_claim/claim.c.obj
                0x0000000010000448                hw_claim_unlock
 .text.hw_claim_or_assert
                0x000000001000045c       0x32 CMakeFiles/hellschreiber.dir/home/mr/Dokumente/Projekte/pico/pico-sdk/src/rp2_common/hardware_claim/claim.c.obj
                0x000000001000045c                hw_claim_or_assert
 .text.hw_claim_unused_from_range
                0x000000001000048e       0x50 CMakeFiles/hellschreiber.dir/home/mr/Dokumente/Projekte/pico/pico-sdk/src/rp2_common/hardware_claim/claim.c.obj
                0x000000001000048e                hw_claim_unused_from_range
 *fill*         0x00000000100004de        0x2 
 .text.running_on_fpga
                0x00000000100004e0       0x14 CMakeFiles/hellschreiber.dir/home/mr/Dokumente/Projekte/pico/pico-sdk/src/rp2_common/pico_platform/platform.c.obj
                0x00000000100004e0                running_on_fpga
 .text.spin_locks_reset
                0x00000000100004f4       0x20 CMakeFiles/hellschreiber.dir/home/mr/Dokumente/Projekte/pico/pico-sdk/src/rp2_common/hardware_sync/sync.c.obj
                0x00000000100004f4                spin_locks_reset
 .text.next_striped_spin_lock_num
                0x0000000010000514       0x1c CMakeFiles/hellschreiber.dir/home/mr/Dokumente/Projekte/pico/pico-sdk/src/rp2_common/hardware_sync/sync.c.obj
                0x0000000010000514                next_striped_spin_lock_num
 .text.spin_lock_claim_unused
                0x0000000010000530       0x20 CMakeFiles/hellschreiber.dir/home/mr/Dokumente/Projekte/pico/pico-sdk/src/rp2_common/hardware_sync/sync.c.obj
                0x0000000010000530                spin_lock_claim_unused
 .text.set_raw_irq_handler_and_unlock
                0x0000000010000550       0x28 CMakeFiles/hellschreiber.dir/home/mr/Dokumente/Projekte/pico/pico-sdk/src/rp2_common/hardware_irq/irq.c.obj
 .text.make_branch
                0x0000000010000578       0x48 CMakeFiles/hellschreiber.dir/home/mr/Dokumente/Projekte/pico/pico-sdk/src/rp2_common/hardware_irq/irq.c.obj
 .text.insert_branch_and_link
                0x00000000100005c0       0x40 CMakeFiles/hellschreiber.dir/home/mr/Dokumente/Projekte/pico/pico-sdk/src/rp2_common/hardware_irq/irq.c.obj
 .text.irq_is_enabled
                0x0000000010000600       0x18 CMakeFiles/hellschreiber.dir/home/mr/Dokumente/Projekte/pico/pico-sdk/src/rp2_common/hardware_irq/irq.c.obj
                0x0000000010000600                irq_is_enabled
 .text.irq_set_mask_enabled
                0x0000000010000618       0x20 CMakeFiles/hellschreiber.dir/home/mr/Dokumente/Projekte/pico/pico-sdk/src/rp2_common/hardware_irq/irq.c.obj
                0x0000000010000618                irq_set_mask_enabled
 .text.irq_set_enabled
                0x0000000010000638        0xe CMakeFiles/hellschreiber.dir/home/mr/Dokumente/Projekte/pico/pico-sdk/src/rp2_common/hardware_irq/irq.c.obj
                0x0000000010000638                irq_set_enabled
 *fill*         0x0000000010000646        0x2 
 .text.irq_set_pending
                0x0000000010000648       0x10 CMakeFiles/hellschreiber.dir/home/mr/Dokumente/Projekte/pico/pico-sdk/src/rp2_common/hardware_irq/irq.c.obj
                0x0000000010000648                irq_set_pending
 .text.irq_get_vtable_handler
                0x0000000010000658       0x10 CMakeFiles/hellschreiber.dir/home/mr/Dokumente/Projekte/pico/pico-sdk/src/rp2_common/hardware_irq/irq.c.obj
                0x0000000010000658                irq_get_vtable_handler
 .text.irq_has_shared_handler
                0x0000000010000668       0x24 CMakeFiles/hellschreiber.dir/home/mr/Dokumente/Projekte/pico/pico-sdk/src/rp2_common/hardware_irq/irq.c.obj
                0x0000000010000668                irq_has_shared_handler
 .text.irq_set_exclusive_handler
                0x000000001000068c       0x54 CMakeFiles/hellschreiber.dir/home/mr/Dokumente/Projekte/pico/pico-sdk/src/rp2_common/hardware_irq/irq.c.obj
                0x000000001000068c                irq_set_exclusive_handler
 .text.irq_add_shared_handler
                0x00000000100006e0      0x230 CMakeFiles/hellschreiber.dir/home/mr/Dokumente/Projekte/pico/pico-sdk/src/rp2_common/hardware_irq/irq.c.obj
                0x00000000100006e0                irq_add_shared_handler
 .text.irq_remove_handler
                0x0000000010000910      0x1a8 CMakeFiles/hellschreiber.dir/home/mr/Dokumente/Projekte/pico/pico-sdk/src/rp2_common/hardware_irq/irq.c.obj
                0x0000000010000910                irq_remove_handler
 .text.irq_add_tail_to_free_list
                0x0000000010000ab8       0xf0 CMakeFiles/hellschreiber.dir/home/mr/Dokumente/Projekte/pico/pico-sdk/src/rp2_common/hardware_irq/irq.c.obj
                0x0000000010000ab8                irq_add_tail_to_free_list
 .text.irq_init_priorities
                0x0000000010000ba8       0x1c CMakeFiles/hellschreiber.dir/home/mr/Dokumente/Projekte/pico/pico-sdk/src/rp2_common/hardware_irq/irq.c.obj
                0x0000000010000ba8                irq_init_priorities
 .text.user_irq_claim_unused
                0x0000000010000bc4       0x30 CMakeFiles/hellschreiber.dir/home/mr/Dokumente/Projekte/pico/pico-sdk/src/rp2_common/hardware_irq/irq.c.obj
                0x0000000010000bc4                user_irq_claim_unused
 .text.lock_init
                0x0000000010000bf4       0x10 CMakeFiles/hellschreiber.dir/home/mr/Dokumente/Projekte/pico/pico-sdk/src/common/pico_sync/lock_core.c.obj
                0x0000000010000bf4                lock_init
 .text.alarm_pool_post_alloc_init
                0x0000000010000c04       0x40 CMakeFiles/hellschreiber.dir/home/mr/Dokumente/Projekte/pico/pico-sdk/src/common/pico_time/time.c.obj
 .text.sleep_until_callback
                0x0000000010000c44       0x30 CMakeFiles/hellschreiber.dir/home/mr/Dokumente/Projekte/pico/pico-sdk/src/common/pico_time/time.c.obj
 .text.timer_pool_entry_comparator
                0x0000000010000c74       0x7c CMakeFiles/hellschreiber.dir/home/mr/Dokumente/Projekte/pico/pico-sdk/src/common/pico_time/time.c.obj
                0x0000000010000c74                timer_pool_entry_comparator
 .text.ph_add_child_node
                0x0000000010000cf0       0xa4 CMakeFiles/hellschreiber.dir/home/mr/Dokumente/Projekte/pico/pico-sdk/src/common/pico_time/time.c.obj
 .text.ph_merge_nodes
                0x0000000010000d94       0x3e CMakeFiles/hellschreiber.dir/home/mr/Dokumente/Projekte/pico/pico-sdk/src/common/pico_time/time.c.obj
 *fill*         0x0000000010000dd2        0x2 
 .text.add_alarm_under_lock
                0x0000000010000dd4      0x174 CMakeFiles/hellschreiber.dir/home/mr/Dokumente/Projekte/pico/pico-sdk/src/common/pico_time/time.c.obj
 .text.alarm_pool_alarm_callback
                0x0000000010000f48      0x328 CMakeFiles/hellschreiber.dir/home/mr/Dokumente/Projekte/pico/pico-sdk/src/common/pico_time/time.c.obj
 .text.alarm_pool_init_default
                0x0000000010001270       0x38 CMakeFiles/hellschreiber.dir/home/mr/Dokumente/Projekte/pico/pico-sdk/src/common/pico_time/time.c.obj
                0x0000000010001270                alarm_pool_init_default
 .text.alarm_pool_get_default
                0x00000000100012a8       0x2c CMakeFiles/hellschreiber.dir/home/mr/Dokumente/Projekte/pico/pico-sdk/src/common/pico_time/time.c.obj
                0x00000000100012a8                alarm_pool_get_default
 .text.alarm_pool_add_alarm_at
                0x00000000100012d4      0x170 CMakeFiles/hellschreiber.dir/home/mr/Dokumente/Projekte/pico/pico-sdk/src/common/pico_time/time.c.obj
                0x00000000100012d4                alarm_pool_add_alarm_at
 .text.alarm_pool_cancel_alarm
                0x0000000010001444       0xf0 CMakeFiles/hellschreiber.dir/home/mr/Dokumente/Projekte/pico/pico-sdk/src/common/pico_time/time.c.obj
                0x0000000010001444                alarm_pool_cancel_alarm
 .text.sleep_until
                0x0000000010001534       0xfc CMakeFiles/hellschreiber.dir/home/mr/Dokumente/Projekte/pico/pico-sdk/src/common/pico_time/time.c.obj
                0x0000000010001534                sleep_until
 .text.sleep_us
                0x0000000010001630       0x58 CMakeFiles/hellschreiber.dir/home/mr/Dokumente/Projekte/pico/pico-sdk/src/common/pico_time/time.c.obj
                0x0000000010001630                sleep_us
 .text.sleep_ms
                0x0000000010001688       0x14 CMakeFiles/hellschreiber.dir/home/mr/Dokumente/Projekte/pico/pico-sdk/src/common/pico_time/time.c.obj
                0x0000000010001688                sleep_ms
 .text.best_effort_wfe_or_timeout
                0x000000001000169c       0x80 CMakeFiles/hellschreiber.dir/home/mr/Dokumente/Projekte/pico/pico-sdk/src/common/pico_time/time.c.obj
                0x000000001000169c                best_effort_wfe_or_timeout
 .text.hardware_alarm_irq_handler
                0x000000001000171c       0x8c CMakeFiles/hellschreiber.dir/home/mr/Dokumente/Projekte/pico/pico-sdk/src/rp2_common/hardware_timer/timer.c.obj
 .text.hardware_alarm_claim
                0x00000000100017a8       0x18 CMakeFiles/hellschreiber.dir/home/mr/Dokumente/Projekte/pico/pico-sdk/src/rp2_common/hardware_timer/timer.c.obj
                0x00000000100017a8                hardware_alarm_claim
 .text.time_us_64
                0x00000000100017c0       0x18 CMakeFiles/hellschreiber.dir/home/mr/Dokumente/Projekte/pico/pico-sdk/src/rp2_common/hardware_timer/timer.c.obj
                0x00000000100017c0                time_us_64
 .text.busy_wait_until
                0x00000000100017d8       0x28 CMakeFiles/hellschreiber.dir/home/mr/Dokumente/Projekte/pico/pico-sdk/src/rp2_common/hardware_timer/timer.c.obj
                0x00000000100017d8                busy_wait_until
 .text.hardware_alarm_set_callback
                0x0000000010001800       0x90 CMakeFiles/hellschreiber.dir/home/mr/Dokumente/Projekte/pico/pico-sdk/src/rp2_common/hardware_timer/timer.c.obj
                0x0000000010001800                hardware_alarm_set_callback
 .text.hardware_alarm_set_target
                0x0000000010001890       0xe8 CMakeFiles/hellschreiber.dir/home/mr/Dokumente/Projekte/pico/pico-sdk/src/rp2_common/hardware_timer/timer.c.obj
                0x0000000010001890                hardware_alarm_set_target
 .text.hardware_alarm_cancel
                0x0000000010001978       0x40 CMakeFiles/hellschreiber.dir/home/mr/Dokumente/Projekte/pico/pico-sdk/src/rp2_common/hardware_timer/timer.c.obj
                0x0000000010001978                hardware_alarm_cancel
 .text.ph_add_child_node
                0x00000000100019b8       0xa4 CMakeFiles/hellschreiber.dir/home/mr/Dokumente/Projekte/pico/pico-sdk/src/common/pico_util/pheap.c.obj
 .text.ph_merge_nodes
                0x0000000010001a5c       0x3e CMakeFiles/hellschreiber.dir/home/mr/Dokumente/Projekte/pico/pico-sdk/src/common/pico_util/pheap.c.obj
 *fill*         0x0000000010001a9a        0x2 
 .text.ph_clear
                0x0000000010001a9c       0x70 CMakeFiles/hellschreiber.dir/home/mr/Dokumente/Projekte/pico/pico-sdk/src/common/pico_util/pheap.c.obj
                0x0000000010001a9c                ph_clear
 .text.ph_post_alloc_init
                0x0000000010001b0c        0xe CMakeFiles/hellschreiber.dir/home/mr/Dokumente/Projekte/pico/pico-sdk/src/common/pico_util/pheap.c.obj
                0x0000000010001b0c                ph_post_alloc_init
 *fill*         0x0000000010001b1a        0x2 
 .text.ph_merge_two_pass
                0x0000000010001b1c       0xa8 CMakeFiles/hellschreiber.dir/home/mr/Dokumente/Projekte/pico/pico-sdk/src/common/pico_util/pheap.c.obj
                0x0000000010001b1c                ph_merge_two_pass
 .text.ph_remove_any_head
                0x0000000010001bc4      0x108 CMakeFiles/hellschreiber.dir/home/mr/Dokumente/Projekte/pico/pico-sdk/src/common/pico_util/pheap.c.obj
 .text.ph_remove_head
                0x0000000010001ccc       0x14 CMakeFiles/hellschreiber.dir/home/mr/Dokumente/Projekte/pico/pico-sdk/src/common/pico_util/pheap.c.obj
                0x0000000010001ccc                ph_remove_head
 .text.ph_remove_and_free_node
                0x0000000010001ce0       0xf8 CMakeFiles/hellschreiber.dir/home/mr/Dokumente/Projekte/pico/pico-sdk/src/common/pico_util/pheap.c.obj
                0x0000000010001ce0                ph_remove_and_free_node
 .text.mutex_init
                0x0000000010001dd8       0x1a CMakeFiles/hellschreiber.dir/home/mr/Dokumente/Projekte/pico/pico-sdk/src/common/pico_sync/mutex.c.obj
                0x0000000010001dd8                mutex_init
 .text.recursive_mutex_init
                0x0000000010001df2       0x1e CMakeFiles/hellschreiber.dir/home/mr/Dokumente/Projekte/pico/pico-sdk/src/common/pico_sync/mutex.c.obj
                0x0000000010001df2                recursive_mutex_init
 .text.critical_section_init_with_lock_num
                0x0000000010001e10       0x14 CMakeFiles/hellschreiber.dir/home/mr/Dokumente/Projekte/pico/pico-sdk/src/common/pico_sync/critical_section.c.obj
                0x0000000010001e10                critical_section_init_with_lock_num
 .text.critical_section_init
                0x0000000010001e24       0x14 CMakeFiles/hellschreiber.dir/home/mr/Dokumente/Projekte/pico/pico-sdk/src/common/pico_sync/critical_section.c.obj
                0x0000000010001e24                critical_section_init
 .text.uart_set_baudrate
                0x0000000010001e38       0x5c CMakeFiles/hellschreiber.dir/home/mr/Dokumente/Projekte/pico/pico-sdk/src/rp2_common/hardware_uart/uart.c.obj
                0x0000000010001e38                uart_set_baudrate
 .text.uart_set_translate_crlf
                0x0000000010001e94       0x28 CMakeFiles/hellschreiber.dir/home/mr/Dokumente/Projekte/pico/pico-sdk/src/rp2_common/hardware_uart/uart.c.obj
                0x0000000010001e94                uart_set_translate_crlf
 .text.uart_init
                0x0000000010001ebc       0x80 CMakeFiles/hellschreiber.dir/home/mr/Dokumente/Projekte/pico/pico-sdk/src/rp2_common/hardware_uart/uart.c.obj
                0x0000000010001ebc                uart_init
 .text._exit    0x0000000010001f3c        0x4 CMakeFiles/hellschreiber.dir/home/mr/Dokumente/Projekte/pico/pico-sdk/src/rp2_common/pico_runtime/runtime.c.obj
                0x0000000010001f3c                _exit
 .text.exit     0x0000000010001f40        0x6 CMakeFiles/hellschreiber.dir/home/mr/Dokumente/Projekte/pico/pico-sdk/src/rp2_common/pico_runtime/runtime.c.obj
                0x0000000010001f40                exit
 *fill*         0x0000000010001f46        0x2 
 .text.__assert_func
                0x0000000010001f48       0x3c CMakeFiles/hellschreiber.dir/home/mr/Dokumente/Projekte/pico/pico-sdk/src/rp2_common/pico_runtime/runtime.c.obj
                0x0000000010001f48                __assert_func
 .text.runtime_init
                0x0000000010001f84       0xf8 CMakeFiles/hellschreiber.dir/home/mr/Dokumente/Projekte/pico/pico-sdk/src/rp2_common/pico_runtime/runtime.c.obj
                0x0000000010001f84                runtime_init
 .text.panic    0x000000001000207c       0x30 CMakeFiles/hellschreiber.dir/home/mr/Dokumente/Projekte/pico/pico-sdk/src/rp2_common/pico_runtime/runtime.c.obj
                0x000000001000207c                panic
 .text.clock_configure
                0x00000000100020ac      0x104 CMakeFiles/hellschreiber.dir/home/mr/Dokumente/Projekte/pico/pico-sdk/src/rp2_common/hardware_clocks/clocks.c.obj
                0x00000000100020ac                clock_configure
 .text.clocks_init
                0x00000000100021b0      0x100 CMakeFiles/hellschreiber.dir/home/mr/Dokumente/Projekte/pico/pico-sdk/src/rp2_common/hardware_clocks/clocks.c.obj
                0x00000000100021b0                clocks_init
 .text.clock_get_hz
                0x00000000100022b0        0xc CMakeFiles/hellschreiber.dir/home/mr/Dokumente/Projekte/pico/pico-sdk/src/rp2_common/hardware_clocks/clocks.c.obj
                0x00000000100022b0                clock_get_hz
 .text.pll_init
                0x00000000100022bc      0x140 CMakeFiles/hellschreiber.dir/home/mr/Dokumente/Projekte/pico/pico-sdk/src/rp2_common/hardware_pll/pll.c.obj
                0x00000000100022bc                pll_init
 .text.watchdog_start_tick
                0x00000000100023fc       0x10 CMakeFiles/hellschreiber.dir/home/mr/Dokumente/Projekte/pico/pico-sdk/src/rp2_common/hardware_watchdog/watchdog.c.obj
                0x00000000100023fc                watchdog_start_tick
 .text.watchdog_update
                0x000000001000240c       0x14 CMakeFiles/hellschreiber.dir/home/mr/Dokumente/Projekte/pico/pico-sdk/src/rp2_common/hardware_watchdog/watchdog.c.obj
                0x000000001000240c                watchdog_update
 .text._watchdog_enable
                0x0000000010002420       0x78 CMakeFiles/hellschreiber.dir/home/mr/Dokumente/Projekte/pico/pico-sdk/src/rp2_common/hardware_watchdog/watchdog.c.obj
                0x0000000010002420                _watchdog_enable
 .text.watchdog_reboot
                0x0000000010002498       0x48 CMakeFiles/hellschreiber.dir/home/mr/Dokumente/Projekte/pico/pico-sdk/src/rp2_common/hardware_watchdog/watchdog.c.obj
                0x0000000010002498                watchdog_reboot
 .text.xosc_init
                0x00000000100024e0       0x28 CMakeFiles/hellschreiber.dir/home/mr/Dokumente/Projekte/pico/pico-sdk/src/rp2_common/hardware_xosc/xosc.c.obj
                0x00000000100024e0                xosc_init
 .text._out_null
                0x0000000010002508        0x2 CMakeFiles/hellschreiber.dir/home/mr/Dokumente/Projekte/pico/pico-sdk/src/rp2_common/pico_printf/printf.c.obj
 .text._out_fct
                0x000000001000250a        0xe CMakeFiles/hellschreiber.dir/home/mr/Dokumente/Projekte/pico/pico-sdk/src/rp2_common/pico_printf/printf.c.obj
 .text._atoi    0x0000000010002518       0x24 CMakeFiles/hellschreiber.dir/home/mr/Dokumente/Projekte/pico/pico-sdk/src/rp2_common/pico_printf/printf.c.obj
 .text._out_rev
                0x000000001000253c       0xae CMakeFiles/hellschreiber.dir/home/mr/Dokumente/Projekte/pico/pico-sdk/src/rp2_common/pico_printf/printf.c.obj
 .text._ntoa_format
                0x00000000100025ea      0x112 CMakeFiles/hellschreiber.dir/home/mr/Dokumente/Projekte/pico/pico-sdk/src/rp2_common/pico_printf/printf.c.obj
 .text._ntoa_long
                0x00000000100026fc       0xbc CMakeFiles/hellschreiber.dir/home/mr/Dokumente/Projekte/pico/pico-sdk/src/rp2_common/pico_printf/printf.c.obj
 .text._ntoa_long_long
                0x00000000100027b8       0xe2 CMakeFiles/hellschreiber.dir/home/mr/Dokumente/Projekte/pico/pico-sdk/src/rp2_common/pico_printf/printf.c.obj
 *fill*         0x000000001000289a        0x2 
 .text._etoa    0x000000001000289c      0x414 CMakeFiles/hellschreiber.dir/home/mr/Dokumente/Projekte/pico/pico-sdk/src/rp2_common/pico_printf/printf.c.obj
 .text._ftoa    0x0000000010002cb0      0x354 CMakeFiles/hellschreiber.dir/home/mr/Dokumente/Projekte/pico/pico-sdk/src/rp2_common/pico_printf/printf.c.obj
 .text._vsnprintf
                0x0000000010003004      0x624 CMakeFiles/hellschreiber.dir/home/mr/Dokumente/Projekte/pico/pico-sdk/src/rp2_common/pico_printf/printf.c.obj
 .text.vfctprintf
                0x0000000010003628       0x20 CMakeFiles/hellschreiber.dir/home/mr/Dokumente/Projekte/pico/pico-sdk/src/rp2_common/pico_printf/printf.c.obj
                0x0000000010003628                vfctprintf
 .text          0x0000000010003648       0x10 CMakeFiles/hellschreiber.dir/home/mr/Dokumente/Projekte/pico/pico-sdk/src/rp2_common/pico_bit_ops/bit_ops_aeabi.S.obj
 .text.rom_func_lookup
                0x0000000010003658       0x10 CMakeFiles/hellschreiber.dir/home/mr/Dokumente/Projekte/pico/pico-sdk/src/rp2_common/pico_bootrom/bootrom.c.obj
                0x0000000010003658                rom_func_lookup
 .text.rom_data_lookup
                0x0000000010003668       0x10 CMakeFiles/hellschreiber.dir/home/mr/Dokumente/Projekte/pico/pico-sdk/src/rp2_common/pico_bootrom/bootrom.c.obj
                0x0000000010003668                rom_data_lookup
 .text.rom_funcs_lookup
                0x0000000010003678       0x36 CMakeFiles/hellschreiber.dir/home/mr/Dokumente/Projekte/pico/pico-sdk/src/rp2_common/pico_bootrom/bootrom.c.obj
                0x0000000010003678                rom_funcs_lookup
 *fill*         0x00000000100036ae        0x2 
 .text.__wrap___aeabi_idiv
                0x00000000100036b0       0x50 CMakeFiles/hellschreiber.dir/home/mr/Dokumente/Projekte/pico/pico-sdk/src/rp2_common/pico_divider/divider.S.obj
                0x00000000100036b0                __wrap___aeabi_idivmod
                0x00000000100036b0                divmod_s32s32
                0x00000000100036b0                div_s32s32
                0x00000000100036b0                __wrap___aeabi_idiv
                0x00000000100036b8                divmod_s32s32_unsafe
                0x00000000100036e4                divmod_s32s32_savestate
 .text.__wrap___aeabi_uidiv
                0x0000000010003700       0x4c CMakeFiles/hellschreiber.dir/home/mr/Dokumente/Projekte/pico/pico-sdk/src/rp2_common/pico_divider/divider.S.obj
                0x0000000010003700                __wrap___aeabi_uidiv
                0x0000000010003700                __wrap___aeabi_uidivmod
                0x0000000010003700                div_u32u32
                0x0000000010003700                divmod_u32u32
                0x0000000010003708                divmod_u32u32_unsafe
                0x0000000010003730                divmod_u32u32_savestate
 .text.__wrap___aeabi_ldiv
                0x000000001000374c      0x434 CMakeFiles/hellschreiber.dir/home/mr/Dokumente/Projekte/pico/pico-sdk/src/rp2_common/pico_divider/divider.S.obj
                0x000000001000374c                div_s64s64
                0x000000001000374c                divmod_s64s64
                0x000000001000374c                __wrap___aeabi_ldivmod
                0x0000000010003784                div_u64u64
                0x0000000010003784                divmod_u64u64
                0x0000000010003784                __wrap___aeabi_uldivmod
                0x0000000010003794                divmod_u64u64_savestate
                0x00000000100037bc                divmod_s64s64_unsafe
                0x0000000010003844                divmod_u64u64_unsafe
 .text.__wrap___aeabi_darithmetic
                0x0000000010003b80       0x80 CMakeFiles/hellschreiber.dir/home/mr/Dokumente/Projekte/pico/pico-sdk/src/rp2_common/pico_double/double_aeabi.S.obj
                0x0000000010003b80                __wrap___aeabi_drsub
                0x0000000010003b86                __wrap___aeabi_dsub
                0x0000000010003b98                __wrap___aeabi_dadd
                0x0000000010003baa                __wrap___aeabi_ddiv
                0x0000000010003be6                __wrap___aeabi_dmul
 .text.__wrap___aeabi_cdcmple
                0x0000000010003c00       0x6c CMakeFiles/hellschreiber.dir/home/mr/Dokumente/Projekte/pico/pico-sdk/src/rp2_common/pico_double/double_aeabi.S.obj
                0x0000000010003c00                __wrap___aeabi_cdrcmple
                0x0000000010003c10                __wrap___aeabi_cdcmple
                0x0000000010003c10                __wrap___aeabi_cdcmpeq
 .text.__wrap___aeabi_dcmplt
                0x0000000010003c6c        0xc CMakeFiles/hellschreiber.dir/home/mr/Dokumente/Projekte/pico/pico-sdk/src/rp2_common/pico_double/double_aeabi.S.obj
                0x0000000010003c6c                __wrap___aeabi_dcmplt
 .text.__wrap___aeabi_dcmple
                0x0000000010003c78       0x10 CMakeFiles/hellschreiber.dir/home/mr/Dokumente/Projekte/pico/pico-sdk/src/rp2_common/pico_double/double_aeabi.S.obj
                0x0000000010003c78                __wrap___aeabi_dcmple
 .text.__wrap___aeabi_dcmpge
                0x0000000010003c88       0x10 CMakeFiles/hellschreiber.dir/home/mr/Dokumente/Projekte/pico/pico-sdk/src/rp2_common/pico_double/double_aeabi.S.obj
                0x0000000010003c88                __wrap___aeabi_dcmpge
 .text.__wrap___aeabi_dcmpgt
                0x0000000010003c98        0xa CMakeFiles/hellschreiber.dir/home/mr/Dokumente/Projekte/pico/pico-sdk/src/rp2_common/pico_double/double_aeabi.S.obj
                0x0000000010003c98                __wrap___aeabi_dcmpgt
 .text.__wrap___aeabi_dcmpun
                0x0000000010003ca2       0x1c CMakeFiles/hellschreiber.dir/home/mr/Dokumente/Projekte/pico/pico-sdk/src/rp2_common/pico_double/double_aeabi.S.obj
                0x0000000010003ca2                __wrap___aeabi_dcmpun
 *fill*         0x0000000010003cbe        0x2 
 .text.__wrap___aeabi_i2d
                0x0000000010003cc0       0x38 CMakeFiles/hellschreiber.dir/home/mr/Dokumente/Projekte/pico/pico-sdk/src/rp2_common/pico_double/double_aeabi.S.obj
                0x0000000010003cc0                __wrap___aeabi_ui2d
                0x0000000010003cc8                __wrap___aeabi_i2d
 .text.__wrap___aeabi_d2iz
                0x0000000010003cf8       0x48 CMakeFiles/hellschreiber.dir/home/mr/Dokumente/Projekte/pico/pico-sdk/src/rp2_common/pico_double/double_aeabi.S.obj
                0x0000000010003cf8                __wrap___aeabi_d2iz
                0x0000000010003cf8                double2int_z
 .text.__wrap___aeabi_d2uiz
                0x0000000010003d40       0x18 CMakeFiles/hellschreiber.dir/home/mr/Dokumente/Projekte/pico/pico-sdk/src/rp2_common/pico_double/double_aeabi.S.obj
                0x0000000010003d40                double2uint
                0x0000000010003d40                __wrap___aeabi_d2uiz
 .text.__aeabi_double_init
                0x0000000010003d58       0xc8 CMakeFiles/hellschreiber.dir/home/mr/Dokumente/Projekte/pico/pico-sdk/src/rp2_common/pico_double/double_init_rom.c.obj
                0x0000000010003d58                __aeabi_double_init
 .text.double_table_shim_on_use_helper
                0x0000000010003e20       0x34 CMakeFiles/hellschreiber.dir/home/mr/Dokumente/Projekte/pico/pico-sdk/src/rp2_common/pico_double/double_v1_rom_shim.S.obj
                0x0000000010003e20                double_table_shim_on_use_helper
 .text.__wrap___aeabi_dsub
                0x0000000010003e54       0x10 CMakeFiles/hellschreiber.dir/home/mr/Dokumente/Projekte/pico/pico-sdk/src/rp2_common/pico_double/double_v1_rom_shim.S.obj
                0x0000000010003e54                drsub_shim
                0x0000000010003e5a                dsub_shim
 .text.dadd_shim
                0x0000000010003e64      0x15c CMakeFiles/hellschreiber.dir/home/mr/Dokumente/Projekte/pico/pico-sdk/src/rp2_common/pico_double/double_v1_rom_shim.S.obj
                0x0000000010003e64                dadd_shim
 .text.dmul_shim
                0x0000000010003fc0      0x15c CMakeFiles/hellschreiber.dir/home/mr/Dokumente/Projekte/pico/pico-sdk/src/rp2_common/pico_double/double_v1_rom_shim.S.obj
                0x0000000010003fc0                dmul_shim
 .text.ddiv_shim
                0x000000001000411c      0x1b0 CMakeFiles/hellschreiber.dir/home/mr/Dokumente/Projekte/pico/pico-sdk/src/rp2_common/pico_double/double_v1_rom_shim.S.obj
                0x000000001000411c                ddiv_shim
 .text.double2uint_shim
                0x00000000100042cc        0xe CMakeFiles/hellschreiber.dir/home/mr/Dokumente/Projekte/pico/pico-sdk/src/rp2_common/pico_double/double_v1_rom_shim.S.obj
                0x00000000100042cc                double2uint_shim
                0x00000000100042ce                double2ufix_shim
 *fill*         0x00000000100042da        0x2 
 .text.double2uint64_shim
                0x00000000100042dc       0x70 CMakeFiles/hellschreiber.dir/home/mr/Dokumente/Projekte/pico/pico-sdk/src/rp2_common/pico_double/double_v1_rom_shim.S.obj
                0x00000000100042dc                double2uint64_shim
                0x00000000100042de                double2ufix64_shim
                0x00000000100042fe                d2fix_a
 .text.dunpacks
                0x000000001000434c       0x3c CMakeFiles/hellschreiber.dir/home/mr/Dokumente/Projekte/pico/pico-sdk/src/rp2_common/pico_double/double_v1_rom_shim.S.obj
                0x000000001000434c                dunpacks
 .text.__aeabi_lmul
                0x0000000010004388       0x32 CMakeFiles/hellschreiber.dir/home/mr/Dokumente/Projekte/pico/pico-sdk/src/rp2_common/pico_int64_ops/pico_int64_ops_aeabi.S.obj
                0x0000000010004388                __wrap___aeabi_lmul
 *fill*         0x00000000100043ba        0x2 
 .text.__aeabi_float_init
                0x00000000100043bc       0xfc CMakeFiles/hellschreiber.dir/home/mr/Dokumente/Projekte/pico/pico-sdk/src/rp2_common/pico_float/float_init_rom.c.obj
                0x00000000100043bc                __aeabi_float_init
 .text.float_table_shim_on_use_helper
                0x00000000100044b8       0x34 CMakeFiles/hellschreiber.dir/home/mr/Dokumente/Projekte/pico/pico-sdk/src/rp2_common/pico_float/float_v1_rom_shim.S.obj
                0x00000000100044b8                float_table_shim_on_use_helper
 .text          0x00000000100044ec       0x10 CMakeFiles/hellschreiber.dir/home/mr/Dokumente/Projekte/pico/pico-sdk/src/rp2_common/pico_mem_ops/mem_ops_aeabi.S.obj
                0x00000000100044ec                __aeabi_mem_init
 .text.memset   0x00000000100044fc        0xc CMakeFiles/hellschreiber.dir/home/mr/Dokumente/Projekte/pico/pico-sdk/src/rp2_common/pico_mem_ops/mem_ops_aeabi.S.obj
                0x00000000100044fc                __wrap_memset
 .text.memcpy   0x0000000010004508        0xc CMakeFiles/hellschreiber.dir/home/mr/Dokumente/Projekte/pico/pico-sdk/src/rp2_common/pico_mem_ops/mem_ops_aeabi.S.obj
                0x0000000010004508                __wrap___aeabi_memcpy
                0x0000000010004508                __wrap_memcpy
 .text.stdio_out_chars_no_crlf
                0x0000000010004514        0xe CMakeFiles/hellschreiber.dir/home/mr/Dokumente/Projekte/pico/pico-sdk/src/rp2_common/pico_stdio/stdio.c.obj
 *fill*         0x0000000010004522        0x2 
 .text.stdio_out_chars_crlf
                0x0000000010004524       0x80 CMakeFiles/hellschreiber.dir/home/mr/Dokumente/Projekte/pico/pico-sdk/src/rp2_common/pico_stdio/stdio.c.obj
 .text.stdio_stack_buffer_flush
                0x00000000100045a4       0x44 CMakeFiles/hellschreiber.dir/home/mr/Dokumente/Projekte/pico/pico-sdk/src/rp2_common/pico_stdio/stdio.c.obj
 .text.stdio_buffered_printer
                0x00000000100045e8       0x20 CMakeFiles/hellschreiber.dir/home/mr/Dokumente/Projekte/pico/pico-sdk/src/rp2_common/pico_stdio/stdio.c.obj
 .text.stdout_serialize_begin
                0x0000000010004608       0x30 CMakeFiles/hellschreiber.dir/home/mr/Dokumente/Projekte/pico/pico-sdk/src/rp2_common/pico_stdio/stdio.c.obj
                0x0000000010004608                stdout_serialize_begin
 .text.stdout_serialize_end
                0x0000000010004638       0x10 CMakeFiles/hellschreiber.dir/home/mr/Dokumente/Projekte/pico/pico-sdk/src/rp2_common/pico_stdio/stdio.c.obj
                0x0000000010004638                stdout_serialize_end
 .text.stdio_put_string
                0x0000000010004648       0x98 CMakeFiles/hellschreiber.dir/home/mr/Dokumente/Projekte/pico/pico-sdk/src/rp2_common/pico_stdio/stdio.c.obj
 .text.stdio_set_driver_enabled
                0x00000000100046e0       0x2c CMakeFiles/hellschreiber.dir/home/mr/Dokumente/Projekte/pico/pico-sdk/src/rp2_common/pico_stdio/stdio.c.obj
                0x00000000100046e0                stdio_set_driver_enabled
 .text.stdio_flush
                0x000000001000470c       0x20 CMakeFiles/hellschreiber.dir/home/mr/Dokumente/Projekte/pico/pico-sdk/src/rp2_common/pico_stdio/stdio.c.obj
                0x000000001000470c                stdio_flush
 .text.__wrap_puts
                0x000000001000472c       0x1e CMakeFiles/hellschreiber.dir/home/mr/Dokumente/Projekte/pico/pico-sdk/src/rp2_common/pico_stdio/stdio.c.obj
                0x000000001000472c                __wrap_puts
 *fill*         0x000000001000474a        0x2 
 .text.__wrap_vprintf
                0x000000001000474c       0x44 CMakeFiles/hellschreiber.dir/home/mr/Dokumente/Projekte/pico/pico-sdk/src/rp2_common/pico_stdio/stdio.c.obj
                0x000000001000474c                __wrap_vprintf
 .text.__wrap_printf
                0x0000000010004790       0x18 CMakeFiles/hellschreiber.dir/home/mr/Dokumente/Projekte/pico/pico-sdk/src/rp2_common/pico_stdio/stdio.c.obj
                0x0000000010004790                __wrap_printf
 .text.stdio_init_all
                0x00000000100047a8        0xc CMakeFiles/hellschreiber.dir/home/mr/Dokumente/Projekte/pico/pico-sdk/src/rp2_common/pico_stdio/stdio.c.obj
                0x00000000100047a8                stdio_init_all
 .text.stdio_uart_out_chars
                0x00000000100047b4       0x74 CMakeFiles/hellschreiber.dir/home/mr/Dokumente/Projekte/pico/pico-sdk/src/rp2_common/pico_stdio_uart/stdio_uart.c.obj
 .text.stdio_uart_in_chars
                0x0000000010004828       0x58 CMakeFiles/hellschreiber.dir/home/mr/Dokumente/Projekte/pico/pico-sdk/src/rp2_common/pico_stdio_uart/stdio_uart.c.obj
                0x0000000010004828                stdio_uart_in_chars
 .text.stdio_uart_init_full
                0x0000000010004880       0x3c CMakeFiles/hellschreiber.dir/home/mr/Dokumente/Projekte/pico/pico-sdk/src/rp2_common/pico_stdio_uart/stdio_uart.c.obj
                0x0000000010004880                stdio_uart_init_full
 .text.stdio_uart_init
                0x00000000100048bc       0x28 CMakeFiles/hellschreiber.dir/home/mr/Dokumente/Projekte/pico/pico-sdk/src/rp2_common/pico_stdio_uart/stdio_uart.c.obj
                0x00000000100048bc                stdio_uart_init
 .text.resetd_init
                0x00000000100048e4        0x2 CMakeFiles/hellschreiber.dir/home/mr/Dokumente/Projekte/pico/pico-sdk/src/rp2_common/pico_stdio_usb/reset_interface.c.obj
 *fill*         0x00000000100048e6        0x2 
 .text.resetd_reset
                0x00000000100048e8        0xc CMakeFiles/hellschreiber.dir/home/mr/Dokumente/Projekte/pico/pico-sdk/src/rp2_common/pico_stdio_usb/reset_interface.c.obj
 .text.resetd_open
                0x00000000100048f4       0x34 CMakeFiles/hellschreiber.dir/home/mr/Dokumente/Projekte/pico/pico-sdk/src/rp2_common/pico_stdio_usb/reset_interface.c.obj
 .text.resetd_xfer_cb
                0x0000000010004928        0x4 CMakeFiles/hellschreiber.dir/home/mr/Dokumente/Projekte/pico/pico-sdk/src/rp2_common/pico_stdio_usb/reset_interface.c.obj
 .text.reset_usb_boot
                0x000000001000492c       0x18 CMakeFiles/hellschreiber.dir/home/mr/Dokumente/Projekte/pico/pico-sdk/src/rp2_common/pico_stdio_usb/reset_interface.c.obj
 .text.resetd_control_xfer_cb
                0x0000000010004944       0x5c CMakeFiles/hellschreiber.dir/home/mr/Dokumente/Projekte/pico/pico-sdk/src/rp2_common/pico_stdio_usb/reset_interface.c.obj
 .text.usbd_app_driver_get_cb
                0x00000000100049a0        0xc CMakeFiles/hellschreiber.dir/home/mr/Dokumente/Projekte/pico/pico-sdk/src/rp2_common/pico_stdio_usb/reset_interface.c.obj
                0x00000000100049a0                usbd_app_driver_get_cb
 .text.tud_cdc_line_coding_cb
                0x00000000100049ac       0x28 CMakeFiles/hellschreiber.dir/home/mr/Dokumente/Projekte/pico/pico-sdk/src/rp2_common/pico_stdio_usb/reset_interface.c.obj
                0x00000000100049ac                tud_cdc_line_coding_cb
 .text.stdio_usb_in_chars
                0x00000000100049d4       0x70 CMakeFiles/hellschreiber.dir/home/mr/Dokumente/Projekte/pico/pico-sdk/src/rp2_common/pico_stdio_usb/stdio_usb.c.obj
                0x00000000100049d4                stdio_usb_in_chars
 .text.low_priority_worker_irq
                0x0000000010004a44       0x20 CMakeFiles/hellschreiber.dir/home/mr/Dokumente/Projekte/pico/pico-sdk/src/rp2_common/pico_stdio_usb/stdio_usb.c.obj
 .text.stdio_usb_out_chars
                0x0000000010004a64       0xd4 CMakeFiles/hellschreiber.dir/home/mr/Dokumente/Projekte/pico/pico-sdk/src/rp2_common/pico_stdio_usb/stdio_usb.c.obj
 .text.timer_task
                0x0000000010004b38       0x40 CMakeFiles/hellschreiber.dir/home/mr/Dokumente/Projekte/pico/pico-sdk/src/rp2_common/pico_stdio_usb/stdio_usb.c.obj
 .text.usb_irq  0x0000000010004b78       0x10 CMakeFiles/hellschreiber.dir/home/mr/Dokumente/Projekte/pico/pico-sdk/src/rp2_common/pico_stdio_usb/stdio_usb.c.obj
 .text.stdio_usb_init
                0x0000000010004b88       0xec CMakeFiles/hellschreiber.dir/home/mr/Dokumente/Projekte/pico/pico-sdk/src/rp2_common/pico_stdio_usb/stdio_usb.c.obj
                0x0000000010004b88                stdio_usb_init
 .text.tud_descriptor_device_cb
                0x0000000010004c74        0x8 CMakeFiles/hellschreiber.dir/home/mr/Dokumente/Projekte/pico/pico-sdk/src/rp2_common/pico_stdio_usb/stdio_usb_descriptors.c.obj
                0x0000000010004c74                tud_descriptor_device_cb
 .text.tud_descriptor_configuration_cb
                0x0000000010004c7c        0x8 CMakeFiles/hellschreiber.dir/home/mr/Dokumente/Projekte/pico/pico-sdk/src/rp2_common/pico_stdio_usb/stdio_usb_descriptors.c.obj
                0x0000000010004c7c                tud_descriptor_configuration_cb
 .text.tud_descriptor_string_cb
                0x0000000010004c84       0x6c CMakeFiles/hellschreiber.dir/home/mr/Dokumente/Projekte/pico/pico-sdk/src/rp2_common/pico_stdio_usb/stdio_usb_descriptors.c.obj
                0x0000000010004c84                tud_descriptor_string_cb
 .text.hw_endpoint_get_by_addr
                0x0000000010004cf0       0x18 CMakeFiles/hellschreiber.dir/home/mr/Dokumente/Projekte/pico/pico-sdk/lib/tinyusb/src/portable/raspberrypi/rp2040/dcd_rp2040.c.obj
 .text.reset_ep0_pid
                0x0000000010004d08       0x28 CMakeFiles/hellschreiber.dir/home/mr/Dokumente/Projekte/pico/pico-sdk/lib/tinyusb/src/portable/raspberrypi/rp2040/dcd_rp2040.c.obj
 .text._hw_endpoint_alloc
                0x0000000010004d30       0x70 CMakeFiles/hellschreiber.dir/home/mr/Dokumente/Projekte/pico/pico-sdk/lib/tinyusb/src/portable/raspberrypi/rp2040/dcd_rp2040.c.obj
 .text.hw_endpoint_init
                0x0000000010004da0       0x88 CMakeFiles/hellschreiber.dir/home/mr/Dokumente/Projekte/pico/pico-sdk/lib/tinyusb/src/portable/raspberrypi/rp2040/dcd_rp2040.c.obj
 .text.reset_non_control_endpoints
                0x0000000010004e28       0x40 CMakeFiles/hellschreiber.dir/home/mr/Dokumente/Projekte/pico/pico-sdk/lib/tinyusb/src/portable/raspberrypi/rp2040/dcd_rp2040.c.obj
 .text.hw_handle_buff_status
                0x0000000010004e68       0x8c CMakeFiles/hellschreiber.dir/home/mr/Dokumente/Projekte/pico/pico-sdk/lib/tinyusb/src/portable/raspberrypi/rp2040/dcd_rp2040.c.obj
 .text.dcd_rp2040_irq
                0x0000000010004ef4       0xc0 CMakeFiles/hellschreiber.dir/home/mr/Dokumente/Projekte/pico/pico-sdk/lib/tinyusb/src/portable/raspberrypi/rp2040/dcd_rp2040.c.obj
 .text.hw_endpoint_xfer
                0x0000000010004fb4       0x14 CMakeFiles/hellschreiber.dir/home/mr/Dokumente/Projekte/pico/pico-sdk/lib/tinyusb/src/portable/raspberrypi/rp2040/dcd_rp2040.c.obj
 .text.dcd_int_enable
                0x0000000010004fc8       0x2c CMakeFiles/hellschreiber.dir/home/mr/Dokumente/Projekte/pico/pico-sdk/lib/tinyusb/src/portable/raspberrypi/rp2040/dcd_rp2040.c.obj
                0x0000000010004fc8                dcd_int_enable
 .text.dcd_set_address
                0x0000000010004ff4       0x2c CMakeFiles/hellschreiber.dir/home/mr/Dokumente/Projekte/pico/pico-sdk/lib/tinyusb/src/portable/raspberrypi/rp2040/dcd_rp2040.c.obj
                0x0000000010004ff4                dcd_set_address
 .text.dcd_connect
                0x0000000010005020       0x10 CMakeFiles/hellschreiber.dir/home/mr/Dokumente/Projekte/pico/pico-sdk/lib/tinyusb/src/portable/raspberrypi/rp2040/dcd_rp2040.c.obj
                0x0000000010005020                dcd_connect
 .text.dcd_init
                0x0000000010005030       0x7c CMakeFiles/hellschreiber.dir/home/mr/Dokumente/Projekte/pico/pico-sdk/lib/tinyusb/src/portable/raspberrypi/rp2040/dcd_rp2040.c.obj
                0x0000000010005030                dcd_init
 .text.dcd_edpt0_status_complete
                0x00000000100050ac       0x1c CMakeFiles/hellschreiber.dir/home/mr/Dokumente/Projekte/pico/pico-sdk/lib/tinyusb/src/portable/raspberrypi/rp2040/dcd_rp2040.c.obj
                0x00000000100050ac                dcd_edpt0_status_complete
 .text.dcd_edpt_open
                0x00000000100050c8       0x40 CMakeFiles/hellschreiber.dir/home/mr/Dokumente/Projekte/pico/pico-sdk/lib/tinyusb/src/portable/raspberrypi/rp2040/dcd_rp2040.c.obj
                0x00000000100050c8                dcd_edpt_open
 .text.dcd_edpt_close_all
                0x0000000010005108        0x8 CMakeFiles/hellschreiber.dir/home/mr/Dokumente/Projekte/pico/pico-sdk/lib/tinyusb/src/portable/raspberrypi/rp2040/dcd_rp2040.c.obj
                0x0000000010005108                dcd_edpt_close_all
 .text.dcd_edpt_xfer
                0x0000000010005110       0x30 CMakeFiles/hellschreiber.dir/home/mr/Dokumente/Projekte/pico/pico-sdk/lib/tinyusb/src/portable/raspberrypi/rp2040/dcd_rp2040.c.obj
                0x0000000010005110                dcd_edpt_xfer
 .text.dcd_edpt_stall
                0x0000000010005140       0x2c CMakeFiles/hellschreiber.dir/home/mr/Dokumente/Projekte/pico/pico-sdk/lib/tinyusb/src/portable/raspberrypi/rp2040/dcd_rp2040.c.obj
                0x0000000010005140                dcd_edpt_stall
 .text.dcd_edpt_clear_stall
                0x000000001000516c       0x20 CMakeFiles/hellschreiber.dir/home/mr/Dokumente/Projekte/pico/pico-sdk/lib/tinyusb/src/portable/raspberrypi/rp2040/dcd_rp2040.c.obj
                0x000000001000516c                dcd_edpt_clear_stall
 .text.prepare_ep_buffer
                0x000000001000518c       0x70 CMakeFiles/hellschreiber.dir/home/mr/Dokumente/Projekte/pico/pico-sdk/lib/tinyusb/src/portable/raspberrypi/rp2040/rp2040_usb.c.obj
 .text.sync_ep_buffer
                0x00000000100051fc       0x7c CMakeFiles/hellschreiber.dir/home/mr/Dokumente/Projekte/pico/pico-sdk/lib/tinyusb/src/portable/raspberrypi/rp2040/rp2040_usb.c.obj
 .text._hw_endpoint_xfer_sync
                0x0000000010005278       0x28 CMakeFiles/hellschreiber.dir/home/mr/Dokumente/Projekte/pico/pico-sdk/lib/tinyusb/src/portable/raspberrypi/rp2040/rp2040_usb.c.obj
 .text.rp2040_usb_init
                0x00000000100052a0       0x4c CMakeFiles/hellschreiber.dir/home/mr/Dokumente/Projekte/pico/pico-sdk/lib/tinyusb/src/portable/raspberrypi/rp2040/rp2040_usb.c.obj
                0x00000000100052a0                rp2040_usb_init
 .text.hw_endpoint_reset_transfer
                0x00000000100052ec        0xc CMakeFiles/hellschreiber.dir/home/mr/Dokumente/Projekte/pico/pico-sdk/lib/tinyusb/src/portable/raspberrypi/rp2040/rp2040_usb.c.obj
                0x00000000100052ec                hw_endpoint_reset_transfer
 .text._hw_endpoint_buffer_control_update32
                0x00000000100052f8       0x58 CMakeFiles/hellschreiber.dir/home/mr/Dokumente/Projekte/pico/pico-sdk/lib/tinyusb/src/portable/raspberrypi/rp2040/rp2040_usb.c.obj
                0x00000000100052f8                _hw_endpoint_buffer_control_update32
 .text._hw_endpoint_start_next_buffer
                0x0000000010005350       0x74 CMakeFiles/hellschreiber.dir/home/mr/Dokumente/Projekte/pico/pico-sdk/lib/tinyusb/src/portable/raspberrypi/rp2040/rp2040_usb.c.obj
 .text.hw_endpoint_xfer_start
                0x00000000100053c4       0x48 CMakeFiles/hellschreiber.dir/home/mr/Dokumente/Projekte/pico/pico-sdk/lib/tinyusb/src/portable/raspberrypi/rp2040/rp2040_usb.c.obj
                0x00000000100053c4                hw_endpoint_xfer_start
 .text.hw_endpoint_xfer_continue
                0x000000001000540c       0x38 CMakeFiles/hellschreiber.dir/home/mr/Dokumente/Projekte/pico/pico-sdk/lib/tinyusb/src/portable/raspberrypi/rp2040/rp2040_usb.c.obj
                0x000000001000540c                hw_endpoint_xfer_continue
 .text.configuration_reset
                0x0000000010005444       0x84 CMakeFiles/hellschreiber.dir/home/mr/Dokumente/Projekte/pico/pico-sdk/lib/tinyusb/src/device/usbd.c.obj
 .text.usbd_reset
                0x00000000100054c8        0xc CMakeFiles/hellschreiber.dir/home/mr/Dokumente/Projekte/pico/pico-sdk/lib/tinyusb/src/device/usbd.c.obj
 .text.invoke_class_control
                0x00000000100054d4       0x1a CMakeFiles/hellschreiber.dir/home/mr/Dokumente/Projekte/pico/pico-sdk/lib/tinyusb/src/device/usbd.c.obj
 *fill*         0x00000000100054ee        0x2 
 .text.process_set_config
                0x00000000100054f0      0x1b0 CMakeFiles/hellschreiber.dir/home/mr/Dokumente/Projekte/pico/pico-sdk/lib/tinyusb/src/device/usbd.c.obj
 .text.process_get_descriptor
                0x00000000100056a0       0xec CMakeFiles/hellschreiber.dir/home/mr/Dokumente/Projekte/pico/pico-sdk/lib/tinyusb/src/device/usbd.c.obj
 .text.tud_mounted
                0x000000001000578c       0x10 CMakeFiles/hellschreiber.dir/home/mr/Dokumente/Projekte/pico/pico-sdk/lib/tinyusb/src/device/usbd.c.obj
                0x000000001000578c                tud_mounted
 .text.tud_suspended
                0x000000001000579c       0x10 CMakeFiles/hellschreiber.dir/home/mr/Dokumente/Projekte/pico/pico-sdk/lib/tinyusb/src/device/usbd.c.obj
                0x000000001000579c                tud_suspended
 .text.tud_inited
                0x00000000100057ac        0xc CMakeFiles/hellschreiber.dir/home/mr/Dokumente/Projekte/pico/pico-sdk/lib/tinyusb/src/device/usbd.c.obj
                0x00000000100057ac                tud_inited
 .text.tud_init
                0x00000000100057b8       0xcc CMakeFiles/hellschreiber.dir/home/mr/Dokumente/Projekte/pico/pico-sdk/lib/tinyusb/src/device/usbd.c.obj
                0x00000000100057b8                tud_init
 .text.dcd_event_handler
                0x0000000010005884      0x1e0 CMakeFiles/hellschreiber.dir/home/mr/Dokumente/Projekte/pico/pico-sdk/lib/tinyusb/src/device/usbd.c.obj
                0x0000000010005884                dcd_event_handler
 .text.dcd_event_bus_signal
                0x0000000010005a64       0x26 CMakeFiles/hellschreiber.dir/home/mr/Dokumente/Projekte/pico/pico-sdk/lib/tinyusb/src/device/usbd.c.obj
                0x0000000010005a64                dcd_event_bus_signal
 .text.dcd_event_bus_reset
                0x0000000010005a8a       0x2a CMakeFiles/hellschreiber.dir/home/mr/Dokumente/Projekte/pico/pico-sdk/lib/tinyusb/src/device/usbd.c.obj
                0x0000000010005a8a                dcd_event_bus_reset
 .text.dcd_event_setup_received
                0x0000000010005ab4       0x34 CMakeFiles/hellschreiber.dir/home/mr/Dokumente/Projekte/pico/pico-sdk/lib/tinyusb/src/device/usbd.c.obj
                0x0000000010005ab4                dcd_event_setup_received
 .text.dcd_event_xfer_complete
                0x0000000010005ae8       0x44 CMakeFiles/hellschreiber.dir/home/mr/Dokumente/Projekte/pico/pico-sdk/lib/tinyusb/src/device/usbd.c.obj
                0x0000000010005ae8                dcd_event_xfer_complete
 .text.usbd_edpt_open
                0x0000000010005b2c       0x58 CMakeFiles/hellschreiber.dir/home/mr/Dokumente/Projekte/pico/pico-sdk/lib/tinyusb/src/device/usbd.c.obj
                0x0000000010005b2c                usbd_edpt_open
 .text.usbd_open_edpt_pair
                0x0000000010005b84       0x8c CMakeFiles/hellschreiber.dir/home/mr/Dokumente/Projekte/pico/pico-sdk/lib/tinyusb/src/device/usbd.c.obj
                0x0000000010005b84                usbd_open_edpt_pair
 .text.usbd_edpt_claim
                0x0000000010005c10       0x8c CMakeFiles/hellschreiber.dir/home/mr/Dokumente/Projekte/pico/pico-sdk/lib/tinyusb/src/device/usbd.c.obj
                0x0000000010005c10                usbd_edpt_claim
 .text.usbd_edpt_release
                0x0000000010005c9c       0x68 CMakeFiles/hellschreiber.dir/home/mr/Dokumente/Projekte/pico/pico-sdk/lib/tinyusb/src/device/usbd.c.obj
                0x0000000010005c9c                usbd_edpt_release
 .text.usbd_edpt_xfer
                0x0000000010005d04       0x80 CMakeFiles/hellschreiber.dir/home/mr/Dokumente/Projekte/pico/pico-sdk/lib/tinyusb/src/device/usbd.c.obj
                0x0000000010005d04                usbd_edpt_xfer
 .text.usbd_edpt_stall
                0x0000000010005d84       0x40 CMakeFiles/hellschreiber.dir/home/mr/Dokumente/Projekte/pico/pico-sdk/lib/tinyusb/src/device/usbd.c.obj
                0x0000000010005d84                usbd_edpt_stall
 .text.usbd_edpt_clear_stall
                0x0000000010005dc4       0x40 CMakeFiles/hellschreiber.dir/home/mr/Dokumente/Projekte/pico/pico-sdk/lib/tinyusb/src/device/usbd.c.obj
                0x0000000010005dc4                usbd_edpt_clear_stall
 .text.usbd_edpt_stalled
                0x0000000010005e04       0x1c CMakeFiles/hellschreiber.dir/home/mr/Dokumente/Projekte/pico/pico-sdk/lib/tinyusb/src/device/usbd.c.obj
                0x0000000010005e04                usbd_edpt_stalled
 .text.process_control_request
                0x0000000010005e20      0x3b8 CMakeFiles/hellschreiber.dir/home/mr/Dokumente/Projekte/pico/pico-sdk/lib/tinyusb/src/device/usbd.c.obj
 .text.tud_task
                0x00000000100061d8      0x218 CMakeFiles/hellschreiber.dir/home/mr/Dokumente/Projekte/pico/pico-sdk/lib/tinyusb/src/device/usbd.c.obj
                0x00000000100061d8                tud_task
 .text._data_stage_xact
                0x00000000100063f0       0x58 CMakeFiles/hellschreiber.dir/home/mr/Dokumente/Projekte/pico/pico-sdk/lib/tinyusb/src/device/usbd_control.c.obj
 .text.tud_control_status
                0x0000000010006448       0x38 CMakeFiles/hellschreiber.dir/home/mr/Dokumente/Projekte/pico/pico-sdk/lib/tinyusb/src/device/usbd_control.c.obj
                0x0000000010006448                tud_control_status
 .text.tud_control_xfer
                0x0000000010006480       0xa8 CMakeFiles/hellschreiber.dir/home/mr/Dokumente/Projekte/pico/pico-sdk/lib/tinyusb/src/device/usbd_control.c.obj
                0x0000000010006480                tud_control_xfer
 .text.usbd_control_reset
                0x0000000010006528       0x14 CMakeFiles/hellschreiber.dir/home/mr/Dokumente/Projekte/pico/pico-sdk/lib/tinyusb/src/device/usbd_control.c.obj
                0x0000000010006528                usbd_control_reset
 .text.usbd_control_set_complete_callback
                0x000000001000653c        0xc CMakeFiles/hellschreiber.dir/home/mr/Dokumente/Projekte/pico/pico-sdk/lib/tinyusb/src/device/usbd_control.c.obj
                0x000000001000653c                usbd_control_set_complete_callback
 .text.usbd_control_set_request
                0x0000000010006548       0x1c CMakeFiles/hellschreiber.dir/home/mr/Dokumente/Projekte/pico/pico-sdk/lib/tinyusb/src/device/usbd_control.c.obj
                0x0000000010006548                usbd_control_set_request
 .text.usbd_control_xfer_cb
                0x0000000010006564       0xfc CMakeFiles/hellschreiber.dir/home/mr/Dokumente/Projekte/pico/pico-sdk/lib/tinyusb/src/device/usbd_control.c.obj
                0x0000000010006564                usbd_control_xfer_cb
 .text._prep_out_transaction
                0x0000000010006660       0x46 CMakeFiles/hellschreiber.dir/home/mr/Dokumente/Projekte/pico/pico-sdk/lib/tinyusb/src/class/cdc/cdc_device.c.obj
 *fill*         0x00000000100066a6        0x2 
 .text.tud_cdc_n_connected
                0x00000000100066a8       0x44 CMakeFiles/hellschreiber.dir/home/mr/Dokumente/Projekte/pico/pico-sdk/lib/tinyusb/src/class/cdc/cdc_device.c.obj
                0x00000000100066a8                tud_cdc_n_connected
 .text.tud_cdc_n_available
                0x00000000100066ec       0x18 CMakeFiles/hellschreiber.dir/home/mr/Dokumente/Projekte/pico/pico-sdk/lib/tinyusb/src/class/cdc/cdc_device.c.obj
                0x00000000100066ec                tud_cdc_n_available
 .text.tud_cdc_n_read
                0x0000000010006704       0x28 CMakeFiles/hellschreiber.dir/home/mr/Dokumente/Projekte/pico/pico-sdk/lib/tinyusb/src/class/cdc/cdc_device.c.obj
                0x0000000010006704                tud_cdc_n_read
 .text.tud_cdc_n_write_flush
                0x000000001000672c       0xcc CMakeFiles/hellschreiber.dir/home/mr/Dokumente/Projekte/pico/pico-sdk/lib/tinyusb/src/class/cdc/cdc_device.c.obj
                0x000000001000672c                tud_cdc_n_write_flush
 .text.tud_cdc_n_write
                0x00000000100067f8       0x38 CMakeFiles/hellschreiber.dir/home/mr/Dokumente/Projekte/pico/pico-sdk/lib/tinyusb/src/class/cdc/cdc_device.c.obj
                0x00000000100067f8                tud_cdc_n_write
 .text.tud_cdc_n_write_available
                0x0000000010006830       0x1c CMakeFiles/hellschreiber.dir/home/mr/Dokumente/Projekte/pico/pico-sdk/lib/tinyusb/src/class/cdc/cdc_device.c.obj
                0x0000000010006830                tud_cdc_n_write_available
 .text.cdcd_init
                0x000000001000684c       0xbc CMakeFiles/hellschreiber.dir/home/mr/Dokumente/Projekte/pico/pico-sdk/lib/tinyusb/src/class/cdc/cdc_device.c.obj
                0x000000001000684c                cdcd_init
 .text.cdcd_reset
                0x0000000010006908       0x44 CMakeFiles/hellschreiber.dir/home/mr/Dokumente/Projekte/pico/pico-sdk/lib/tinyusb/src/class/cdc/cdc_device.c.obj
                0x0000000010006908                cdcd_reset
 .text.cdcd_open
                0x000000001000694c       0xf8 CMakeFiles/hellschreiber.dir/home/mr/Dokumente/Projekte/pico/pico-sdk/lib/tinyusb/src/class/cdc/cdc_device.c.obj
                0x000000001000694c                cdcd_open
 .text.cdcd_control_xfer_cb
                0x0000000010006a44      0x134 CMakeFiles/hellschreiber.dir/home/mr/Dokumente/Projekte/pico/pico-sdk/lib/tinyusb/src/class/cdc/cdc_device.c.obj
                0x0000000010006a44                cdcd_control_xfer_cb
 .text.cdcd_xfer_cb
                0x0000000010006b78      0x144 CMakeFiles/hellschreiber.dir/home/mr/Dokumente/Projekte/pico/pico-sdk/lib/tinyusb/src/class/cdc/cdc_device.c.obj
                0x0000000010006b78                cdcd_xfer_cb
 .text.tusb_init
                0x0000000010006cbc       0x24 CMakeFiles/hellschreiber.dir/home/mr/Dokumente/Projekte/pico/pico-sdk/lib/tinyusb/src/tusb.c.obj
                0x0000000010006cbc                tusb_init
 .text.tusb_inited
                0x0000000010006ce0        0xe CMakeFiles/hellschreiber.dir/home/mr/Dokumente/Projekte/pico/pico-sdk/lib/tinyusb/src/tusb.c.obj
                0x0000000010006ce0                tusb_inited
 *fill*         0x0000000010006cee        0x2 
 .text.tu_edpt_validate
                0x0000000010006cf0       0xa8 CMakeFiles/hellschreiber.dir/home/mr/Dokumente/Projekte/pico/pico-sdk/lib/tinyusb/src/tusb.c.obj
                0x0000000010006cf0                tu_edpt_validate
 .text.tu_edpt_bind_driver
                0x0000000010006d98       0x2a CMakeFiles/hellschreiber.dir/home/mr/Dokumente/Projekte/pico/pico-sdk/lib/tinyusb/src/tusb.c.obj
                0x0000000010006d98                tu_edpt_bind_driver
 .text.advance_pointer
                0x0000000010006dc2       0x18 CMakeFiles/hellschreiber.dir/home/mr/Dokumente/Projekte/pico/pico-sdk/lib/tinyusb/src/common/tusb_fifo.c.obj
 .text.backward_pointer
                0x0000000010006dda       0x1e CMakeFiles/hellschreiber.dir/home/mr/Dokumente/Projekte/pico/pico-sdk/lib/tinyusb/src/common/tusb_fifo.c.obj
 .text.get_relative_pointer
                0x0000000010006df8       0x10 CMakeFiles/hellschreiber.dir/home/mr/Dokumente/Projekte/pico/pico-sdk/lib/tinyusb/src/common/tusb_fifo.c.obj
 .text._tu_fifo_peek
                0x0000000010006e08       0x50 CMakeFiles/hellschreiber.dir/home/mr/Dokumente/Projekte/pico/pico-sdk/lib/tinyusb/src/common/tusb_fifo.c.obj
 .text._ff_pull_const_addr
                0x0000000010006e58       0x4c CMakeFiles/hellschreiber.dir/home/mr/Dokumente/Projekte/pico/pico-sdk/lib/tinyusb/src/common/tusb_fifo.c.obj
 .text._ff_pull_n
                0x0000000010006ea4      0x10c CMakeFiles/hellschreiber.dir/home/mr/Dokumente/Projekte/pico/pico-sdk/lib/tinyusb/src/common/tusb_fifo.c.obj
 .text._tu_fifo_peek_n
                0x0000000010006fb0       0x5e CMakeFiles/hellschreiber.dir/home/mr/Dokumente/Projekte/pico/pico-sdk/lib/tinyusb/src/common/tusb_fifo.c.obj
 .text._tu_fifo_read_n
                0x000000001000700e       0x4e CMakeFiles/hellschreiber.dir/home/mr/Dokumente/Projekte/pico/pico-sdk/lib/tinyusb/src/common/tusb_fifo.c.obj
 .text._ff_push_const_addr
                0x000000001000705c       0x40 CMakeFiles/hellschreiber.dir/home/mr/Dokumente/Projekte/pico/pico-sdk/lib/tinyusb/src/common/tusb_fifo.c.obj
 .text._ff_push_n
                0x000000001000709c      0x108 CMakeFiles/hellschreiber.dir/home/mr/Dokumente/Projekte/pico/pico-sdk/lib/tinyusb/src/common/tusb_fifo.c.obj
 .text._tu_fifo_write_n
                0x00000000100071a4       0x9e CMakeFiles/hellschreiber.dir/home/mr/Dokumente/Projekte/pico/pico-sdk/lib/tinyusb/src/common/tusb_fifo.c.obj
 .text.tu_fifo_config
                0x0000000010007242       0x72 CMakeFiles/hellschreiber.dir/home/mr/Dokumente/Projekte/pico/pico-sdk/lib/tinyusb/src/common/tusb_fifo.c.obj
                0x0000000010007242                tu_fifo_config
 .text.tu_fifo_count
                0x00000000100072b4       0x26 CMakeFiles/hellschreiber.dir/home/mr/Dokumente/Projekte/pico/pico-sdk/lib/tinyusb/src/common/tusb_fifo.c.obj
                0x00000000100072b4                tu_fifo_count
 .text.tu_fifo_empty
                0x00000000100072da       0x10 CMakeFiles/hellschreiber.dir/home/mr/Dokumente/Projekte/pico/pico-sdk/lib/tinyusb/src/common/tusb_fifo.c.obj
                0x00000000100072da                tu_fifo_empty
 .text.tu_fifo_remaining
                0x00000000100072ea       0x20 CMakeFiles/hellschreiber.dir/home/mr/Dokumente/Projekte/pico/pico-sdk/lib/tinyusb/src/common/tusb_fifo.c.obj
                0x00000000100072ea                tu_fifo_remaining
 .text.tu_fifo_read
                0x000000001000730a       0x42 CMakeFiles/hellschreiber.dir/home/mr/Dokumente/Projekte/pico/pico-sdk/lib/tinyusb/src/common/tusb_fifo.c.obj
                0x000000001000730a                tu_fifo_read
 .text.tu_fifo_read_n
                0x000000001000734c        0xa CMakeFiles/hellschreiber.dir/home/mr/Dokumente/Projekte/pico/pico-sdk/lib/tinyusb/src/common/tusb_fifo.c.obj
                0x000000001000734c                tu_fifo_read_n
 .text.tu_fifo_write
                0x0000000010007356       0x6c CMakeFiles/hellschreiber.dir/home/mr/Dokumente/Projekte/pico/pico-sdk/lib/tinyusb/src/common/tusb_fifo.c.obj
                0x0000000010007356                tu_fifo_write
 .text.tu_fifo_write_n
                0x00000000100073c2        0xa CMakeFiles/hellschreiber.dir/home/mr/Dokumente/Projekte/pico/pico-sdk/lib/tinyusb/src/common/tusb_fifo.c.obj
                0x00000000100073c2                tu_fifo_write_n
 .text.tu_fifo_clear
                0x00000000100073cc       0x4c CMakeFiles/hellschreiber.dir/home/mr/Dokumente/Projekte/pico/pico-sdk/lib/tinyusb/src/common/tusb_fifo.c.obj
                0x00000000100073cc                tu_fifo_clear
 .text.tu_fifo_set_overwritable
                0x0000000010007418       0x3c CMakeFiles/hellschreiber.dir/home/mr/Dokumente/Projekte/pico/pico-sdk/lib/tinyusb/src/common/tusb_fifo.c.obj
                0x0000000010007418                tu_fifo_set_overwritable
 .text._retrieve_unique_id_on_boot
                0x0000000010007454       0x10 CMakeFiles/hellschreiber.dir/home/mr/Dokumente/Projekte/pico/pico-sdk/src/rp2_common/pico_unique_id/unique_id.c.obj
 .text.pico_get_unique_board_id_string
                0x0000000010007464       0x60 CMakeFiles/hellschreiber.dir/home/mr/Dokumente/Projekte/pico/pico-sdk/src/rp2_common/pico_unique_id/unique_id.c.obj
                0x0000000010007464                pico_get_unique_board_id_string
 .text.flash_get_unique_id
                0x00000000100074c4       0x46 CMakeFiles/hellschreiber.dir/home/mr/Dokumente/Projekte/pico/pico-sdk/src/rp2_common/hardware_flash/flash.c.obj
                0x00000000100074c4                flash_get_unique_id
 .text.core1_trampoline
                0x000000001000750a        0x2 CMakeFiles/hellschreiber.dir/home/mr/Dokumente/Projekte/pico/pico-sdk/src/rp2_common/pico_multicore/multicore.c.obj
 .text.core1_wrapper
                0x000000001000750c        0xc CMakeFiles/hellschreiber.dir/home/mr/Dokumente/Projekte/pico/pico-sdk/src/rp2_common/pico_multicore/multicore.c.obj
                0x000000001000750c                core1_wrapper
 .text.multicore_fifo_push_blocking
                0x0000000010007518       0x14 CMakeFiles/hellschreiber.dir/home/mr/Dokumente/Projekte/pico/pico-sdk/src/rp2_common/pico_multicore/multicore.c.obj
                0x0000000010007518                multicore_fifo_push_blocking
 .text.multicore_fifo_pop_blocking
                0x000000001000752c       0x16 CMakeFiles/hellschreiber.dir/home/mr/Dokumente/Projekte/pico/pico-sdk/src/rp2_common/pico_multicore/multicore.c.obj
                0x000000001000752c                multicore_fifo_pop_blocking
 .text.multicore_launch_core1_raw
                0x0000000010007542       0x6e CMakeFiles/hellschreiber.dir/home/mr/Dokumente/Projekte/pico/pico-sdk/src/rp2_common/pico_multicore/multicore.c.obj
                0x0000000010007542                multicore_launch_core1_raw
 .text.multicore_launch_core1_with_stack
                0x00000000100075b0       0x50 CMakeFiles/hellschreiber.dir/home/mr/Dokumente/Projekte/pico/pico-sdk/src/rp2_common/pico_multicore/multicore.c.obj
                0x00000000100075b0                multicore_launch_core1_with_stack
 .text.multicore_launch_core1
                0x0000000010007600       0x24 CMakeFiles/hellschreiber.dir/home/mr/Dokumente/Projekte/pico/pico-sdk/src/rp2_common/pico_multicore/multicore.c.obj
                0x0000000010007600                multicore_launch_core1
 .text.init_screen
                0x0000000010007624       0x50 libosc_screen.a(osc_screen.c.obj)
                0x0000000010007624                init_screen
 .text._inside_bounds
                0x0000000010007674       0x24 libosc_screen.a(osc_screen.c.obj)
                0x0000000010007674                _inside_bounds
 .text._inside_margin
                0x0000000010007698       0x2c libosc_screen.a(osc_screen.c.obj)
                0x0000000010007698                _inside_margin
 .text.set_pixel
                0x00000000100076c4       0x30 libosc_screen.a(osc_screen.c.obj)
                0x00000000100076c4                set_pixel
 .text.box      0x00000000100076f4       0x22 libosc_screen.a(osc_screen.c.obj)
                0x00000000100076f4                box
 .text.checker_board
                0x0000000010007716       0x58 libosc_screen.a(osc_screen.c.obj)
                0x0000000010007716                checker_board
 *fill*         0x000000001000776e        0x2 
 .text.place_char
                0x0000000010007770       0x48 libosc_screen.a(osc_screen.c.obj)
                0x0000000010007770                place_char
 .text.fill_screen
                0x00000000100077b8       0x32 libosc_screen.a(osc_screen.c.obj)
                0x00000000100077b8                fill_screen
 *fill*         0x00000000100077ea        0x2 
 .text.output_screen_to_gpio
                0x00000000100077ec       0x94 libosc_screen.a(osc_screen.c.obj)
                0x00000000100077ec                output_screen_to_gpio
 .text          0x0000000010007880       0x5c /usr/lib/gcc/arm-none-eabi/10.3.1/../../../arm-none-eabi/lib/thumb/v6-m/nofp/libg.a(lib_a-strlen-stub.o)
                0x0000000010007880                strlen
 *(.fini)
 .fini          0x00000000100078dc        0x4 /usr/lib/gcc/arm-none-eabi/10.3.1/thumb/v6-m/nofp/crti.o
                0x00000000100078dc                _fini
 .fini.__stub   0x00000000100078e0       0x70 linker stubs
 *crtbegin.o(.ctors)
 *crtbegin?.o(.ctors)
 *(EXCLUDE_FILE(*crtend.o *crtend?.o) .ctors)
 *(SORT_BY_NAME(.ctors.*))
 *(.ctors)
 *crtbegin.o(.dtors)
 *crtbegin?.o(.dtors)
 *(EXCLUDE_FILE(*crtend.o *crtend?.o) .dtors)
 *(SORT_BY_NAME(.dtors.*))
 *(.dtors)
 *(.eh_frame*)
 .eh_frame      0x0000000010007950        0x0 /usr/lib/gcc/arm-none-eabi/10.3.1/thumb/v6-m/nofp/crtbegin.o
                0x0000000010007950                . = ALIGN (0x4)

.glue_7         0x0000000010007950        0x0
 .glue_7        0x0000000010007950        0x0 linker stubs

.glue_7t        0x0000000010007950        0x0
 .glue_7t       0x0000000010007950        0x0 linker stubs

.vfp11_veneer   0x0000000010007950        0x0
 .vfp11_veneer  0x0000000010007950        0x0 linker stubs

.v4_bx          0x0000000010007950        0x0
 .v4_bx         0x0000000010007950        0x0 linker stubs

.iplt           0x0000000010007950        0x0
 .iplt          0x0000000010007950        0x0 /usr/lib/gcc/arm-none-eabi/10.3.1/thumb/v6-m/nofp/crtbegin.o

.rodata         0x0000000010007950     0x1c9c
 *(EXCLUDE_FILE(*libm.a: *libc.a:*lib_a-mem*.o *libgcc.a:) .rodata*)
 .rodata.spin_lock_claim_unused.str1.4
                0x0000000010007950       0x1b CMakeFiles/hellschreiber.dir/home/mr/Dokumente/Projekte/pico/pico-sdk/src/rp2_common/hardware_sync/sync.c.obj
 *fill*         0x000000001000796b        0x1 
 .rodata.make_branch.str1.4
                0x000000001000796c       0x7c CMakeFiles/hellschreiber.dir/home/mr/Dokumente/Projekte/pico/pico-sdk/src/rp2_common/hardware_irq/irq.c.obj
 .rodata.insert_branch_and_link.str1.4
                0x00000000100079e8       0x10 CMakeFiles/hellschreiber.dir/home/mr/Dokumente/Projekte/pico/pico-sdk/src/rp2_common/hardware_irq/irq.c.obj
 .rodata.irq_set_exclusive_handler.str1.4
                0x00000000100079f8       0x36 CMakeFiles/hellschreiber.dir/home/mr/Dokumente/Projekte/pico/pico-sdk/src/rp2_common/hardware_irq/irq.c.obj
 *fill*         0x0000000010007a2e        0x2 
 .rodata.irq_add_shared_handler.str1.4
                0x0000000010007a30       0xd9 CMakeFiles/hellschreiber.dir/home/mr/Dokumente/Projekte/pico/pico-sdk/src/rp2_common/hardware_irq/irq.c.obj
 *fill*         0x0000000010007b09        0x3 
 .rodata.irq_remove_handler.str1.4
                0x0000000010007b0c       0x2a CMakeFiles/hellschreiber.dir/home/mr/Dokumente/Projekte/pico/pico-sdk/src/rp2_common/hardware_irq/irq.c.obj
 *fill*         0x0000000010007b36        0x2 
 .rodata.irq_add_tail_to_free_list.str1.4
                0x0000000010007b38       0x3a CMakeFiles/hellschreiber.dir/home/mr/Dokumente/Projekte/pico/pico-sdk/src/rp2_common/hardware_irq/irq.c.obj
 *fill*         0x0000000010007b72        0x2 
 .rodata.user_irq_claim_unused.str1.4
                0x0000000010007b74       0x1b CMakeFiles/hellschreiber.dir/home/mr/Dokumente/Projekte/pico/pico-sdk/src/rp2_common/hardware_irq/irq.c.obj
 *fill*         0x0000000010007b8f        0x1 
 .rodata.__func__.0
                0x0000000010007b90       0x1a CMakeFiles/hellschreiber.dir/home/mr/Dokumente/Projekte/pico/pico-sdk/src/rp2_common/hardware_irq/irq.c.obj
 *fill*         0x0000000010007baa        0x2 
 .rodata.__func__.1
                0x0000000010007bac       0x17 CMakeFiles/hellschreiber.dir/home/mr/Dokumente/Projekte/pico/pico-sdk/src/rp2_common/hardware_irq/irq.c.obj
 *fill*         0x0000000010007bc3        0x1 
 .rodata.__func__.2
                0x0000000010007bc4       0x13 CMakeFiles/hellschreiber.dir/home/mr/Dokumente/Projekte/pico/pico-sdk/src/rp2_common/hardware_irq/irq.c.obj
 *fill*         0x0000000010007bd7        0x1 
 .rodata.__func__.3
                0x0000000010007bd8        0xc CMakeFiles/hellschreiber.dir/home/mr/Dokumente/Projekte/pico/pico-sdk/src/rp2_common/hardware_irq/irq.c.obj
 .rodata.__func__.4
                0x0000000010007be4        0xf CMakeFiles/hellschreiber.dir/home/mr/Dokumente/Projekte/pico/pico-sdk/src/rp2_common/hardware_irq/irq.c.obj
 *fill*         0x0000000010007bf3        0x1 
 .rodata.__func__.5
                0x0000000010007bf4       0x17 CMakeFiles/hellschreiber.dir/home/mr/Dokumente/Projekte/pico/pico-sdk/src/rp2_common/hardware_irq/irq.c.obj
 *fill*         0x0000000010007c0b        0x1 
 .rodata.__func__.6
                0x0000000010007c0c       0x1a CMakeFiles/hellschreiber.dir/home/mr/Dokumente/Projekte/pico/pico-sdk/src/rp2_common/hardware_irq/irq.c.obj
 *fill*         0x0000000010007c26        0x2 
 .rodata.repeating_timer_callback.str1.4
                0x0000000010007c28       0x5a CMakeFiles/hellschreiber.dir/home/mr/Dokumente/Projekte/pico/pico-sdk/src/common/pico_time/time.c.obj
 *fill*         0x0000000010007c82        0x2 
 .rodata.alarm_pool_dump_key.str1.4
                0x0000000010007c84       0x33 CMakeFiles/hellschreiber.dir/home/mr/Dokumente/Projekte/pico/pico-sdk/src/common/pico_time/time.c.obj
 *fill*         0x0000000010007cb7        0x1 
 .rodata.ph_add_child_node.str1.4
                0x0000000010007cb8       0xa6 CMakeFiles/hellschreiber.dir/home/mr/Dokumente/Projekte/pico/pico-sdk/src/common/pico_time/time.c.obj
 *fill*         0x0000000010007d5e        0x2 
 .rodata.add_alarm_under_lock.str1.4
                0x0000000010007d60       0x28 CMakeFiles/hellschreiber.dir/home/mr/Dokumente/Projekte/pico/pico-sdk/src/common/pico_time/time.c.obj
                                         0x2b (size before relaxing)
 .rodata.alarm_pool_alarm_callback.str1.4
                0x0000000010007d88       0xf2 CMakeFiles/hellschreiber.dir/home/mr/Dokumente/Projekte/pico/pico-sdk/src/common/pico_time/time.c.obj
 *fill*         0x0000000010007e7a        0x2 
 .rodata.alarm_pool_get_default.str1.4
                0x0000000010007e7c       0x21 CMakeFiles/hellschreiber.dir/home/mr/Dokumente/Projekte/pico/pico-sdk/src/common/pico_time/time.c.obj
 *fill*         0x0000000010007e9d        0x3 
 .rodata.alarm_pool_cancel_alarm.str1.4
                0x0000000010007ea0       0x27 CMakeFiles/hellschreiber.dir/home/mr/Dokumente/Projekte/pico/pico-sdk/src/common/pico_time/time.c.obj
 *fill*         0x0000000010007ec7        0x1 
 .rodata.sleep_until.str1.4
                0x0000000010007ec8       0x4d CMakeFiles/hellschreiber.dir/home/mr/Dokumente/Projekte/pico/pico-sdk/src/common/pico_time/time.c.obj
 *fill*         0x0000000010007f15        0x3 
 .rodata.__func__.1
                0x0000000010007f18       0x18 CMakeFiles/hellschreiber.dir/home/mr/Dokumente/Projekte/pico/pico-sdk/src/common/pico_time/time.c.obj
 .rodata.__func__.10
                0x0000000010007f30       0x15 CMakeFiles/hellschreiber.dir/home/mr/Dokumente/Projekte/pico/pico-sdk/src/common/pico_time/time.c.obj
 *fill*         0x0000000010007f45        0x3 
 .rodata.__func__.11
                0x0000000010007f48       0x1a CMakeFiles/hellschreiber.dir/home/mr/Dokumente/Projekte/pico/pico-sdk/src/common/pico_time/time.c.obj
 *fill*         0x0000000010007f62        0x2 
 .rodata.__func__.12
                0x0000000010007f64        0xa CMakeFiles/hellschreiber.dir/home/mr/Dokumente/Projekte/pico/pico-sdk/src/common/pico_time/time.c.obj
 *fill*         0x0000000010007f6e        0x2 
 .rodata.__func__.3
                0x0000000010007f70       0x17 CMakeFiles/hellschreiber.dir/home/mr/Dokumente/Projekte/pico/pico-sdk/src/common/pico_time/time.c.obj
 *fill*         0x0000000010007f87        0x1 
 .rodata.__func__.4
                0x0000000010007f88       0x12 CMakeFiles/hellschreiber.dir/home/mr/Dokumente/Projekte/pico/pico-sdk/src/common/pico_time/time.c.obj
 *fill*         0x0000000010007f9a        0x2 
 .rodata.__func__.5
                0x0000000010007f9c        0xd CMakeFiles/hellschreiber.dir/home/mr/Dokumente/Projekte/pico/pico-sdk/src/common/pico_time/time.c.obj
 *fill*         0x0000000010007fa9        0x3 
 .rodata.__func__.6
                0x0000000010007fac       0x12 CMakeFiles/hellschreiber.dir/home/mr/Dokumente/Projekte/pico/pico-sdk/src/common/pico_time/time.c.obj
 *fill*         0x0000000010007fbe        0x2 
 .rodata.__func__.7
                0x0000000010007fc0        0xf CMakeFiles/hellschreiber.dir/home/mr/Dokumente/Projekte/pico/pico-sdk/src/common/pico_time/time.c.obj
 *fill*         0x0000000010007fcf        0x1 
 .rodata.__func__.8
                0x0000000010007fd0        0xc CMakeFiles/hellschreiber.dir/home/mr/Dokumente/Projekte/pico/pico-sdk/src/common/pico_time/time.c.obj
 .rodata.__func__.9
                0x0000000010007fdc       0x15 CMakeFiles/hellschreiber.dir/home/mr/Dokumente/Projekte/pico/pico-sdk/src/common/pico_time/time.c.obj
 *fill*         0x0000000010007ff1        0x3 
 .rodata.hardware_alarm_claim.str1.4
                0x0000000010007ff4       0x22 CMakeFiles/hellschreiber.dir/home/mr/Dokumente/Projekte/pico/pico-sdk/src/rp2_common/hardware_timer/timer.c.obj
 *fill*         0x0000000010008016        0x2 
 .rodata.hardware_alarm_set_target.str1.4
                0x0000000010008018       0x74 CMakeFiles/hellschreiber.dir/home/mr/Dokumente/Projekte/pico/pico-sdk/src/rp2_common/hardware_timer/timer.c.obj
 .rodata.__func__.0
                0x000000001000808c       0x1a CMakeFiles/hellschreiber.dir/home/mr/Dokumente/Projekte/pico/pico-sdk/src/rp2_common/hardware_timer/timer.c.obj
 .rodata.ph_add_child_node.str1.4
                0x00000000100080a6       0xa6 CMakeFiles/hellschreiber.dir/home/mr/Dokumente/Projekte/pico/pico-sdk/src/common/pico_util/pheap.c.obj
 *fill*         0x00000000100080a6        0x2 
 .rodata.ph_remove_any_head.str1.4
                0x00000000100080a8       0x9c CMakeFiles/hellschreiber.dir/home/mr/Dokumente/Projekte/pico/pico-sdk/src/common/pico_util/pheap.c.obj
 .rodata.ph_remove_and_free_node.str1.4
                0x0000000010008144       0x1e CMakeFiles/hellschreiber.dir/home/mr/Dokumente/Projekte/pico/pico-sdk/src/common/pico_util/pheap.c.obj
                                         0x26 (size before relaxing)
 *fill*         0x0000000010008162        0x2 
 .rodata.__func__.0
                0x0000000010008164       0x18 CMakeFiles/hellschreiber.dir/home/mr/Dokumente/Projekte/pico/pico-sdk/src/common/pico_util/pheap.c.obj
 .rodata.__func__.1
                0x000000001000817c       0x13 CMakeFiles/hellschreiber.dir/home/mr/Dokumente/Projekte/pico/pico-sdk/src/common/pico_util/pheap.c.obj
 *fill*         0x000000001000818f        0x1 
 .rodata.__func__.2
                0x0000000010008190       0x12 CMakeFiles/hellschreiber.dir/home/mr/Dokumente/Projekte/pico/pico-sdk/src/common/pico_util/pheap.c.obj
 *fill*         0x00000000100081a2        0x2 
 .rodata.__func__.3
                0x00000000100081a4        0xc CMakeFiles/hellschreiber.dir/home/mr/Dokumente/Projekte/pico/pico-sdk/src/common/pico_util/pheap.c.obj
 .rodata.str1.4
                0x00000000100081b0       0x99 CMakeFiles/hellschreiber.dir/home/mr/Dokumente/Projekte/pico/pico-sdk/src/common/pico_sync/mutex.c.obj
                                        0x109 (size before relaxing)
 *fill*         0x0000000010008249        0x3 
 .rodata.__func__.1
                0x000000001000824c        0xb CMakeFiles/hellschreiber.dir/home/mr/Dokumente/Projekte/pico/pico-sdk/src/common/pico_sync/mutex.c.obj
 *fill*         0x0000000010008257        0x1 
 .rodata.__func__.3
                0x0000000010008258       0x18 CMakeFiles/hellschreiber.dir/home/mr/Dokumente/Projekte/pico/pico-sdk/src/common/pico_sync/mutex.c.obj
 .rodata.__func__.4
                0x0000000010008270       0x15 CMakeFiles/hellschreiber.dir/home/mr/Dokumente/Projekte/pico/pico-sdk/src/common/pico_sync/mutex.c.obj
 *fill*         0x0000000010008285        0x3 
 .rodata.__assert_func.str1.4
                0x0000000010008288       0x3f CMakeFiles/hellschreiber.dir/home/mr/Dokumente/Projekte/pico/pico-sdk/src/rp2_common/pico_runtime/runtime.c.obj
                                         0x43 (size before relaxing)
 *fill*         0x00000000100082c7        0x1 
 .rodata.runtime_init.str1.4
                0x00000000100082c8       0x70 CMakeFiles/hellschreiber.dir/home/mr/Dokumente/Projekte/pico/pico-sdk/src/rp2_common/pico_runtime/runtime.c.obj
 .rodata.panic.str1.4
                0x0000000010008338       0x12 CMakeFiles/hellschreiber.dir/home/mr/Dokumente/Projekte/pico/pico-sdk/src/rp2_common/pico_runtime/runtime.c.obj
 *fill*         0x000000001000834a        0x2 
 .rodata.__func__.1
                0x000000001000834c        0xd CMakeFiles/hellschreiber.dir/home/mr/Dokumente/Projekte/pico/pico-sdk/src/rp2_common/pico_runtime/runtime.c.obj
 *fill*         0x0000000010008359        0x3 
 .rodata.clock_configure.str1.4
                0x000000001000835c       0x66 CMakeFiles/hellschreiber.dir/home/mr/Dokumente/Projekte/pico/pico-sdk/src/rp2_common/hardware_clocks/clocks.c.obj
 *fill*         0x00000000100083c2        0x2 
 .rodata.__func__.1
                0x00000000100083c4       0x10 CMakeFiles/hellschreiber.dir/home/mr/Dokumente/Projekte/pico/pico-sdk/src/rp2_common/hardware_clocks/clocks.c.obj
 .rodata.pll_init.str1.4
                0x00000000100083d4      0x147 CMakeFiles/hellschreiber.dir/home/mr/Dokumente/Projekte/pico/pico-sdk/src/rp2_common/hardware_pll/pll.c.obj
 *fill*         0x000000001000851b        0x1 
 .rodata.__func__.0
                0x000000001000851c        0x9 CMakeFiles/hellschreiber.dir/home/mr/Dokumente/Projekte/pico/pico-sdk/src/rp2_common/hardware_pll/pll.c.obj
 *fill*         0x0000000010008525        0x3 
 .rodata._ftoa.str1.4
                0x0000000010008528       0x15 CMakeFiles/hellschreiber.dir/home/mr/Dokumente/Projekte/pico/pico-sdk/src/rp2_common/pico_printf/printf.c.obj
 *fill*         0x000000001000853d        0x3 
 .rodata._vsnprintf
                0x0000000010008540      0x1e0 CMakeFiles/hellschreiber.dir/home/mr/Dokumente/Projekte/pico/pico-sdk/src/rp2_common/pico_printf/printf.c.obj
 .rodata.pow10.0
                0x0000000010008720       0x50 CMakeFiles/hellschreiber.dir/home/mr/Dokumente/Projekte/pico/pico-sdk/src/rp2_common/pico_printf/printf.c.obj
 .rodata.__aeabi_double_init.str1.4
                0x0000000010008770       0xb7 CMakeFiles/hellschreiber.dir/home/mr/Dokumente/Projekte/pico/pico-sdk/src/rp2_common/pico_double/double_init_rom.c.obj
 *fill*         0x0000000010008827        0x1 
 .rodata.__func__.0
                0x0000000010008828       0x14 CMakeFiles/hellschreiber.dir/home/mr/Dokumente/Projekte/pico/pico-sdk/src/rp2_common/pico_double/double_init_rom.c.obj
 .rodata.__aeabi_float_init.str1.4
                0x000000001000883c       0x89 CMakeFiles/hellschreiber.dir/home/mr/Dokumente/Projekte/pico/pico-sdk/src/rp2_common/pico_float/float_init_rom.c.obj
                                         0x8d (size before relaxing)
 *fill*         0x00000000100088c5        0x3 
 .rodata.__func__.0
                0x00000000100088c8       0x13 CMakeFiles/hellschreiber.dir/home/mr/Dokumente/Projekte/pico/pico-sdk/src/rp2_common/pico_float/float_init_rom.c.obj
 *fill*         0x00000000100088db        0x1 
 .rodata.str1.4
                0x00000000100088dc       0x44 CMakeFiles/hellschreiber.dir/home/mr/Dokumente/Projekte/pico/pico-sdk/src/rp2_common/pico_standard_link/binary_info.c.obj
 .rodata.__bi_44
                0x0000000010008920        0xc CMakeFiles/hellschreiber.dir/home/mr/Dokumente/Projekte/pico/pico-sdk/src/rp2_common/pico_standard_link/binary_info.c.obj
 .rodata.__bi_75
                0x000000001000892c        0xc CMakeFiles/hellschreiber.dir/home/mr/Dokumente/Projekte/pico/pico-sdk/src/rp2_common/pico_standard_link/binary_info.c.obj
 .rodata.__bi_81
                0x0000000010008938        0xc CMakeFiles/hellschreiber.dir/home/mr/Dokumente/Projekte/pico/pico-sdk/src/rp2_common/pico_standard_link/binary_info.c.obj
 .rodata.crlf_str.3
                0x0000000010008944        0x2 CMakeFiles/hellschreiber.dir/home/mr/Dokumente/Projekte/pico/pico-sdk/src/rp2_common/pico_stdio/stdio.c.obj
 *fill*         0x0000000010008946        0x2 
 .rodata.str1.4
                0x0000000010008948       0x2c CMakeFiles/hellschreiber.dir/home/mr/Dokumente/Projekte/pico/pico-sdk/src/rp2_common/pico_stdio_uart/stdio_uart.c.obj
 .rodata.__bi_28.4
                0x0000000010008974        0xc CMakeFiles/hellschreiber.dir/home/mr/Dokumente/Projekte/pico/pico-sdk/src/rp2_common/pico_stdio_uart/stdio_uart.c.obj
 .rodata.__bi_29.5
                0x0000000010008980        0x8 CMakeFiles/hellschreiber.dir/home/mr/Dokumente/Projekte/pico/pico-sdk/src/rp2_common/pico_stdio_uart/stdio_uart.c.obj
 .rodata._resetd_driver
                0x0000000010008988       0x18 CMakeFiles/hellschreiber.dir/home/mr/Dokumente/Projekte/pico/pico-sdk/src/rp2_common/pico_stdio_usb/reset_interface.c.obj
 .rodata.timer_task.str1.4
                0x00000000100089a0       0x7c CMakeFiles/hellschreiber.dir/home/mr/Dokumente/Projekte/pico/pico-sdk/src/rp2_common/pico_stdio_usb/stdio_usb.c.obj
 .rodata.stdio_usb_init.str1.4
                0x0000000010008a1c       0x70 CMakeFiles/hellschreiber.dir/home/mr/Dokumente/Projekte/pico/pico-sdk/src/rp2_common/pico_stdio_usb/stdio_usb.c.obj
 .rodata.str1.4
                0x0000000010008a1c       0x13 CMakeFiles/hellschreiber.dir/home/mr/Dokumente/Projekte/pico/pico-sdk/src/rp2_common/pico_stdio_usb/stdio_usb.c.obj
 *fill*         0x0000000010008a2f        0x1 
 .rodata.__bi_118.2
                0x0000000010008a30        0xc CMakeFiles/hellschreiber.dir/home/mr/Dokumente/Projekte/pico/pico-sdk/src/rp2_common/pico_stdio_usb/stdio_usb.c.obj
 .rodata.__func__.0
                0x0000000010008a3c       0x15 CMakeFiles/hellschreiber.dir/home/mr/Dokumente/Projekte/pico/pico-sdk/src/rp2_common/pico_stdio_usb/stdio_usb.c.obj
 *fill*         0x0000000010008a51        0x3 
 .rodata.__func__.1
                0x0000000010008a54        0xb CMakeFiles/hellschreiber.dir/home/mr/Dokumente/Projekte/pico/pico-sdk/src/rp2_common/pico_stdio_usb/stdio_usb.c.obj
 *fill*         0x0000000010008a5f        0x1 
 .rodata.str1.4
                0x0000000010008a60       0x2a CMakeFiles/hellschreiber.dir/home/mr/Dokumente/Projekte/pico/pico-sdk/src/rp2_common/pico_stdio_usb/stdio_usb_descriptors.c.obj
 *fill*         0x0000000010008a8a        0x2 
 .rodata.usbd_desc_cfg
                0x0000000010008a8c       0x54 CMakeFiles/hellschreiber.dir/home/mr/Dokumente/Projekte/pico/pico-sdk/src/rp2_common/pico_stdio_usb/stdio_usb_descriptors.c.obj
 .rodata.usbd_desc_device
                0x0000000010008ae0       0x12 CMakeFiles/hellschreiber.dir/home/mr/Dokumente/Projekte/pico/pico-sdk/src/rp2_common/pico_stdio_usb/stdio_usb_descriptors.c.obj
 *fill*         0x0000000010008af2        0x2 
 .rodata.usbd_desc_str
                0x0000000010008af4       0x18 CMakeFiles/hellschreiber.dir/home/mr/Dokumente/Projekte/pico/pico-sdk/src/rp2_common/pico_stdio_usb/stdio_usb_descriptors.c.obj
 .rodata._hw_endpoint_alloc.str1.4
                0x0000000010008b0c       0xc5 CMakeFiles/hellschreiber.dir/home/mr/Dokumente/Projekte/pico/pico-sdk/lib/tinyusb/src/portable/raspberrypi/rp2040/dcd_rp2040.c.obj
 *fill*         0x0000000010008bd1        0x3 
 .rodata.dcd_rp2040_irq.str1.4
                0x0000000010008bd4       0x14 CMakeFiles/hellschreiber.dir/home/mr/Dokumente/Projekte/pico/pico-sdk/lib/tinyusb/src/portable/raspberrypi/rp2040/dcd_rp2040.c.obj
 .rodata.dcd_int_enable.str1.4
                0x0000000010008be8        0xc CMakeFiles/hellschreiber.dir/home/mr/Dokumente/Projekte/pico/pico-sdk/lib/tinyusb/src/portable/raspberrypi/rp2040/dcd_rp2040.c.obj
 .rodata.__func__.0
                0x0000000010008bf4        0xe CMakeFiles/hellschreiber.dir/home/mr/Dokumente/Projekte/pico/pico-sdk/lib/tinyusb/src/portable/raspberrypi/rp2040/dcd_rp2040.c.obj
 *fill*         0x0000000010008c02        0x2 
 .rodata.__func__.1
                0x0000000010008c04        0xe CMakeFiles/hellschreiber.dir/home/mr/Dokumente/Projekte/pico/pico-sdk/lib/tinyusb/src/portable/raspberrypi/rp2040/dcd_rp2040.c.obj
 *fill*         0x0000000010008c12        0x2 
 .rodata.__func__.3
                0x0000000010008c14       0x10 CMakeFiles/hellschreiber.dir/home/mr/Dokumente/Projekte/pico/pico-sdk/lib/tinyusb/src/portable/raspberrypi/rp2040/dcd_rp2040.c.obj
 .rodata.__func__.5
                0x0000000010008c24        0xf CMakeFiles/hellschreiber.dir/home/mr/Dokumente/Projekte/pico/pico-sdk/lib/tinyusb/src/portable/raspberrypi/rp2040/dcd_rp2040.c.obj
 *fill*         0x0000000010008c33        0x1 
 .rodata.__func__.6
                0x0000000010008c34       0x13 CMakeFiles/hellschreiber.dir/home/mr/Dokumente/Projekte/pico/pico-sdk/lib/tinyusb/src/portable/raspberrypi/rp2040/dcd_rp2040.c.obj
 *fill*         0x0000000010008c47        0x1 
 .rodata.__func__.7
                0x0000000010008c48        0x9 CMakeFiles/hellschreiber.dir/home/mr/Dokumente/Projekte/pico/pico-sdk/lib/tinyusb/src/portable/raspberrypi/rp2040/dcd_rp2040.c.obj
 *fill*         0x0000000010008c51        0x3 
 .rodata.sync_ep_buffer.str1.4
                0x0000000010008c54       0xa1 CMakeFiles/hellschreiber.dir/home/mr/Dokumente/Projekte/pico/pico-sdk/lib/tinyusb/src/portable/raspberrypi/rp2040/rp2040_usb.c.obj
 *fill*         0x0000000010008cf5        0x3 
 .rodata._hw_endpoint_buffer_control_update32.str1.4
                0x0000000010008cf8       0x1f CMakeFiles/hellschreiber.dir/home/mr/Dokumente/Projekte/pico/pico-sdk/lib/tinyusb/src/portable/raspberrypi/rp2040/rp2040_usb.c.obj
 *fill*         0x0000000010008d17        0x1 
 .rodata.hw_endpoint_xfer_start.str1.4
                0x0000000010008d18       0x38 CMakeFiles/hellschreiber.dir/home/mr/Dokumente/Projekte/pico/pico-sdk/lib/tinyusb/src/portable/raspberrypi/rp2040/rp2040_usb.c.obj
 .rodata.hw_endpoint_xfer_continue.str1.4
                0x0000000010008d50       0x29 CMakeFiles/hellschreiber.dir/home/mr/Dokumente/Projekte/pico/pico-sdk/lib/tinyusb/src/portable/raspberrypi/rp2040/rp2040_usb.c.obj
 .rodata.str1.4
                0x0000000010008d79       0x29 CMakeFiles/hellschreiber.dir/home/mr/Dokumente/Projekte/pico/pico-sdk/lib/tinyusb/src/portable/raspberrypi/rp2040/rp2040_usb.c.obj
                                          0x7 (size before relaxing)
 *fill*         0x0000000010008d79        0x3 
 .rodata.__func__.0
                0x0000000010008d7c        0xf CMakeFiles/hellschreiber.dir/home/mr/Dokumente/Projekte/pico/pico-sdk/lib/tinyusb/src/portable/raspberrypi/rp2040/rp2040_usb.c.obj
 *fill*         0x0000000010008d8b        0x1 
 .rodata.process_set_config.str1.4
                0x0000000010008d8c       0x17 CMakeFiles/hellschreiber.dir/home/mr/Dokumente/Projekte/pico/pico-sdk/lib/tinyusb/src/device/usbd.c.obj
 *fill*         0x0000000010008da3        0x1 
 .rodata.process_get_descriptor
                0x0000000010008da4       0x40 CMakeFiles/hellschreiber.dir/home/mr/Dokumente/Projekte/pico/pico-sdk/lib/tinyusb/src/device/usbd.c.obj
 .rodata.process_control_request
                0x0000000010008de4       0x28 CMakeFiles/hellschreiber.dir/home/mr/Dokumente/Projekte/pico/pico-sdk/lib/tinyusb/src/device/usbd.c.obj
 .rodata.tud_task
                0x0000000010008e0c       0x24 CMakeFiles/hellschreiber.dir/home/mr/Dokumente/Projekte/pico/pico-sdk/lib/tinyusb/src/device/usbd.c.obj
 .rodata.__func__.2
                0x0000000010008e30        0xf CMakeFiles/hellschreiber.dir/home/mr/Dokumente/Projekte/pico/pico-sdk/lib/tinyusb/src/device/usbd.c.obj
 *fill*         0x0000000010008e3f        0x1 
 .rodata.__func__.3
                0x0000000010008e40        0xf CMakeFiles/hellschreiber.dir/home/mr/Dokumente/Projekte/pico/pico-sdk/lib/tinyusb/src/device/usbd.c.obj
 *fill*         0x0000000010008e4f        0x1 
 .rodata.__func__.4
                0x0000000010008e50       0x14 CMakeFiles/hellschreiber.dir/home/mr/Dokumente/Projekte/pico/pico-sdk/lib/tinyusb/src/device/usbd.c.obj
 .rodata.__func__.5