Archive member included to satisfy reference by file (symbol)

libosc_screen.a(osc_screen.c.obj)
                              CMakeFiles/hellschreiber.dir/hellschreiber.c.obj (init_screen)
/usr/lib/gcc/arm-none-eabi/10.3.1/thumb/v6-m/nofp/libgcc.a(_dvmd_tls.o)
                              CMakeFiles/hellschreiber.dir/home/mr/Dokumente/Projekte/pico/pico-sdk/src/rp2_common/pico_divider/divider.S.obj (__aeabi_idiv0)
/usr/lib/gcc/arm-none-eabi/10.3.1/../../../arm-none-eabi/lib/thumb/v6-m/nofp/libg.a(lib_a-atexit.o)
                              /usr/lib/gcc/arm-none-eabi/10.3.1/../../../arm-none-eabi/lib/thumb/v6-m/nofp/crt0.o (atexit)
/usr/lib/gcc/arm-none-eabi/10.3.1/../../../arm-none-eabi/lib/thumb/v6-m/nofp/libg.a(lib_a-calloc.o)
                              CMakeFiles/hellschreiber.dir/home/mr/Dokumente/Projekte/pico/pico-sdk/src/rp2_common/pico_malloc/pico_malloc.c.obj (calloc)
/usr/lib/gcc/arm-none-eabi/10.3.1/../../../arm-none-eabi/lib/thumb/v6-m/nofp/libg.a(lib_a-callocr.o)
                              /usr/lib/gcc/arm-none-eabi/10.3.1/../../../arm-none-eabi/lib/thumb/v6-m/nofp/libg.a(lib_a-calloc.o) (_calloc_r)
/usr/lib/gcc/arm-none-eabi/10.3.1/../../../arm-none-eabi/lib/thumb/v6-m/nofp/libg.a(lib_a-ctype_.o)
                              CMakeFiles/hellschreiber.dir/home/mr/Dokumente/Projekte/pico/pico-sdk/lib/tinyusb/src/tusb.c.obj (_ctype_)
/usr/lib/gcc/arm-none-eabi/10.3.1/../../../arm-none-eabi/lib/thumb/v6-m/nofp/libg.a(lib_a-fini.o)
                              /usr/lib/gcc/arm-none-eabi/10.3.1/../../../arm-none-eabi/lib/thumb/v6-m/nofp/crt0.o (__libc_fini_array)
/usr/lib/gcc/arm-none-eabi/10.3.1/../../../arm-none-eabi/lib/thumb/v6-m/nofp/libg.a(lib_a-impure.o)
                              /usr/lib/gcc/arm-none-eabi/10.3.1/../../../arm-none-eabi/lib/thumb/v6-m/nofp/libg.a(lib_a-calloc.o) (_impure_ptr)
/usr/lib/gcc/arm-none-eabi/10.3.1/../../../arm-none-eabi/lib/thumb/v6-m/nofp/libg.a(lib_a-init.o)
                              /usr/lib/gcc/arm-none-eabi/10.3.1/../../../arm-none-eabi/lib/thumb/v6-m/nofp/crt0.o (__libc_init_array)
/usr/lib/gcc/arm-none-eabi/10.3.1/../../../arm-none-eabi/lib/thumb/v6-m/nofp/libg.a(lib_a-malloc.o)
                              CMakeFiles/hellschreiber.dir/home/mr/Dokumente/Projekte/pico/pico-sdk/src/rp2_common/pico_malloc/pico_malloc.c.obj (malloc)
/usr/lib/gcc/arm-none-eabi/10.3.1/../../../arm-none-eabi/lib/thumb/v6-m/nofp/libg.a(lib_a-mallocr.o)
                              /usr/lib/gcc/arm-none-eabi/10.3.1/../../../arm-none-eabi/lib/thumb/v6-m/nofp/libg.a(lib_a-callocr.o) (_malloc_r)
/usr/lib/gcc/arm-none-eabi/10.3.1/../../../arm-none-eabi/lib/thumb/v6-m/nofp/libg.a(lib_a-mlock.o)
                              /usr/lib/gcc/arm-none-eabi/10.3.1/../../../arm-none-eabi/lib/thumb/v6-m/nofp/libg.a(lib_a-mallocr.o) (__malloc_lock)
/usr/lib/gcc/arm-none-eabi/10.3.1/../../../arm-none-eabi/lib/thumb/v6-m/nofp/libg.a(lib_a-realloc.o)
                              CMakeFiles/hellschreiber.dir/home/mr/Dokumente/Projekte/pico/pico-sdk/src/rp2_common/pico_malloc/pico_malloc.c.obj (realloc)
/usr/lib/gcc/arm-none-eabi/10.3.1/../../../arm-none-eabi/lib/thumb/v6-m/nofp/libg.a(lib_a-reallocr.o)
                              /usr/lib/gcc/arm-none-eabi/10.3.1/../../../arm-none-eabi/lib/thumb/v6-m/nofp/libg.a(lib_a-realloc.o) (_realloc_r)
/usr/lib/gcc/arm-none-eabi/10.3.1/../../../arm-none-eabi/lib/thumb/v6-m/nofp/libg.a(lib_a-sbrkr.o)
                              /usr/lib/gcc/arm-none-eabi/10.3.1/../../../arm-none-eabi/lib/thumb/v6-m/nofp/libg.a(lib_a-mallocr.o) (_sbrk_r)
/usr/lib/gcc/arm-none-eabi/10.3.1/../../../arm-none-eabi/lib/thumb/v6-m/nofp/libg.a(lib_a-strlen-stub.o)
                              CMakeFiles/hellschreiber.dir/home/mr/Dokumente/Projekte/pico/pico-sdk/src/rp2_common/pico_stdio/stdio.c.obj (strlen)
/usr/lib/gcc/arm-none-eabi/10.3.1/../../../arm-none-eabi/lib/thumb/v6-m/nofp/libg.a(lib_a-__atexit.o)
                              /usr/lib/gcc/arm-none-eabi/10.3.1/../../../arm-none-eabi/lib/thumb/v6-m/nofp/libg.a(lib_a-atexit.o) (__register_exitproc)
/usr/lib/gcc/arm-none-eabi/10.3.1/../../../arm-none-eabi/lib/thumb/v6-m/nofp/libg.a(lib_a-freer.o)
                              /usr/lib/gcc/arm-none-eabi/10.3.1/../../../arm-none-eabi/lib/thumb/v6-m/nofp/libg.a(lib_a-malloc.o) (_free_r)
/usr/lib/gcc/arm-none-eabi/10.3.1/../../../arm-none-eabi/lib/thumb/v6-m/nofp/libg.a(lib_a-memmove.o)
                              /usr/lib/gcc/arm-none-eabi/10.3.1/../../../arm-none-eabi/lib/thumb/v6-m/nofp/libg.a(lib_a-reallocr.o) (memmove)
/usr/lib/gcc/arm-none-eabi/10.3.1/../../../arm-none-eabi/lib/thumb/v6-m/nofp/libg.a(lib_a-reent.o)
                              /usr/lib/gcc/arm-none-eabi/10.3.1/../../../arm-none-eabi/lib/thumb/v6-m/nofp/libg.a(lib_a-sbrkr.o) (errno)

Discarded input sections

 .text          0x0000000000000000        0x0 /usr/lib/gcc/arm-none-eabi/10.3.1/thumb/v6-m/nofp/crti.o
[...]
Memory Configuration

Name             Origin             Length             Attributes
FLASH            0x0000000010000000 0x0000000000200000 xr
RAM              0x0000000020000000 0x0000000000040000 xrw
SCRATCH_X        0x0000000020040000 0x0000000000001000 xrw
SCRATCH_Y        0x0000000020041000 0x0000000000001000 xrw
*default*        0x0000000000000000 0xffffffffffffffff

Linker script and memory map

LOAD /usr/lib/gcc/arm-none-eabi/10.3.1/thumb/v6-m/nofp/crti.o
LOAD /usr/lib/gcc/arm-none-eabi/10.3.1/thumb/v6-m/nofp/crtbegin.o
LOAD /usr/lib/gcc/arm-none-eabi/10.3.1/../../../arm-none-eabi/lib/thumb/v6-m/nofp/crt0.o

.flash_begin    0x0000000010000000        0x0
                0x0000000010000000                __flash_binary_start = .

.boot2          0x0000000010000000      0x100
                0x0000000010000000                __boot2_start__ = .
 *(.boot2)
 .boot2         0x0000000010000000      0x100 /tmp/cc007Phb.o
                0x0000000010000100                __boot2_end__ = .
                0x0000000000000001                ASSERT (((__boot2_end__ - __boot2_start__) == 0x100), ERROR: Pico second stage bootloader must be 256 bytes in size)

.text           0x0000000010000100     0x75e0
                0x0000000010000100                __logical_binary_start = .
 *(.vectors)
 .vectors       0x0000000010000100       0xd4 CMakeFiles/hellschreiber.dir/home/mr/Dokumente/Projekte/pico/pico-sdk/src/rp2_common/pico_standard_link/crt0.S.obj
                0x0000000010000100                __vectors
                0x0000000010000100                __VECTOR_TABLE
                0x00000000100001c0                isr_invalid
                0x00000000100001c0                __default_isrs_start
                0x00000000100001c2                isr_nmi
                0x00000000100001c4                isr_hardfault
                0x00000000100001c6                isr_svcall
                0x00000000100001c8                isr_pendsv
                0x00000000100001ca                isr_systick
                0x00000000100001cc                isr_irq30
                0x00000000100001cc                __unhandled_user_irq
                0x00000000100001cc                isr_irq13
                0x00000000100001cc                isr_irq27
                0x00000000100001cc                isr_irq31
                0x00000000100001cc                isr_irq5
                0x00000000100001cc                isr_irq11
                0x00000000100001cc                isr_irq23
                0x00000000100001cc                isr_irq18
                0x00000000100001cc                isr_irq28
                0x00000000100001cc                isr_irq19
                0x00000000100001cc                isr_irq0
                0x00000000100001cc                isr_irq6
                0x00000000100001cc                isr_irq22
                0x00000000100001cc                isr_irq17
                0x00000000100001cc                isr_irq14
                0x00000000100001cc                isr_irq2
                0x00000000100001cc                isr_irq10
                0x00000000100001cc                isr_irq8
                0x00000000100001cc                isr_irq24
                0x00000000100001cc                isr_irq1
                0x00000000100001cc                isr_irq7
                0x00000000100001cc                isr_irq21
                0x00000000100001cc                isr_irq20
                0x00000000100001cc                isr_irq15
                0x00000000100001cc                isr_irq25
                0x00000000100001cc                isr_irq4
                0x00000000100001cc                isr_irq16
                0x00000000100001cc                isr_irq29
                0x00000000100001cc                isr_irq26
                0x00000000100001cc                __default_isrs_end
                0x00000000100001cc                isr_irq3
                0x00000000100001cc                isr_irq12
                0x00000000100001cc                isr_irq9
                0x00000000100001d2                unhandled_user_irq_num_in_r0
 *(.binary_info_header)
 .binary_info_header
                0x00000000100001d4       0x14 CMakeFiles/hellschreiber.dir/home/mr/Dokumente/Projekte/pico/pico-sdk/src/rp2_common/pico_standard_link/crt0.S.obj
                0x00000000100001e8                __binary_info_header_end = .
 *(.reset)
 .reset         0x00000000100001e8       0xa8 CMakeFiles/hellschreiber.dir/home/mr/Dokumente/Projekte/pico/pico-sdk/src/rp2_common/pico_standard_link/crt0.S.obj
                0x00000000100001e8                _entry_point
                0x0000000010000266                __get_current_exception
 .reset         0x0000000010000290       0x30 CMakeFiles/hellschreiber.dir/home/mr/Dokumente/Projekte/pico/pico-sdk/src/rp2_common/pico_standard_link/binary_info.c.obj
 *(.init)
 .init          0x00000000100002c0        0x4 /usr/lib/gcc/arm-none-eabi/10.3.1/thumb/v6-m/nofp/crti.o
                0x00000000100002c0                _init
 *(EXCLUDE_FILE(*libm.a: *libc.a:*lib_a-mem*.o *libgcc.a:) .text*)
 .text          0x00000000100002c4       0x98 /usr/lib/gcc/arm-none-eabi/10.3.1/thumb/v6-m/nofp/crtbegin.o
 .text.main     0x000000001000035c       0x24 CMakeFiles/hellschreiber.dir/hellschreiber.c.obj
                0x000000001000035c                main
 .text.gpio_set_function
                0x0000000010000380       0x30 CMakeFiles/hellschreiber.dir/home/mr/Dokumente/Projekte/pico/pico-sdk/src/rp2_common/hardware_gpio/gpio.c.obj
                0x0000000010000380                gpio_set_function
 .text.gpio_set_drive_strength
                0x00000000100003b0       0x20 CMakeFiles/hellschreiber.dir/home/mr/Dokumente/Projekte/pico/pico-sdk/src/rp2_common/hardware_gpio/gpio.c.obj
                0x00000000100003b0                gpio_set_drive_strength
 .text.gpio_init
                0x00000000100003d0       0x16 CMakeFiles/hellschreiber.dir/home/mr/Dokumente/Projekte/pico/pico-sdk/src/rp2_common/hardware_gpio/gpio.c.obj
                0x00000000100003d0                gpio_init
 *fill*         0x00000000100003e6        0x2 
 .text.hw_claim_lock
                0x00000000100003e8       0x18 CMakeFiles/hellschreiber.dir/home/mr/Dokumente/Projekte/pico/pico-sdk/src/rp2_common/hardware_claim/claim.c.obj
                0x00000000100003e8                hw_claim_lock
 .text.hw_claim_unlock
                0x0000000010000400       0x14 CMakeFiles/hellschreiber.dir/home/mr/Dokumente/Projekte/pico/pico-sdk/src/rp2_common/hardware_claim/claim.c.obj
                0x0000000010000400                hw_claim_unlock
 .text.hw_claim_or_assert
                0x0000000010000414       0x32 CMakeFiles/hellschreiber.dir/home/mr/Dokumente/Projekte/pico/pico-sdk/src/rp2_common/hardware_claim/claim.c.obj
                0x0000000010000414                hw_claim_or_assert
 .text.hw_claim_unused_from_range
                0x0000000010000446       0x50 CMakeFiles/hellschreiber.dir/home/mr/Dokumente/Projekte/pico/pico-sdk/src/rp2_common/hardware_claim/claim.c.obj
                0x0000000010000446                hw_claim_unused_from_range
 *fill*         0x0000000010000496        0x2 
 .text.running_on_fpga
                0x0000000010000498       0x14 CMakeFiles/hellschreiber.dir/home/mr/Dokumente/Projekte/pico/pico-sdk/src/rp2_common/pico_platform/platform.c.obj
                0x0000000010000498                running_on_fpga
 .text.spin_locks_reset
                0x00000000100004ac       0x20 CMakeFiles/hellschreiber.dir/home/mr/Dokumente/Projekte/pico/pico-sdk/src/rp2_common/hardware_sync/sync.c.obj
                0x00000000100004ac                spin_locks_reset
 .text.next_striped_spin_lock_num
                0x00000000100004cc       0x1c CMakeFiles/hellschreiber.dir/home/mr/Dokumente/Projekte/pico/pico-sdk/src/rp2_common/hardware_sync/sync.c.obj
                0x00000000100004cc                next_striped_spin_lock_num
 .text.spin_lock_claim_unused
                0x00000000100004e8       0x20 CMakeFiles/hellschreiber.dir/home/mr/Dokumente/Projekte/pico/pico-sdk/src/rp2_common/hardware_sync/sync.c.obj
                0x00000000100004e8                spin_lock_claim_unused
 .text.set_raw_irq_handler_and_unlock
                0x0000000010000508       0x28 CMakeFiles/hellschreiber.dir/home/mr/Dokumente/Projekte/pico/pico-sdk/src/rp2_common/hardware_irq/irq.c.obj
 .text.make_branch
                0x0000000010000530       0x48 CMakeFiles/hellschreiber.dir/home/mr/Dokumente/Projekte/pico/pico-sdk/src/rp2_common/hardware_irq/irq.c.obj
 .text.insert_branch_and_link
                0x0000000010000578       0x40 CMakeFiles/hellschreiber.dir/home/mr/Dokumente/Projekte/pico/pico-sdk/src/rp2_common/hardware_irq/irq.c.obj
 .text.irq_is_enabled
                0x00000000100005b8       0x18 CMakeFiles/hellschreiber.dir/home/mr/Dokumente/Projekte/pico/pico-sdk/src/rp2_common/hardware_irq/irq.c.obj
                0x00000000100005b8                irq_is_enabled
 .text.irq_set_mask_enabled
                0x00000000100005d0       0x20 CMakeFiles/hellschreiber.dir/home/mr/Dokumente/Projekte/pico/pico-sdk/src/rp2_common/hardware_irq/irq.c.obj
                0x00000000100005d0                irq_set_mask_enabled
 .text.irq_set_enabled
                0x00000000100005f0        0xe CMakeFiles/hellschreiber.dir/home/mr/Dokumente/Projekte/pico/pico-sdk/src/rp2_common/hardware_irq/irq.c.obj
                0x00000000100005f0                irq_set_enabled
 *fill*         0x00000000100005fe        0x2 
 .text.irq_set_pending
                0x0000000010000600       0x10 CMakeFiles/hellschreiber.dir/home/mr/Dokumente/Projekte/pico/pico-sdk/src/rp2_common/hardware_irq/irq.c.obj
                0x0000000010000600                irq_set_pending
 .text.irq_get_vtable_handler
                0x0000000010000610       0x10 CMakeFiles/hellschreiber.dir/home/mr/Dokumente/Projekte/pico/pico-sdk/src/rp2_common/hardware_irq/irq.c.obj
                0x0000000010000610                irq_get_vtable_handler
 .text.irq_has_shared_handler
                0x0000000010000620       0x24 CMakeFiles/hellschreiber.dir/home/mr/Dokumente/Projekte/pico/pico-sdk/src/rp2_common/hardware_irq/irq.c.obj
                0x0000000010000620                irq_has_shared_handler
 .text.irq_set_exclusive_handler
                0x0000000010000644       0x54 CMakeFiles/hellschreiber.dir/home/mr/Dokumente/Projekte/pico/pico-sdk/src/rp2_common/hardware_irq/irq.c.obj
                0x0000000010000644                irq_set_exclusive_handler
 .text.irq_add_shared_handler
                0x0000000010000698      0x230 CMakeFiles/hellschreiber.dir/home/mr/Dokumente/Projekte/pico/pico-sdk/src/rp2_common/hardware_irq/irq.c.obj
                0x0000000010000698                irq_add_shared_handler
 .text.irq_remove_handler
                0x00000000100008c8      0x1a8 CMakeFiles/hellschreiber.dir/home/mr/Dokumente/Projekte/pico/pico-sdk/src/rp2_common/hardware_irq/irq.c.obj
                0x00000000100008c8                irq_remove_handler
 .text.irq_add_tail_to_free_list
                0x0000000010000a70       0xf0 CMakeFiles/hellschreiber.dir/home/mr/Dokumente/Projekte/pico/pico-sdk/src/rp2_common/hardware_irq/irq.c.obj
                0x0000000010000a70                irq_add_tail_to_free_list
 .text.irq_init_priorities
                0x0000000010000b60       0x1c CMakeFiles/hellschreiber.dir/home/mr/Dokumente/Projekte/pico/pico-sdk/src/rp2_common/hardware_irq/irq.c.obj
                0x0000000010000b60                irq_init_priorities
 .text.user_irq_claim_unused
                0x0000000010000b7c       0x30 CMakeFiles/hellschreiber.dir/home/mr/Dokumente/Projekte/pico/pico-sdk/src/rp2_common/hardware_irq/irq.c.obj
                0x0000000010000b7c                user_irq_claim_unused
 .text.lock_init
                0x0000000010000bac       0x10 CMakeFiles/hellschreiber.dir/home/mr/Dokumente/Projekte/pico/pico-sdk/src/common/pico_sync/lock_core.c.obj
                0x0000000010000bac                lock_init
 .text.alarm_pool_post_alloc_init
                0x0000000010000bbc       0x40 CMakeFiles/hellschreiber.dir/home/mr/Dokumente/Projekte/pico/pico-sdk/src/common/pico_time/time.c.obj
 .text.sleep_until_callback
                0x0000000010000bfc       0x30 CMakeFiles/hellschreiber.dir/home/mr/Dokumente/Projekte/pico/pico-sdk/src/common/pico_time/time.c.obj
 .text.timer_pool_entry_comparator
                0x0000000010000c2c       0x7c CMakeFiles/hellschreiber.dir/home/mr/Dokumente/Projekte/pico/pico-sdk/src/common/pico_time/time.c.obj
                0x0000000010000c2c                timer_pool_entry_comparator
 .text.ph_add_child_node
                0x0000000010000ca8       0xa4 CMakeFiles/hellschreiber.dir/home/mr/Dokumente/Projekte/pico/pico-sdk/src/common/pico_time/time.c.obj
 .text.ph_merge_nodes
                0x0000000010000d4c       0x3e CMakeFiles/hellschreiber.dir/home/mr/Dokumente/Projekte/pico/pico-sdk/src/common/pico_time/time.c.obj
 *fill*         0x0000000010000d8a        0x2 
 .text.add_alarm_under_lock
                0x0000000010000d8c      0x174 CMakeFiles/hellschreiber.dir/home/mr/Dokumente/Projekte/pico/pico-sdk/src/common/pico_time/time.c.obj
 .text.alarm_pool_alarm_callback
                0x0000000010000f00      0x328 CMakeFiles/hellschreiber.dir/home/mr/Dokumente/Projekte/pico/pico-sdk/src/common/pico_time/time.c.obj
 .text.alarm_pool_init_default
                0x0000000010001228       0x38 CMakeFiles/hellschreiber.dir/home/mr/Dokumente/Projekte/pico/pico-sdk/src/common/pico_time/time.c.obj
                0x0000000010001228                alarm_pool_init_default
 .text.alarm_pool_get_default
                0x0000000010001260       0x2c CMakeFiles/hellschreiber.dir/home/mr/Dokumente/Projekte/pico/pico-sdk/src/common/pico_time/time.c.obj
                0x0000000010001260                alarm_pool_get_default
 .text.alarm_pool_add_alarm_at
                0x000000001000128c      0x170 CMakeFiles/hellschreiber.dir/home/mr/Dokumente/Projekte/pico/pico-sdk/src/common/pico_time/time.c.obj
                0x000000001000128c                alarm_pool_add_alarm_at
 .text.alarm_pool_cancel_alarm
                0x00000000100013fc       0xf0 CMakeFiles/hellschreiber.dir/home/mr/Dokumente/Projekte/pico/pico-sdk/src/common/pico_time/time.c.obj
                0x00000000100013fc                alarm_pool_cancel_alarm
 .text.best_effort_wfe_or_timeout
                0x00000000100014ec       0x80 CMakeFiles/hellschreiber.dir/home/mr/Dokumente/Projekte/pico/pico-sdk/src/common/pico_time/time.c.obj
                0x00000000100014ec                best_effort_wfe_or_timeout
 .text.hardware_alarm_irq_handler
                0x000000001000156c       0x8c CMakeFiles/hellschreiber.dir/home/mr/Dokumente/Projekte/pico/pico-sdk/src/rp2_common/hardware_timer/timer.c.obj
 .text.hardware_alarm_claim
                0x00000000100015f8       0x18 CMakeFiles/hellschreiber.dir/home/mr/Dokumente/Projekte/pico/pico-sdk/src/rp2_common/hardware_timer/timer.c.obj
                0x00000000100015f8                hardware_alarm_claim
 .text.time_us_64
                0x0000000010001610       0x18 CMakeFiles/hellschreiber.dir/home/mr/Dokumente/Projekte/pico/pico-sdk/src/rp2_common/hardware_timer/timer.c.obj
                0x0000000010001610                time_us_64
 .text.busy_wait_until
                0x0000000010001628       0x28 CMakeFiles/hellschreiber.dir/home/mr/Dokumente/Projekte/pico/pico-sdk/src/rp2_common/hardware_timer/timer.c.obj
                0x0000000010001628                busy_wait_until
 .text.busy_wait_us
                0x0000000010001650       0x48 CMakeFiles/hellschreiber.dir/home/mr/Dokumente/Projekte/pico/pico-sdk/src/rp2_common/hardware_timer/timer.c.obj
                0x0000000010001650                busy_wait_us
 .text.hardware_alarm_set_callback
                0x0000000010001698       0x90 CMakeFiles/hellschreiber.dir/home/mr/Dokumente/Projekte/pico/pico-sdk/src/rp2_common/hardware_timer/timer.c.obj
                0x0000000010001698                hardware_alarm_set_callback
 .text.hardware_alarm_set_target
                0x0000000010001728       0xe8 CMakeFiles/hellschreiber.dir/home/mr/Dokumente/Projekte/pico/pico-sdk/src/rp2_common/hardware_timer/timer.c.obj
                0x0000000010001728                hardware_alarm_set_target
 .text.hardware_alarm_cancel
                0x0000000010001810       0x40 CMakeFiles/hellschreiber.dir/home/mr/Dokumente/Projekte/pico/pico-sdk/src/rp2_common/hardware_timer/timer.c.obj
                0x0000000010001810                hardware_alarm_cancel
 .text.ph_add_child_node
                0x0000000010001850       0xa4 CMakeFiles/hellschreiber.dir/home/mr/Dokumente/Projekte/pico/pico-sdk/src/common/pico_util/pheap.c.obj
 .text.ph_merge_nodes
                0x00000000100018f4       0x3e CMakeFiles/hellschreiber.dir/home/mr/Dokumente/Projekte/pico/pico-sdk/src/common/pico_util/pheap.c.obj
 *fill*         0x0000000010001932        0x2 
 .text.ph_clear
                0x0000000010001934       0x70 CMakeFiles/hellschreiber.dir/home/mr/Dokumente/Projekte/pico/pico-sdk/src/common/pico_util/pheap.c.obj
                0x0000000010001934                ph_clear
 .text.ph_post_alloc_init
                0x00000000100019a4        0xe CMakeFiles/hellschreiber.dir/home/mr/Dokumente/Projekte/pico/pico-sdk/src/common/pico_util/pheap.c.obj
                0x00000000100019a4                ph_post_alloc_init
 *fill*         0x00000000100019b2        0x2 
 .text.ph_merge_two_pass
                0x00000000100019b4       0xa8 CMakeFiles/hellschreiber.dir/home/mr/Dokumente/Projekte/pico/pico-sdk/src/common/pico_util/pheap.c.obj
                0x00000000100019b4                ph_merge_two_pass
 .text.ph_remove_any_head
                0x0000000010001a5c      0x108 CMakeFiles/hellschreiber.dir/home/mr/Dokumente/Projekte/pico/pico-sdk/src/common/pico_util/pheap.c.obj
 .text.ph_remove_head
                0x0000000010001b64       0x14 CMakeFiles/hellschreiber.dir/home/mr/Dokumente/Projekte/pico/pico-sdk/src/common/pico_util/pheap.c.obj
                0x0000000010001b64                ph_remove_head
 .text.ph_remove_and_free_node
                0x0000000010001b78       0xf8 CMakeFiles/hellschreiber.dir/home/mr/Dokumente/Projekte/pico/pico-sdk/src/common/pico_util/pheap.c.obj
                0x0000000010001b78                ph_remove_and_free_node
 .text.mutex_init
                0x0000000010001c70       0x1a CMakeFiles/hellschreiber.dir/home/mr/Dokumente/Projekte/pico/pico-sdk/src/common/pico_sync/mutex.c.obj
                0x0000000010001c70                mutex_init
 .text.recursive_mutex_init
                0x0000000010001c8a       0x1e CMakeFiles/hellschreiber.dir/home/mr/Dokumente/Projekte/pico/pico-sdk/src/common/pico_sync/mutex.c.obj
                0x0000000010001c8a                recursive_mutex_init
 .text.critical_section_init_with_lock_num
                0x0000000010001ca8       0x14 CMakeFiles/hellschreiber.dir/home/mr/Dokumente/Projekte/pico/pico-sdk/src/common/pico_sync/critical_section.c.obj
                0x0000000010001ca8                critical_section_init_with_lock_num
 .text.critical_section_init
                0x0000000010001cbc       0x14 CMakeFiles/hellschreiber.dir/home/mr/Dokumente/Projekte/pico/pico-sdk/src/common/pico_sync/critical_section.c.obj
                0x0000000010001cbc                critical_section_init
 .text.uart_set_baudrate
                0x0000000010001cd0       0x5c CMakeFiles/hellschreiber.dir/home/mr/Dokumente/Projekte/pico/pico-sdk/src/rp2_common/hardware_uart/uart.c.obj
                0x0000000010001cd0                uart_set_baudrate
 .text.uart_set_translate_crlf
                0x0000000010001d2c       0x28 CMakeFiles/hellschreiber.dir/home/mr/Dokumente/Projekte/pico/pico-sdk/src/rp2_common/hardware_uart/uart.c.obj
                0x0000000010001d2c                uart_set_translate_crlf
 .text.uart_init
                0x0000000010001d54       0x80 CMakeFiles/hellschreiber.dir/home/mr/Dokumente/Projekte/pico/pico-sdk/src/rp2_common/hardware_uart/uart.c.obj
                0x0000000010001d54                uart_init
 .text._exit    0x0000000010001dd4        0x4 CMakeFiles/hellschreiber.dir/home/mr/Dokumente/Projekte/pico/pico-sdk/src/rp2_common/pico_runtime/runtime.c.obj
                0x0000000010001dd4                _exit
 .text.exit     0x0000000010001dd8        0x6 CMakeFiles/hellschreiber.dir/home/mr/Dokumente/Projekte/pico/pico-sdk/src/rp2_common/pico_runtime/runtime.c.obj
                0x0000000010001dd8                exit
 *fill*         0x0000000010001dde        0x2 
 .text.__assert_func
                0x0000000010001de0       0x3c CMakeFiles/hellschreiber.dir/home/mr/Dokumente/Projekte/pico/pico-sdk/src/rp2_common/pico_runtime/runtime.c.obj
                0x0000000010001de0                __assert_func
 .text.runtime_init
                0x0000000010001e1c       0xf8 CMakeFiles/hellschreiber.dir/home/mr/Dokumente/Projekte/pico/pico-sdk/src/rp2_common/pico_runtime/runtime.c.obj
                0x0000000010001e1c                runtime_init
 .text.panic    0x0000000010001f14       0x30 CMakeFiles/hellschreiber.dir/home/mr/Dokumente/Projekte/pico/pico-sdk/src/rp2_common/pico_runtime/runtime.c.obj
                0x0000000010001f14                panic
 .text.clock_configure
                0x0000000010001f44      0x104 CMakeFiles/hellschreiber.dir/home/mr/Dokumente/Projekte/pico/pico-sdk/src/rp2_common/hardware_clocks/clocks.c.obj
                0x0000000010001f44                clock_configure
 .text.clocks_init
                0x0000000010002048      0x100 CMakeFiles/hellschreiber.dir/home/mr/Dokumente/Projekte/pico/pico-sdk/src/rp2_common/hardware_clocks/clocks.c.obj
                0x0000000010002048                clocks_init
 .text.clock_get_hz
                0x0000000010002148        0xc CMakeFiles/hellschreiber.dir/home/mr/Dokumente/Projekte/pico/pico-sdk/src/rp2_common/hardware_clocks/clocks.c.obj
                0x0000000010002148                clock_get_hz
 .text.pll_init
                0x0000000010002154      0x140 CMakeFiles/hellschreiber.dir/home/mr/Dokumente/Projekte/pico/pico-sdk/src/rp2_common/hardware_pll/pll.c.obj
                0x0000000010002154                pll_init
 .text.watchdog_start_tick
                0x0000000010002294       0x10 CMakeFiles/hellschreiber.dir/home/mr/Dokumente/Projekte/pico/pico-sdk/src/rp2_common/hardware_watchdog/watchdog.c.obj
                0x0000000010002294                watchdog_start_tick
 .text.watchdog_update
                0x00000000100022a4       0x14 CMakeFiles/hellschreiber.dir/home/mr/Dokumente/Projekte/pico/pico-sdk/src/rp2_common/hardware_watchdog/watchdog.c.obj
                0x00000000100022a4                watchdog_update
 .text._watchdog_enable
                0x00000000100022b8       0x78 CMakeFiles/hellschreiber.dir/home/mr/Dokumente/Projekte/pico/pico-sdk/src/rp2_common/hardware_watchdog/watchdog.c.obj
                0x00000000100022b8                _watchdog_enable
 .text.watchdog_reboot
                0x0000000010002330       0x48 CMakeFiles/hellschreiber.dir/home/mr/Dokumente/Projekte/pico/pico-sdk/src/rp2_common/hardware_watchdog/watchdog.c.obj
                0x0000000010002330                watchdog_reboot
 .text.xosc_init
                0x0000000010002378       0x28 CMakeFiles/hellschreiber.dir/home/mr/Dokumente/Projekte/pico/pico-sdk/src/rp2_common/hardware_xosc/xosc.c.obj
                0x0000000010002378                xosc_init
 .text._out_null
                0x00000000100023a0        0x2 CMakeFiles/hellschreiber.dir/home/mr/Dokumente/Projekte/pico/pico-sdk/src/rp2_common/pico_printf/printf.c.obj
 .text._out_fct
                0x00000000100023a2        0xe CMakeFiles/hellschreiber.dir/home/mr/Dokumente/Projekte/pico/pico-sdk/src/rp2_common/pico_printf/printf.c.obj
 .text._atoi    0x00000000100023b0       0x24 CMakeFiles/hellschreiber.dir/home/mr/Dokumente/Projekte/pico/pico-sdk/src/rp2_common/pico_printf/printf.c.obj
 .text._out_rev
                0x00000000100023d4       0xae CMakeFiles/hellschreiber.dir/home/mr/Dokumente/Projekte/pico/pico-sdk/src/rp2_common/pico_printf/printf.c.obj
 .text._ntoa_format
                0x0000000010002482      0x112 CMakeFiles/hellschreiber.dir/home/mr/Dokumente/Projekte/pico/pico-sdk/src/rp2_common/pico_printf/printf.c.obj
 .text._ntoa_long
                0x0000000010002594       0xbc CMakeFiles/hellschreiber.dir/home/mr/Dokumente/Projekte/pico/pico-sdk/src/rp2_common/pico_printf/printf.c.obj
 .text._ntoa_long_long
                0x0000000010002650       0xe2 CMakeFiles/hellschreiber.dir/home/mr/Dokumente/Projekte/pico/pico-sdk/src/rp2_common/pico_printf/printf.c.obj
 *fill*         0x0000000010002732        0x2 
 .text._etoa    0x0000000010002734      0x414 CMakeFiles/hellschreiber.dir/home/mr/Dokumente/Projekte/pico/pico-sdk/src/rp2_common/pico_printf/printf.c.obj
 .text._ftoa    0x0000000010002b48      0x354 CMakeFiles/hellschreiber.dir/home/mr/Dokumente/Projekte/pico/pico-sdk/src/rp2_common/pico_printf/printf.c.obj
 .text._vsnprintf
                0x0000000010002e9c      0x624 CMakeFiles/hellschreiber.dir/home/mr/Dokumente/Projekte/pico/pico-sdk/src/rp2_common/pico_printf/printf.c.obj
 .text.vfctprintf
                0x00000000100034c0       0x20 CMakeFiles/hellschreiber.dir/home/mr/Dokumente/Projekte/pico/pico-sdk/src/rp2_common/pico_printf/printf.c.obj
                0x00000000100034c0                vfctprintf
 .text          0x00000000100034e0       0x10 CMakeFiles/hellschreiber.dir/home/mr/Dokumente/Projekte/pico/pico-sdk/src/rp2_common/pico_bit_ops/bit_ops_aeabi.S.obj
 .text.rom_func_lookup
                0x00000000100034f0       0x10 CMakeFiles/hellschreiber.dir/home/mr/Dokumente/Projekte/pico/pico-sdk/src/rp2_common/pico_bootrom/bootrom.c.obj
                0x00000000100034f0                rom_func_lookup
 .text.rom_data_lookup
                0x0000000010003500       0x10 CMakeFiles/hellschreiber.dir/home/mr/Dokumente/Projekte/pico/pico-sdk/src/rp2_common/pico_bootrom/bootrom.c.obj
                0x0000000010003500                rom_data_lookup
 .text.rom_funcs_lookup
                0x0000000010003510       0x36 CMakeFiles/hellschreiber.dir/home/mr/Dokumente/Projekte/pico/pico-sdk/src/rp2_common/pico_bootrom/bootrom.c.obj
                0x0000000010003510                rom_funcs_lookup
 *fill*         0x0000000010003546        0x2 
 .text.__wrap___aeabi_idiv
                0x0000000010003548       0x50 CMakeFiles/hellschreiber.dir/home/mr/Dokumente/Projekte/pico/pico-sdk/src/rp2_common/pico_divider/divider.S.obj
                0x0000000010003548                __wrap___aeabi_idivmod
                0x0000000010003548                divmod_s32s32
                0x0000000010003548                div_s32s32
                0x0000000010003548                __wrap___aeabi_idiv
                0x0000000010003550                divmod_s32s32_unsafe
                0x000000001000357c                divmod_s32s32_savestate
 .text.__wrap___aeabi_uidiv
                0x0000000010003598       0x4c CMakeFiles/hellschreiber.dir/home/mr/Dokumente/Projekte/pico/pico-sdk/src/rp2_common/pico_divider/divider.S.obj
                0x0000000010003598                __wrap___aeabi_uidiv
                0x0000000010003598                __wrap___aeabi_uidivmod
                0x0000000010003598                div_u32u32
                0x0000000010003598                divmod_u32u32
                0x00000000100035a0                divmod_u32u32_unsafe
                0x00000000100035c8                divmod_u32u32_savestate
 .text.__wrap___aeabi_ldiv
                0x00000000100035e4      0x434 CMakeFiles/hellschreiber.dir/home/mr/Dokumente/Projekte/pico/pico-sdk/src/rp2_common/pico_divider/divider.S.obj
                0x00000000100035e4                div_s64s64
                0x00000000100035e4                divmod_s64s64
                0x00000000100035e4                __wrap___aeabi_ldivmod
                0x000000001000361c                div_u64u64
                0x000000001000361c                divmod_u64u64
                0x000000001000361c                __wrap___aeabi_uldivmod
                0x000000001000362c                divmod_u64u64_savestate
                0x0000000010003654                divmod_s64s64_unsafe
                0x00000000100036dc                divmod_u64u64_unsafe
 .text.__wrap___aeabi_darithmetic
                0x0000000010003a18       0x80 CMakeFiles/hellschreiber.dir/home/mr/Dokumente/Projekte/pico/pico-sdk/src/rp2_common/pico_double/double_aeabi.S.obj
                0x0000000010003a18                __wrap___aeabi_drsub
                0x0000000010003a1e                __wrap___aeabi_dsub
                0x0000000010003a30                __wrap___aeabi_dadd
                0x0000000010003a42                __wrap___aeabi_ddiv
                0x0000000010003a7e                __wrap___aeabi_dmul
 .text.__wrap___aeabi_cdcmple
                0x0000000010003a98       0x6c CMakeFiles/hellschreiber.dir/home/mr/Dokumente/Projekte/pico/pico-sdk/src/rp2_common/pico_double/double_aeabi.S.obj
                0x0000000010003a98                __wrap___aeabi_cdrcmple
                0x0000000010003aa8                __wrap___aeabi_cdcmple
                0x0000000010003aa8                __wrap___aeabi_cdcmpeq
 .text.__wrap___aeabi_dcmplt
                0x0000000010003b04        0xc CMakeFiles/hellschreiber.dir/home/mr/Dokumente/Projekte/pico/pico-sdk/src/rp2_common/pico_double/double_aeabi.S.obj
                0x0000000010003b04                __wrap___aeabi_dcmplt
 .text.__wrap___aeabi_dcmple
                0x0000000010003b10       0x10 CMakeFiles/hellschreiber.dir/home/mr/Dokumente/Projekte/pico/pico-sdk/src/rp2_common/pico_double/double_aeabi.S.obj
                0x0000000010003b10                __wrap___aeabi_dcmple
 .text.__wrap___aeabi_dcmpge
                0x0000000010003b20       0x10 CMakeFiles/hellschreiber.dir/home/mr/Dokumente/Projekte/pico/pico-sdk/src/rp2_common/pico_double/double_aeabi.S.obj
                0x0000000010003b20                __wrap___aeabi_dcmpge
 .text.__wrap___aeabi_dcmpgt
                0x0000000010003b30        0xa CMakeFiles/hellschreiber.dir/home/mr/Dokumente/Projekte/pico/pico-sdk/src/rp2_common/pico_double/double_aeabi.S.obj
                0x0000000010003b30                __wrap___aeabi_dcmpgt
 .text.__wrap___aeabi_dcmpun
                0x0000000010003b3a       0x1c CMakeFiles/hellschreiber.dir/home/mr/Dokumente/Projekte/pico/pico-sdk/src/rp2_common/pico_double/double_aeabi.S.obj
                0x0000000010003b3a                __wrap___aeabi_dcmpun
 *fill*         0x0000000010003b56        0x2 
 .text.__wrap___aeabi_i2d
                0x0000000010003b58       0x38 CMakeFiles/hellschreiber.dir/home/mr/Dokumente/Projekte/pico/pico-sdk/src/rp2_common/pico_double/double_aeabi.S.obj
                0x0000000010003b58                __wrap___aeabi_ui2d
                0x0000000010003b60                __wrap___aeabi_i2d
 .text.__wrap___aeabi_d2iz
                0x0000000010003b90       0x48 CMakeFiles/hellschreiber.dir/home/mr/Dokumente/Projekte/pico/pico-sdk/src/rp2_common/pico_double/double_aeabi.S.obj
                0x0000000010003b90                __wrap___aeabi_d2iz
                0x0000000010003b90                double2int_z
 .text.__wrap___aeabi_d2uiz
                0x0000000010003bd8       0x18 CMakeFiles/hellschreiber.dir/home/mr/Dokumente/Projekte/pico/pico-sdk/src/rp2_common/pico_double/double_aeabi.S.obj
                0x0000000010003bd8                double2uint
                0x0000000010003bd8                __wrap___aeabi_d2uiz
 .text.__aeabi_double_init
                0x0000000010003bf0       0xc8 CMakeFiles/hellschreiber.dir/home/mr/Dokumente/Projekte/pico/pico-sdk/src/rp2_common/pico_double/double_init_rom.c.obj
                0x0000000010003bf0                __aeabi_double_init
 .text.double_table_shim_on_use_helper
                0x0000000010003cb8       0x34 CMakeFiles/hellschreiber.dir/home/mr/Dokumente/Projekte/pico/pico-sdk/src/rp2_common/pico_double/double_v1_rom_shim.S.obj
                0x0000000010003cb8                double_table_shim_on_use_helper
 .text.__wrap___aeabi_dsub
                0x0000000010003cec       0x10 CMakeFiles/hellschreiber.dir/home/mr/Dokumente/Projekte/pico/pico-sdk/src/rp2_common/pico_double/double_v1_rom_shim.S.obj
                0x0000000010003cec                drsub_shim
                0x0000000010003cf2                dsub_shim
 .text.dadd_shim
                0x0000000010003cfc      0x15c CMakeFiles/hellschreiber.dir/home/mr/Dokumente/Projekte/pico/pico-sdk/src/rp2_common/pico_double/double_v1_rom_shim.S.obj
                0x0000000010003cfc                dadd_shim
 .text.dmul_shim
                0x0000000010003e58      0x15c CMakeFiles/hellschreiber.dir/home/mr/Dokumente/Projekte/pico/pico-sdk/src/rp2_common/pico_double/double_v1_rom_shim.S.obj
                0x0000000010003e58                dmul_shim
 .text.ddiv_shim
                0x0000000010003fb4      0x1b0 CMakeFiles/hellschreiber.dir/home/mr/Dokumente/Projekte/pico/pico-sdk/src/rp2_common/pico_double/double_v1_rom_shim.S.obj
                0x0000000010003fb4                ddiv_shim
 .text.double2uint_shim
                0x0000000010004164        0xe CMakeFiles/hellschreiber.dir/home/mr/Dokumente/Projekte/pico/pico-sdk/src/rp2_common/pico_double/double_v1_rom_shim.S.obj
                0x0000000010004164                double2uint_shim
                0x0000000010004166                double2ufix_shim
 *fill*         0x0000000010004172        0x2 
 .text.double2uint64_shim
                0x0000000010004174       0x70 CMakeFiles/hellschreiber.dir/home/mr/Dokumente/Projekte/pico/pico-sdk/src/rp2_common/pico_double/double_v1_rom_shim.S.obj
                0x0000000010004174                double2uint64_shim
                0x0000000010004176                double2ufix64_shim
                0x0000000010004196                d2fix_a
 .text.dunpacks
                0x00000000100041e4       0x3c CMakeFiles/hellschreiber.dir/home/mr/Dokumente/Projekte/pico/pico-sdk/src/rp2_common/pico_double/double_v1_rom_shim.S.obj
                0x00000000100041e4                dunpacks
 .text.__aeabi_lmul
                0x0000000010004220       0x32 CMakeFiles/hellschreiber.dir/home/mr/Dokumente/Projekte/pico/pico-sdk/src/rp2_common/pico_int64_ops/pico_int64_ops_aeabi.S.obj
                0x0000000010004220                __wrap___aeabi_lmul
 *fill*         0x0000000010004252        0x2 
 .text.__aeabi_float_init
                0x0000000010004254       0xfc CMakeFiles/hellschreiber.dir/home/mr/Dokumente/Projekte/pico/pico-sdk/src/rp2_common/pico_float/float_init_rom.c.obj
                0x0000000010004254                __aeabi_float_init
 .text.float_table_shim_on_use_helper
                0x0000000010004350       0x34 CMakeFiles/hellschreiber.dir/home/mr/Dokumente/Projekte/pico/pico-sdk/src/rp2_common/pico_float/float_v1_rom_shim.S.obj
                0x0000000010004350                float_table_shim_on_use_helper
 .text          0x0000000010004384       0x10 CMakeFiles/hellschreiber.dir/home/mr/Dokumente/Projekte/pico/pico-sdk/src/rp2_common/pico_mem_ops/mem_ops_aeabi.S.obj
                0x0000000010004384                __aeabi_mem_init
 .text.memset   0x0000000010004394        0xc CMakeFiles/hellschreiber.dir/home/mr/Dokumente/Projekte/pico/pico-sdk/src/rp2_common/pico_mem_ops/mem_ops_aeabi.S.obj
                0x0000000010004394                __wrap_memset
 .text.memcpy   0x00000000100043a0        0xc CMakeFiles/hellschreiber.dir/home/mr/Dokumente/Projekte/pico/pico-sdk/src/rp2_common/pico_mem_ops/mem_ops_aeabi.S.obj
                0x00000000100043a0                __wrap___aeabi_memcpy
                0x00000000100043a0                __wrap_memcpy
 .text.stdio_out_chars_no_crlf
                0x00000000100043ac        0xe CMakeFiles/hellschreiber.dir/home/mr/Dokumente/Projekte/pico/pico-sdk/src/rp2_common/pico_stdio/stdio.c.obj
 *fill*         0x00000000100043ba        0x2 
 .text.stdio_out_chars_crlf
                0x00000000100043bc       0x80 CMakeFiles/hellschreiber.dir/home/mr/Dokumente/Projekte/pico/pico-sdk/src/rp2_common/pico_stdio/stdio.c.obj
 .text.stdio_stack_buffer_flush
                0x000000001000443c       0x44 CMakeFiles/hellschreiber.dir/home/mr/Dokumente/Projekte/pico/pico-sdk/src/rp2_common/pico_stdio/stdio.c.obj
 .text.stdio_buffered_printer
                0x0000000010004480       0x20 CMakeFiles/hellschreiber.dir/home/mr/Dokumente/Projekte/pico/pico-sdk/src/rp2_common/pico_stdio/stdio.c.obj
 .text.stdout_serialize_begin
                0x00000000100044a0       0x30 CMakeFiles/hellschreiber.dir/home/mr/Dokumente/Projekte/pico/pico-sdk/src/rp2_common/pico_stdio/stdio.c.obj
                0x00000000100044a0                stdout_serialize_begin
 .text.stdout_serialize_end
                0x00000000100044d0       0x10 CMakeFiles/hellschreiber.dir/home/mr/Dokumente/Projekte/pico/pico-sdk/src/rp2_common/pico_stdio/stdio.c.obj
                0x00000000100044d0                stdout_serialize_end
 .text.stdio_put_string
                0x00000000100044e0       0x98 CMakeFiles/hellschreiber.dir/home/mr/Dokumente/Projekte/pico/pico-sdk/src/rp2_common/pico_stdio/stdio.c.obj
 .text.stdio_set_driver_enabled
                0x0000000010004578       0x2c CMakeFiles/hellschreiber.dir/home/mr/Dokumente/Projekte/pico/pico-sdk/src/rp2_common/pico_stdio/stdio.c.obj
                0x0000000010004578                stdio_set_driver_enabled
 .text.stdio_flush
                0x00000000100045a4       0x20 CMakeFiles/hellschreiber.dir/home/mr/Dokumente/Projekte/pico/pico-sdk/src/rp2_common/pico_stdio/stdio.c.obj
                0x00000000100045a4                stdio_flush
 .text.__wrap_puts
                0x00000000100045c4       0x1e CMakeFiles/hellschreiber.dir/home/mr/Dokumente/Projekte/pico/pico-sdk/src/rp2_common/pico_stdio/stdio.c.obj
                0x00000000100045c4                __wrap_puts
 *fill*         0x00000000100045e2        0x2 
 .text.__wrap_vprintf
                0x00000000100045e4       0x44 CMakeFiles/hellschreiber.dir/home/mr/Dokumente/Projekte/pico/pico-sdk/src/rp2_common/pico_stdio/stdio.c.obj
                0x00000000100045e4                __wrap_vprintf
 .text.__wrap_printf
                0x0000000010004628       0x18 CMakeFiles/hellschreiber.dir/home/mr/Dokumente/Projekte/pico/pico-sdk/src/rp2_common/pico_stdio/stdio.c.obj
                0x0000000010004628                __wrap_printf
 .text.stdio_init_all
                0x0000000010004640        0xc CMakeFiles/hellschreiber.dir/home/mr/Dokumente/Projekte/pico/pico-sdk/src/rp2_common/pico_stdio/stdio.c.obj
                0x0000000010004640                stdio_init_all
 .text.stdio_uart_out_chars
                0x000000001000464c       0x74 CMakeFiles/hellschreiber.dir/home/mr/Dokumente/Projekte/pico/pico-sdk/src/rp2_common/pico_stdio_uart/stdio_uart.c.obj
 .text.stdio_uart_in_chars
                0x00000000100046c0       0x58 CMakeFiles/hellschreiber.dir/home/mr/Dokumente/Projekte/pico/pico-sdk/src/rp2_common/pico_stdio_uart/stdio_uart.c.obj
                0x00000000100046c0                stdio_uart_in_chars
 .text.stdio_uart_init_full
                0x0000000010004718       0x3c CMakeFiles/hellschreiber.dir/home/mr/Dokumente/Projekte/pico/pico-sdk/src/rp2_common/pico_stdio_uart/stdio_uart.c.obj
                0x0000000010004718                stdio_uart_init_full
 .text.stdio_uart_init
                0x0000000010004754       0x28 CMakeFiles/hellschreiber.dir/home/mr/Dokumente/Projekte/pico/pico-sdk/src/rp2_common/pico_stdio_uart/stdio_uart.c.obj
                0x0000000010004754                stdio_uart_init
 .text.resetd_init
                0x000000001000477c        0x2 CMakeFiles/hellschreiber.dir/home/mr/Dokumente/Projekte/pico/pico-sdk/src/rp2_common/pico_stdio_usb/reset_interface.c.obj
 *fill*         0x000000001000477e        0x2 
 .text.resetd_reset
                0x0000000010004780        0xc CMakeFiles/hellschreiber.dir/home/mr/Dokumente/Projekte/pico/pico-sdk/src/rp2_common/pico_stdio_usb/reset_interface.c.obj
 .text.resetd_open
                0x000000001000478c       0x34 CMakeFiles/hellschreiber.dir/home/mr/Dokumente/Projekte/pico/pico-sdk/src/rp2_common/pico_stdio_usb/reset_interface.c.obj
 .text.resetd_xfer_cb
                0x00000000100047c0        0x4 CMakeFiles/hellschreiber.dir/home/mr/Dokumente/Projekte/pico/pico-sdk/src/rp2_common/pico_stdio_usb/reset_interface.c.obj
 .text.reset_usb_boot
                0x00000000100047c4       0x18 CMakeFiles/hellschreiber.dir/home/mr/Dokumente/Projekte/pico/pico-sdk/src/rp2_common/pico_stdio_usb/reset_interface.c.obj
 .text.resetd_control_xfer_cb
                0x00000000100047dc       0x5c CMakeFiles/hellschreiber.dir/home/mr/Dokumente/Projekte/pico/pico-sdk/src/rp2_common/pico_stdio_usb/reset_interface.c.obj
 .text.usbd_app_driver_get_cb
                0x0000000010004838        0xc CMakeFiles/hellschreiber.dir/home/mr/Dokumente/Projekte/pico/pico-sdk/src/rp2_common/pico_stdio_usb/reset_interface.c.obj
                0x0000000010004838                usbd_app_driver_get_cb
 .text.tud_cdc_line_coding_cb
                0x0000000010004844       0x28 CMakeFiles/hellschreiber.dir/home/mr/Dokumente/Projekte/pico/pico-sdk/src/rp2_common/pico_stdio_usb/reset_interface.c.obj
                0x0000000010004844                tud_cdc_line_coding_cb
 .text.stdio_usb_in_chars
                0x000000001000486c       0x70 CMakeFiles/hellschreiber.dir/home/mr/Dokumente/Projekte/pico/pico-sdk/src/rp2_common/pico_stdio_usb/stdio_usb.c.obj
                0x000000001000486c                stdio_usb_in_chars
 .text.low_priority_worker_irq
                0x00000000100048dc       0x20 CMakeFiles/hellschreiber.dir/home/mr/Dokumente/Projekte/pico/pico-sdk/src/rp2_common/pico_stdio_usb/stdio_usb.c.obj
 .text.stdio_usb_out_chars
                0x00000000100048fc       0xd4 CMakeFiles/hellschreiber.dir/home/mr/Dokumente/Projekte/pico/pico-sdk/src/rp2_common/pico_stdio_usb/stdio_usb.c.obj
 .text.timer_task
                0x00000000100049d0       0x40 CMakeFiles/hellschreiber.dir/home/mr/Dokumente/Projekte/pico/pico-sdk/src/rp2_common/pico_stdio_usb/stdio_usb.c.obj
 .text.usb_irq  0x0000000010004a10       0x10 CMakeFiles/hellschreiber.dir/home/mr/Dokumente/Projekte/pico/pico-sdk/src/rp2_common/pico_stdio_usb/stdio_usb.c.obj
 .text.stdio_usb_init
                0x0000000010004a20       0xec CMakeFiles/hellschreiber.dir/home/mr/Dokumente/Projekte/pico/pico-sdk/src/rp2_common/pico_stdio_usb/stdio_usb.c.obj
                0x0000000010004a20                stdio_usb_init
 .text.tud_descriptor_device_cb
                0x0000000010004b0c        0x8 CMakeFiles/hellschreiber.dir/home/mr/Dokumente/Projekte/pico/pico-sdk/src/rp2_common/pico_stdio_usb/stdio_usb_descriptors.c.obj
                0x0000000010004b0c                tud_descriptor_device_cb
 .text.tud_descriptor_configuration_cb
                0x0000000010004b14        0x8 CMakeFiles/hellschreiber.dir/home/mr/Dokumente/Projekte/pico/pico-sdk/src/rp2_common/pico_stdio_usb/stdio_usb_descriptors.c.obj
                0x0000000010004b14                tud_descriptor_configuration_cb
 .text.tud_descriptor_string_cb
                0x0000000010004b1c       0x6c CMakeFiles/hellschreiber.dir/home/mr/Dokumente/Projekte/pico/pico-sdk/src/rp2_common/pico_stdio_usb/stdio_usb_descriptors.c.obj
                0x0000000010004b1c                tud_descriptor_string_cb
 .text.hw_endpoint_get_by_addr
                0x0000000010004b88       0x18 CMakeFiles/hellschreiber.dir/home/mr/Dokumente/Projekte/pico/pico-sdk/lib/tinyusb/src/portable/raspberrypi/rp2040/dcd_rp2040.c.obj
 .text.reset_ep0_pid
                0x0000000010004ba0       0x28 CMakeFiles/hellschreiber.dir/home/mr/Dokumente/Projekte/pico/pico-sdk/lib/tinyusb/src/portable/raspberrypi/rp2040/dcd_rp2040.c.obj
 .text._hw_endpoint_alloc
                0x0000000010004bc8       0x70 CMakeFiles/hellschreiber.dir/home/mr/Dokumente/Projekte/pico/pico-sdk/lib/tinyusb/src/portable/raspberrypi/rp2040/dcd_rp2040.c.obj
 .text.hw_endpoint_init
                0x0000000010004c38       0x88 CMakeFiles/hellschreiber.dir/home/mr/Dokumente/Projekte/pico/pico-sdk/lib/tinyusb/src/portable/raspberrypi/rp2040/dcd_rp2040.c.obj
 .text.reset_non_control_endpoints
                0x0000000010004cc0       0x40 CMakeFiles/hellschreiber.dir/home/mr/Dokumente/Projekte/pico/pico-sdk/lib/tinyusb/src/portable/raspberrypi/rp2040/dcd_rp2040.c.obj
 .text.hw_handle_buff_status
                0x0000000010004d00       0x8c CMakeFiles/hellschreiber.dir/home/mr/Dokumente/Projekte/pico/pico-sdk/lib/tinyusb/src/portable/raspberrypi/rp2040/dcd_rp2040.c.obj
 .text.dcd_rp2040_irq
                0x0000000010004d8c       0xc0 CMakeFiles/hellschreiber.dir/home/mr/Dokumente/Projekte/pico/pico-sdk/lib/tinyusb/src/portable/raspberrypi/rp2040/dcd_rp2040.c.obj
 .text.hw_endpoint_xfer
                0x0000000010004e4c       0x14 CMakeFiles/hellschreiber.dir/home/mr/Dokumente/Projekte/pico/pico-sdk/lib/tinyusb/src/portable/raspberrypi/rp2040/dcd_rp2040.c.obj
 .text.dcd_int_enable
                0x0000000010004e60       0x2c CMakeFiles/hellschreiber.dir/home/mr/Dokumente/Projekte/pico/pico-sdk/lib/tinyusb/src/portable/raspberrypi/rp2040/dcd_rp2040.c.obj
                0x0000000010004e60                dcd_int_enable
 .text.dcd_set_address
                0x0000000010004e8c       0x2c CMakeFiles/hellschreiber.dir/home/mr/Dokumente/Projekte/pico/pico-sdk/lib/tinyusb/src/portable/raspberrypi/rp2040/dcd_rp2040.c.obj
                0x0000000010004e8c                dcd_set_address
 .text.dcd_connect
                0x0000000010004eb8       0x10 CMakeFiles/hellschreiber.dir/home/mr/Dokumente/Projekte/pico/pico-sdk/lib/tinyusb/src/portable/raspberrypi/rp2040/dcd_rp2040.c.obj
                0x0000000010004eb8                dcd_connect
 .text.dcd_init
                0x0000000010004ec8       0x7c CMakeFiles/hellschreiber.dir/home/mr/Dokumente/Projekte/pico/pico-sdk/lib/tinyusb/src/portable/raspberrypi/rp2040/dcd_rp2040.c.obj
                0x0000000010004ec8                dcd_init
 .text.dcd_edpt0_status_complete
                0x0000000010004f44       0x1c CMakeFiles/hellschreiber.dir/home/mr/Dokumente/Projekte/pico/pico-sdk/lib/tinyusb/src/portable/raspberrypi/rp2040/dcd_rp2040.c.obj
                0x0000000010004f44                dcd_edpt0_status_complete
 .text.dcd_edpt_open
                0x0000000010004f60       0x40 CMakeFiles/hellschreiber.dir/home/mr/Dokumente/Projekte/pico/pico-sdk/lib/tinyusb/src/portable/raspberrypi/rp2040/dcd_rp2040.c.obj
                0x0000000010004f60                dcd_edpt_open
 .text.dcd_edpt_close_all
                0x0000000010004fa0        0x8 CMakeFiles/hellschreiber.dir/home/mr/Dokumente/Projekte/pico/pico-sdk/lib/tinyusb/src/portable/raspberrypi/rp2040/dcd_rp2040.c.obj
                0x0000000010004fa0                dcd_edpt_close_all
 .text.dcd_edpt_xfer
                0x0000000010004fa8       0x30 CMakeFiles/hellschreiber.dir/home/mr/Dokumente/Projekte/pico/pico-sdk/lib/tinyusb/src/portable/raspberrypi/rp2040/dcd_rp2040.c.obj
                0x0000000010004fa8                dcd_edpt_xfer
 .text.dcd_edpt_stall
                0x0000000010004fd8       0x2c CMakeFiles/hellschreiber.dir/home/mr/Dokumente/Projekte/pico/pico-sdk/lib/tinyusb/src/portable/raspberrypi/rp2040/dcd_rp2040.c.obj
                0x0000000010004fd8                dcd_edpt_stall
 .text.dcd_edpt_clear_stall
                0x0000000010005004       0x20 CMakeFiles/hellschreiber.dir/home/mr/Dokumente/Projekte/pico/pico-sdk/lib/tinyusb/src/portable/raspberrypi/rp2040/dcd_rp2040.c.obj
                0x0000000010005004                dcd_edpt_clear_stall
 .text.prepare_ep_buffer
                0x0000000010005024       0x70 CMakeFiles/hellschreiber.dir/home/mr/Dokumente/Projekte/pico/pico-sdk/lib/tinyusb/src/portable/raspberrypi/rp2040/rp2040_usb.c.obj
 .text.sync_ep_buffer
                0x0000000010005094       0x7c CMakeFiles/hellschreiber.dir/home/mr/Dokumente/Projekte/pico/pico-sdk/lib/tinyusb/src/portable/raspberrypi/rp2040/rp2040_usb.c.obj
 .text._hw_endpoint_xfer_sync
                0x0000000010005110       0x28 CMakeFiles/hellschreiber.dir/home/mr/Dokumente/Projekte/pico/pico-sdk/lib/tinyusb/src/portable/raspberrypi/rp2040/rp2040_usb.c.obj
 .text.rp2040_usb_init
                0x0000000010005138       0x4c CMakeFiles/hellschreiber.dir/home/mr/Dokumente/Projekte/pico/pico-sdk/lib/tinyusb/src/portable/raspberrypi/rp2040/rp2040_usb.c.obj
                0x0000000010005138                rp2040_usb_init
 .text.hw_endpoint_reset_transfer
                0x0000000010005184        0xc CMakeFiles/hellschreiber.dir/home/mr/Dokumente/Projekte/pico/pico-sdk/lib/tinyusb/src/portable/raspberrypi/rp2040/rp2040_usb.c.obj
                0x0000000010005184                hw_endpoint_reset_transfer
 .text._hw_endpoint_buffer_control_update32
                0x0000000010005190       0x58 CMakeFiles/hellschreiber.dir/home/mr/Dokumente/Projekte/pico/pico-sdk/lib/tinyusb/src/portable/raspberrypi/rp2040/rp2040_usb.c.obj
                0x0000000010005190                _hw_endpoint_buffer_control_update32
 .text._hw_endpoint_start_next_buffer
                0x00000000100051e8       0x74 CMakeFiles/hellschreiber.dir/home/mr/Dokumente/Projekte/pico/pico-sdk/lib/tinyusb/src/portable/raspberrypi/rp2040/rp2040_usb.c.obj
 .text.hw_endpoint_xfer_start
                0x000000001000525c       0x48 CMakeFiles/hellschreiber.dir/home/mr/Dokumente/Projekte/pico/pico-sdk/lib/tinyusb/src/portable/raspberrypi/rp2040/rp2040_usb.c.obj
                0x000000001000525c                hw_endpoint_xfer_start
 .text.hw_endpoint_xfer_continue
                0x00000000100052a4       0x38 CMakeFiles/hellschreiber.dir/home/mr/Dokumente/Projekte/pico/pico-sdk/lib/tinyusb/src/portable/raspberrypi/rp2040/rp2040_usb.c.obj
                0x00000000100052a4                hw_endpoint_xfer_continue
 .text.configuration_reset
                0x00000000100052dc       0x84 CMakeFiles/hellschreiber.dir/home/mr/Dokumente/Projekte/pico/pico-sdk/lib/tinyusb/src/device/usbd.c.obj
 .text.usbd_reset
                0x0000000010005360        0xc CMakeFiles/hellschreiber.dir/home/mr/Dokumente/Projekte/pico/pico-sdk/lib/tinyusb/src/device/usbd.c.obj
 .text.invoke_class_control
                0x000000001000536c       0x1a CMakeFiles/hellschreiber.dir/home/mr/Dokumente/Projekte/pico/pico-sdk/lib/tinyusb/src/device/usbd.c.obj
 *fill*         0x0000000010005386        0x2 
 .text.process_set_config
                0x0000000010005388      0x1b0 CMakeFiles/hellschreiber.dir/home/mr/Dokumente/Projekte/pico/pico-sdk/lib/tinyusb/src/device/usbd.c.obj
 .text.process_get_descriptor
                0x0000000010005538       0xec CMakeFiles/hellschreiber.dir/home/mr/Dokumente/Projekte/pico/pico-sdk/lib/tinyusb/src/device/usbd.c.obj
 .text.tud_mounted
                0x0000000010005624       0x10 CMakeFiles/hellschreiber.dir/home/mr/Dokumente/Projekte/pico/pico-sdk/lib/tinyusb/src/device/usbd.c.obj
                0x0000000010005624                tud_mounted
 .text.tud_suspended
                0x0000000010005634       0x10 CMakeFiles/hellschreiber.dir/home/mr/Dokumente/Projekte/pico/pico-sdk/lib/tinyusb/src/device/usbd.c.obj
                0x0000000010005634                tud_suspended
 .text.tud_inited
                0x0000000010005644        0xc CMakeFiles/hellschreiber.dir/home/mr/Dokumente/Projekte/pico/pico-sdk/lib/tinyusb/src/device/usbd.c.obj
                0x0000000010005644                tud_inited
 .text.tud_init
                0x0000000010005650       0xcc CMakeFiles/hellschreiber.dir/home/mr/Dokumente/Projekte/pico/pico-sdk/lib/tinyusb/src/device/usbd.c.obj
                0x0000000010005650                tud_init
 .text.dcd_event_handler
                0x000000001000571c      0x1e0 CMakeFiles/hellschreiber.dir/home/mr/Dokumente/Projekte/pico/pico-sdk/lib/tinyusb/src/device/usbd.c.obj
                0x000000001000571c                dcd_event_handler
 .text.dcd_event_bus_signal
                0x00000000100058fc       0x26 CMakeFiles/hellschreiber.dir/home/mr/Dokumente/Projekte/pico/pico-sdk/lib/tinyusb/src/device/usbd.c.obj
                0x00000000100058fc                dcd_event_bus_signal
 .text.dcd_event_bus_reset
                0x0000000010005922       0x2a CMakeFiles/hellschreiber.dir/home/mr/Dokumente/Projekte/pico/pico-sdk/lib/tinyusb/src/device/usbd.c.obj
                0x0000000010005922                dcd_event_bus_reset
 .text.dcd_event_setup_received
                0x000000001000594c       0x34 CMakeFiles/hellschreiber.dir/home/mr/Dokumente/Projekte/pico/pico-sdk/lib/tinyusb/src/device/usbd.c.obj
                0x000000001000594c                dcd_event_setup_received
 .text.dcd_event_xfer_complete
                0x0000000010005980       0x44 CMakeFiles/hellschreiber.dir/home/mr/Dokumente/Projekte/pico/pico-sdk/lib/tinyusb/src/device/usbd.c.obj
                0x0000000010005980                dcd_event_xfer_complete
 .text.usbd_edpt_open
                0x00000000100059c4       0x58 CMakeFiles/hellschreiber.dir/home/mr/Dokumente/Projekte/pico/pico-sdk/lib/tinyusb/src/device/usbd.c.obj
                0x00000000100059c4                usbd_edpt_open
 .text.usbd_open_edpt_pair
                0x0000000010005a1c       0x8c CMakeFiles/hellschreiber.dir/home/mr/Dokumente/Projekte/pico/pico-sdk/lib/tinyusb/src/device/usbd.c.obj
                0x0000000010005a1c                usbd_open_edpt_pair
 .text.usbd_edpt_claim
                0x0000000010005aa8       0x8c CMakeFiles/hellschreiber.dir/home/mr/Dokumente/Projekte/pico/pico-sdk/lib/tinyusb/src/device/usbd.c.obj
                0x0000000010005aa8                usbd_edpt_claim
 .text.usbd_edpt_release
                0x0000000010005b34       0x68 CMakeFiles/hellschreiber.dir/home/mr/Dokumente/Projekte/pico/pico-sdk/lib/tinyusb/src/device/usbd.c.obj
                0x0000000010005b34                usbd_edpt_release
 .text.usbd_edpt_xfer
                0x0000000010005b9c       0x80 CMakeFiles/hellschreiber.dir/home/mr/Dokumente/Projekte/pico/pico-sdk/lib/tinyusb/src/device/usbd.c.obj
                0x0000000010005b9c                usbd_edpt_xfer
 .text.usbd_edpt_stall
                0x0000000010005c1c       0x40 CMakeFiles/hellschreiber.dir/home/mr/Dokumente/Projekte/pico/pico-sdk/lib/tinyusb/src/device/usbd.c.obj
                0x0000000010005c1c                usbd_edpt_stall
 .text.usbd_edpt_clear_stall
                0x0000000010005c5c       0x40 CMakeFiles/hellschreiber.dir/home/mr/Dokumente/Projekte/pico/pico-sdk/lib/tinyusb/src/device/usbd.c.obj
                0x0000000010005c5c                usbd_edpt_clear_stall
 .text.usbd_edpt_stalled
                0x0000000010005c9c       0x1c CMakeFiles/hellschreiber.dir/home/mr/Dokumente/Projekte/pico/pico-sdk/lib/tinyusb/src/device/usbd.c.obj
                0x0000000010005c9c                usbd_edpt_stalled
 .text.process_control_request
                0x0000000010005cb8      0x3b8 CMakeFiles/hellschreiber.dir/home/mr/Dokumente/Projekte/pico/pico-sdk/lib/tinyusb/src/device/usbd.c.obj
 .text.tud_task
                0x0000000010006070      0x218 CMakeFiles/hellschreiber.dir/home/mr/Dokumente/Projekte/pico/pico-sdk/lib/tinyusb/src/device/usbd.c.obj
                0x0000000010006070                tud_task
 .text._data_stage_xact
                0x0000000010006288       0x58 CMakeFiles/hellschreiber.dir/home/mr/Dokumente/Projekte/pico/pico-sdk/lib/tinyusb/src/device/usbd_control.c.obj
 .text.tud_control_status
                0x00000000100062e0       0x38 CMakeFiles/hellschreiber.dir/home/mr/Dokumente/Projekte/pico/pico-sdk/lib/tinyusb/src/device/usbd_control.c.obj
                0x00000000100062e0                tud_control_status
 .text.tud_control_xfer
                0x0000000010006318       0xa8 CMakeFiles/hellschreiber.dir/home/mr/Dokumente/Projekte/pico/pico-sdk/lib/tinyusb/src/device/usbd_control.c.obj
                0x0000000010006318                tud_control_xfer
 .text.usbd_control_reset
                0x00000000100063c0       0x14 CMakeFiles/hellschreiber.dir/home/mr/Dokumente/Projekte/pico/pico-sdk/lib/tinyusb/src/device/usbd_control.c.obj
                0x00000000100063c0                usbd_control_reset
 .text.usbd_control_set_complete_callback
                0x00000000100063d4        0xc CMakeFiles/hellschreiber.dir/home/mr/Dokumente/Projekte/pico/pico-sdk/lib/tinyusb/src/device/usbd_control.c.obj
                0x00000000100063d4                usbd_control_set_complete_callback
 .text.usbd_control_set_request
                0x00000000100063e0       0x1c CMakeFiles/hellschreiber.dir/home/mr/Dokumente/Projekte/pico/pico-sdk/lib/tinyusb/src/device/usbd_control.c.obj
                0x00000000100063e0                usbd_control_set_request
 .text.usbd_control_xfer_cb
                0x00000000100063fc       0xfc CMakeFiles/hellschreiber.dir/home/mr/Dokumente/Projekte/pico/pico-sdk/lib/tinyusb/src/device/usbd_control.c.obj
                0x00000000100063fc                usbd_control_xfer_cb
 .text._prep_out_transaction
                0x00000000100064f8       0x46 CMakeFiles/hellschreiber.dir/home/mr/Dokumente/Projekte/pico/pico-sdk/lib/tinyusb/src/class/cdc/cdc_device.c.obj
 *fill*         0x000000001000653e        0x2 
 .text.tud_cdc_n_connected
                0x0000000010006540       0x44 CMakeFiles/hellschreiber.dir/home/mr/Dokumente/Projekte/pico/pico-sdk/lib/tinyusb/src/class/cdc/cdc_device.c.obj
                0x0000000010006540                tud_cdc_n_connected
 .text.tud_cdc_n_available
                0x0000000010006584       0x18 CMakeFiles/hellschreiber.dir/home/mr/Dokumente/Projekte/pico/pico-sdk/lib/tinyusb/src/class/cdc/cdc_device.c.obj
                0x0000000010006584                tud_cdc_n_available
 .text.tud_cdc_n_read
                0x000000001000659c       0x28 CMakeFiles/hellschreiber.dir/home/mr/Dokumente/Projekte/pico/pico-sdk/lib/tinyusb/src/class/cdc/cdc_device.c.obj
                0x000000001000659c                tud_cdc_n_read
 .text.tud_cdc_n_write_flush
                0x00000000100065c4       0xcc CMakeFiles/hellschreiber.dir/home/mr/Dokumente/Projekte/pico/pico-sdk/lib/tinyusb/src/class/cdc/cdc_device.c.obj
                0x00000000100065c4                tud_cdc_n_write_flush
 .text.tud_cdc_n_write
                0x0000000010006690       0x38 CMakeFiles/hellschreiber.dir/home/mr/Dokumente/Projekte/pico/pico-sdk/lib/tinyusb/src/class/cdc/cdc_device.c.obj
                0x0000000010006690                tud_cdc_n_write
 .text.tud_cdc_n_write_available
                0x00000000100066c8       0x1c CMakeFiles/hellschreiber.dir/home/mr/Dokumente/Projekte/pico/pico-sdk/lib/tinyusb/src/class/cdc/cdc_device.c.obj
                0x00000000100066c8                tud_cdc_n_write_available
 .text.cdcd_init
                0x00000000100066e4       0xbc CMakeFiles/hellschreiber.dir/home/mr/Dokumente/Projekte/pico/pico-sdk/lib/tinyusb/src/class/cdc/cdc_device.c.obj
                0x00000000100066e4                cdcd_init
 .text.cdcd_reset
                0x00000000100067a0       0x44 CMakeFiles/hellschreiber.dir/home/mr/Dokumente/Projekte/pico/pico-sdk/lib/tinyusb/src/class/cdc/cdc_device.c.obj
                0x00000000100067a0                cdcd_reset
 .text.cdcd_open
                0x00000000100067e4       0xf8 CMakeFiles/hellschreiber.dir/home/mr/Dokumente/Projekte/pico/pico-sdk/lib/tinyusb/src/class/cdc/cdc_device.c.obj
                0x00000000100067e4                cdcd_open
 .text.cdcd_control_xfer_cb
                0x00000000100068dc      0x134 CMakeFiles/hellschreiber.dir/home/mr/Dokumente/Projekte/pico/pico-sdk/lib/tinyusb/src/class/cdc/cdc_device.c.obj
                0x00000000100068dc                cdcd_control_xfer_cb
 .text.cdcd_xfer_cb
                0x0000000010006a10      0x144 CMakeFiles/hellschreiber.dir/home/mr/Dokumente/Projekte/pico/pico-sdk/lib/tinyusb/src/class/cdc/cdc_device.c.obj
                0x0000000010006a10                cdcd_xfer_cb
 .text.tusb_init
                0x0000000010006b54       0x24 CMakeFiles/hellschreiber.dir/home/mr/Dokumente/Projekte/pico/pico-sdk/lib/tinyusb/src/tusb.c.obj
                0x0000000010006b54                tusb_init
 .text.tusb_inited
                0x0000000010006b78        0xe CMakeFiles/hellschreiber.dir/home/mr/Dokumente/Projekte/pico/pico-sdk/lib/tinyusb/src/tusb.c.obj
                0x0000000010006b78                tusb_inited
 *fill*         0x0000000010006b86        0x2 
 .text.tu_edpt_validate
                0x0000000010006b88       0xa8 CMakeFiles/hellschreiber.dir/home/mr/Dokumente/Projekte/pico/pico-sdk/lib/tinyusb/src/tusb.c.obj
                0x0000000010006b88                tu_edpt_validate
 .text.tu_edpt_bind_driver
                0x0000000010006c30       0x2a CMakeFiles/hellschreiber.dir/home/mr/Dokumente/Projekte/pico/pico-sdk/lib/tinyusb/src/tusb.c.obj
                0x0000000010006c30                tu_edpt_bind_driver
 .text.advance_pointer
                0x0000000010006c5a       0x18 CMakeFiles/hellschreiber.dir/home/mr/Dokumente/Projekte/pico/pico-sdk/lib/tinyusb/src/common/tusb_fifo.c.obj
 .text.backward_pointer
                0x0000000010006c72       0x1e CMakeFiles/hellschreiber.dir/home/mr/Dokumente/Projekte/pico/pico-sdk/lib/tinyusb/src/common/tusb_fifo.c.obj
 .text.get_relative_pointer
                0x0000000010006c90       0x10 CMakeFiles/hellschreiber.dir/home/mr/Dokumente/Projekte/pico/pico-sdk/lib/tinyusb/src/common/tusb_fifo.c.obj
 .text._tu_fifo_peek
                0x0000000010006ca0       0x50 CMakeFiles/hellschreiber.dir/home/mr/Dokumente/Projekte/pico/pico-sdk/lib/tinyusb/src/common/tusb_fifo.c.obj
 .text._ff_pull_const_addr
                0x0000000010006cf0       0x4c CMakeFiles/hellschreiber.dir/home/mr/Dokumente/Projekte/pico/pico-sdk/lib/tinyusb/src/common/tusb_fifo.c.obj
 .text._ff_pull_n
                0x0000000010006d3c      0x10c CMakeFiles/hellschreiber.dir/home/mr/Dokumente/Projekte/pico/pico-sdk/lib/tinyusb/src/common/tusb_fifo.c.obj
 .text._tu_fifo_peek_n
                0x0000000010006e48       0x5e CMakeFiles/hellschreiber.dir/home/mr/Dokumente/Projekte/pico/pico-sdk/lib/tinyusb/src/common/tusb_fifo.c.obj
 .text._tu_fifo_read_n
                0x0000000010006ea6       0x4e CMakeFiles/hellschreiber.dir/home/mr/Dokumente/Projekte/pico/pico-sdk/lib/tinyusb/src/common/tusb_fifo.c.obj
 .text._ff_push_const_addr
                0x0000000010006ef4       0x40 CMakeFiles/hellschreiber.dir/home/mr/Dokumente/Projekte/pico/pico-sdk/lib/tinyusb/src/common/tusb_fifo.c.obj
 .text._ff_push_n
                0x0000000010006f34      0x108 CMakeFiles/hellschreiber.dir/home/mr/Dokumente/Projekte/pico/pico-sdk/lib/tinyusb/src/common/tusb_fifo.c.obj
 .text._tu_fifo_write_n
                0x000000001000703c       0x9e CMakeFiles/hellschreiber.dir/home/mr/Dokumente/Projekte/pico/pico-sdk/lib/tinyusb/src/common/tusb_fifo.c.obj
 .text.tu_fifo_config
                0x00000000100070da       0x72 CMakeFiles/hellschreiber.dir/home/mr/Dokumente/Projekte/pico/pico-sdk/lib/tinyusb/src/common/tusb_fifo.c.obj
                0x00000000100070da                tu_fifo_config
 .text.tu_fifo_count
                0x000000001000714c       0x26 CMakeFiles/hellschreiber.dir/home/mr/Dokumente/Projekte/pico/pico-sdk/lib/tinyusb/src/common/tusb_fifo.c.obj
                0x000000001000714c                tu_fifo_count
 .text.tu_fifo_empty
                0x0000000010007172       0x10 CMakeFiles/hellschreiber.dir/home/mr/Dokumente/Projekte/pico/pico-sdk/lib/tinyusb/src/common/tusb_fifo.c.obj
                0x0000000010007172                tu_fifo_empty
 .text.tu_fifo_remaining
                0x0000000010007182       0x20 CMakeFiles/hellschreiber.dir/home/mr/Dokumente/Projekte/pico/pico-sdk/lib/tinyusb/src/common/tusb_fifo.c.obj
                0x0000000010007182                tu_fifo_remaining
 .text.tu_fifo_read
                0x00000000100071a2       0x42 CMakeFiles/hellschreiber.dir/home/mr/Dokumente/Projekte/pico/pico-sdk/lib/tinyusb/src/common/tusb_fifo.c.obj
                0x00000000100071a2                tu_fifo_read
 .text.tu_fifo_read_n
                0x00000000100071e4        0xa CMakeFiles/hellschreiber.dir/home/mr/Dokumente/Projekte/pico/pico-sdk/lib/tinyusb/src/common/tusb_fifo.c.obj
                0x00000000100071e4                tu_fifo_read_n
 .text.tu_fifo_write
                0x00000000100071ee       0x6c CMakeFiles/hellschreiber.dir/home/mr/Dokumente/Projekte/pico/pico-sdk/lib/tinyusb/src/common/tusb_fifo.c.obj
                0x00000000100071ee                tu_fifo_write
 .text.tu_fifo_write_n
                0x000000001000725a        0xa CMakeFiles/hellschreiber.dir/home/mr/Dokumente/Projekte/pico/pico-sdk/lib/tinyusb/src/common/tusb_fifo.c.obj
                0x000000001000725a                tu_fifo_write_n
 .text.tu_fifo_clear
                0x0000000010007264       0x4c CMakeFiles/hellschreiber.dir/home/mr/Dokumente/Projekte/pico/pico-sdk/lib/tinyusb/src/common/tusb_fifo.c.obj
                0x0000000010007264                tu_fifo_clear
 .text.tu_fifo_set_overwritable
                0x00000000100072b0       0x3c CMakeFiles/hellschreiber.dir/home/mr/Dokumente/Projekte/pico/pico-sdk/lib/tinyusb/src/common/tusb_fifo.c.obj
                0x00000000100072b0                tu_fifo_set_overwritable
 .text._retrieve_unique_id_on_boot
                0x00000000100072ec       0x10 CMakeFiles/hellschreiber.dir/home/mr/Dokumente/Projekte/pico/pico-sdk/src/rp2_common/pico_unique_id/unique_id.c.obj
 .text.pico_get_unique_board_id_string
                0x00000000100072fc       0x60 CMakeFiles/hellschreiber.dir/home/mr/Dokumente/Projekte/pico/pico-sdk/src/rp2_common/pico_unique_id/unique_id.c.obj
                0x00000000100072fc                pico_get_unique_board_id_string
 .text.flash_get_unique_id
                0x000000001000735c       0x46 CMakeFiles/hellschreiber.dir/home/mr/Dokumente/Projekte/pico/pico-sdk/src/rp2_common/hardware_flash/flash.c.obj
                0x000000001000735c                flash_get_unique_id
 *fill*         0x00000000100073a2        0x2 
 .text.init_screen
                0x00000000100073a4       0x50 libosc_screen.a(osc_screen.c.obj)
                0x00000000100073a4                init_screen
 .text._inside_bounds
                0x00000000100073f4       0x24 libosc_screen.a(osc_screen.c.obj)
                0x00000000100073f4                _inside_bounds
 .text._inside_margin
                0x0000000010007418       0x2c libosc_screen.a(osc_screen.c.obj)
                0x0000000010007418                _inside_margin
 .text.set_pixel
                0x0000000010007444       0x30 libosc_screen.a(osc_screen.c.obj)
                0x0000000010007444                set_pixel
 .text.box      0x0000000010007474       0x22 libosc_screen.a(osc_screen.c.obj)
                0x0000000010007474                box
 .text.checker_board
                0x0000000010007496       0x58 libosc_screen.a(osc_screen.c.obj)
                0x0000000010007496                checker_board
 *fill*         0x00000000100074ee        0x2 
 .text.place_char
                0x00000000100074f0       0x48 libosc_screen.a(osc_screen.c.obj)
                0x00000000100074f0                place_char
 .text.fill_screen
                0x0000000010007538       0x32 libosc_screen.a(osc_screen.c.obj)
                0x0000000010007538                fill_screen
 *fill*         0x000000001000756a        0x2 
 .text.output_screen_to_gpio
                0x000000001000756c       0xa0 libosc_screen.a(osc_screen.c.obj)
                0x000000001000756c                output_screen_to_gpio
 .text          0x000000001000760c       0x5c /usr/lib/gcc/arm-none-eabi/10.3.1/../../../arm-none-eabi/lib/thumb/v6-m/nofp/libg.a(lib_a-strlen-stub.o)
                0x000000001000760c                strlen
 *(.fini)
 .fini          0x0000000010007668        0x4 /usr/lib/gcc/arm-none-eabi/10.3.1/thumb/v6-m/nofp/crti.o
                0x0000000010007668                _fini
 *fill*         0x000000001000766c        0x4 
 .fini.__stub   0x0000000010007670       0x70 linker stubs
 *crtbegin.o(.ctors)
 *crtbegin?.o(.ctors)
 *(EXCLUDE_FILE(*crtend.o *crtend?.o) .ctors)
 *(SORT_BY_NAME(.ctors.*))
 *(.ctors)
 *crtbegin.o(.dtors)
 *crtbegin?.o(.dtors)
 *(EXCLUDE_FILE(*crtend.o *crtend?.o) .dtors)
 *(SORT_BY_NAME(.dtors.*))
 *(.dtors)
 *(.eh_frame*)
 .eh_frame      0x00000000100076e0        0x0 /usr/lib/gcc/arm-none-eabi/10.3.1/thumb/v6-m/nofp/crtbegin.o
                0x00000000100076e0                . = ALIGN (0x4)

.glue_7         0x00000000100076e0        0x0
 .glue_7        0x00000000100076e0        0x0 linker stubs

.glue_7t        0x00000000100076e0        0x0
 .glue_7t       0x00000000100076e0        0x0 linker stubs

.vfp11_veneer   0x00000000100076e0        0x0
 .vfp11_veneer  0x00000000100076e0        0x0 linker stubs

.v4_bx          0x00000000100076e0        0x0
 .v4_bx         0x00000000100076e0        0x0 linker stubs

.iplt           0x00000000100076e0        0x0
 .iplt          0x00000000100076e0        0x0 /usr/lib/gcc/arm-none-eabi/10.3.1/thumb/v6-m/nofp/crtbegin.o

.rodata         0x00000000100076e0     0x1bb8
 *(EXCLUDE_FILE(*libm.a: *libc.a:*lib_a-mem*.o *libgcc.a:) .rodata*)
 .rodata.spin_lock_claim_unused.str1.4
                0x00000000100076e0       0x1b CMakeFiles/hellschreiber.dir/home/mr/Dokumente/Projekte/pico/pico-sdk/src/rp2_common/hardware_sync/sync.c.obj
 *fill*         0x00000000100076fb        0x1 
 .rodata.make_branch.str1.4
                0x00000000100076fc       0x7c CMakeFiles/hellschreiber.dir/home/mr/Dokumente/Projekte/pico/pico-sdk/src/rp2_common/hardware_irq/irq.c.obj
 .rodata.insert_branch_and_link.str1.4
                0x0000000010007778       0x10 CMakeFiles/hellschreiber.dir/home/mr/Dokumente/Projekte/pico/pico-sdk/src/rp2_common/hardware_irq/irq.c.obj
 .rodata.irq_set_exclusive_handler.str1.4
                0x0000000010007788       0x36 CMakeFiles/hellschreiber.dir/home/mr/Dokumente/Projekte/pico/pico-sdk/src/rp2_common/hardware_irq/irq.c.obj
 *fill*         0x00000000100077be        0x2 
 .rodata.irq_add_shared_handler.str1.4
                0x00000000100077c0       0xd9 CMakeFiles/hellschreiber.dir/home/mr/Dokumente/Projekte/pico/pico-sdk/src/rp2_common/hardware_irq/irq.c.obj
 *fill*         0x0000000010007899        0x3 
 .rodata.irq_remove_handler.str1.4
                0x000000001000789c       0x2a CMakeFiles/hellschreiber.dir/home/mr/Dokumente/Projekte/pico/pico-sdk/src/rp2_common/hardware_irq/irq.c.obj
 *fill*         0x00000000100078c6        0x2 
 .rodata.irq_add_tail_to_free_list.str1.4
                0x00000000100078c8       0x3a CMakeFiles/hellschreiber.dir/home/mr/Dokumente/Projekte/pico/pico-sdk/src/rp2_common/hardware_irq/irq.c.obj
 *fill*         0x0000000010007902        0x2 
 .rodata.user_irq_claim_unused.str1.4
                0x0000000010007904       0x1b CMakeFiles/hellschreiber.dir/home/mr/Dokumente/Projekte/pico/pico-sdk/src/rp2_common/hardware_irq/irq.c.obj
 *fill*         0x000000001000791f        0x1 
 .rodata.__func__.0
                0x0000000010007920       0x1a CMakeFiles/hellschreiber.dir/home/mr/Dokumente/Projekte/pico/pico-sdk/src/rp2_common/hardware_irq/irq.c.obj
 *fill*         0x000000001000793a        0x2 
 .rodata.__func__.1
                0x000000001000793c       0x17 CMakeFiles/hellschreiber.dir/home/mr/Dokumente/Projekte/pico/pico-sdk/src/rp2_common/hardware_irq/irq.c.obj
 *fill*         0x0000000010007953        0x1 
 .rodata.__func__.2
                0x0000000010007954       0x13 CMakeFiles/hellschreiber.dir/home/mr/Dokumente/Projekte/pico/pico-sdk/src/rp2_common/hardware_irq/irq.c.obj
 *fill*         0x0000000010007967        0x1 
 .rodata.__func__.3
                0x0000000010007968        0xc CMakeFiles/hellschreiber.dir/home/mr/Dokumente/Projekte/pico/pico-sdk/src/rp2_common/hardware_irq/irq.c.obj
 .rodata.__func__.4
                0x0000000010007974        0xf CMakeFiles/hellschreiber.dir/home/mr/Dokumente/Projekte/pico/pico-sdk/src/rp2_common/hardware_irq/irq.c.obj
 *fill*         0x0000000010007983        0x1 
 .rodata.__func__.5
                0x0000000010007984       0x17 CMakeFiles/hellschreiber.dir/home/mr/Dokumente/Projekte/pico/pico-sdk/src/rp2_common/hardware_irq/irq.c.obj
 *fill*         0x000000001000799b        0x1 
 .rodata.__func__.6
                0x000000001000799c       0x1a CMakeFiles/hellschreiber.dir/home/mr/Dokumente/Projekte/pico/pico-sdk/src/rp2_common/hardware_irq/irq.c.obj
 *fill*         0x00000000100079b6        0x2 
 .rodata.repeating_timer_callback.str1.4
                0x00000000100079b8       0x5a CMakeFiles/hellschreiber.dir/home/mr/Dokumente/Projekte/pico/pico-sdk/src/common/pico_time/time.c.obj
 *fill*         0x0000000010007a12        0x2 
 .rodata.alarm_pool_dump_key.str1.4
                0x0000000010007a14       0x33 CMakeFiles/hellschreiber.dir/home/mr/Dokumente/Projekte/pico/pico-sdk/src/common/pico_time/time.c.obj
 *fill*         0x0000000010007a47        0x1 
 .rodata.ph_add_child_node.str1.4
                0x0000000010007a48       0xa6 CMakeFiles/hellschreiber.dir/home/mr/Dokumente/Projekte/pico/pico-sdk/src/common/pico_time/time.c.obj
 *fill*         0x0000000010007aee        0x2 
 .rodata.add_alarm_under_lock.str1.4
                0x0000000010007af0       0x28 CMakeFiles/hellschreiber.dir/home/mr/Dokumente/Projekte/pico/pico-sdk/src/common/pico_time/time.c.obj
                                         0x2b (size before relaxing)
 .rodata.alarm_pool_alarm_callback.str1.4
                0x0000000010007b18       0xf2 CMakeFiles/hellschreiber.dir/home/mr/Dokumente/Projekte/pico/pico-sdk/src/common/pico_time/time.c.obj
 *fill*         0x0000000010007c0a        0x2 
 .rodata.alarm_pool_get_default.str1.4
                0x0000000010007c0c       0x21 CMakeFiles/hellschreiber.dir/home/mr/Dokumente/Projekte/pico/pico-sdk/src/common/pico_time/time.c.obj
 *fill*         0x0000000010007c2d        0x3 
 .rodata.alarm_pool_cancel_alarm.str1.4
                0x0000000010007c30       0x27 CMakeFiles/hellschreiber.dir/home/mr/Dokumente/Projekte/pico/pico-sdk/src/common/pico_time/time.c.obj
 *fill*         0x0000000010007c57        0x1 
 .rodata.__func__.1
                0x0000000010007c58       0x18 CMakeFiles/hellschreiber.dir/home/mr/Dokumente/Projekte/pico/pico-sdk/src/common/pico_time/time.c.obj
 .rodata.__func__.10
                0x0000000010007c70       0x15 CMakeFiles/hellschreiber.dir/home/mr/Dokumente/Projekte/pico/pico-sdk/src/common/pico_time/time.c.obj
 *fill*         0x0000000010007c85        0x3 
 .rodata.__func__.11
                0x0000000010007c88       0x1a CMakeFiles/hellschreiber.dir/home/mr/Dokumente/Projekte/pico/pico-sdk/src/common/pico_time/time.c.obj
 *fill*         0x0000000010007ca2        0x2 
 .rodata.__func__.12
                0x0000000010007ca4        0xa CMakeFiles/hellschreiber.dir/home/mr/Dokumente/Projekte/pico/pico-sdk/src/common/pico_time/time.c.obj
 *fill*         0x0000000010007cae        0x2 
 .rodata.__func__.3
                0x0000000010007cb0       0x17 CMakeFiles/hellschreiber.dir/home/mr/Dokumente/Projekte/pico/pico-sdk/src/common/pico_time/time.c.obj
 *fill*         0x0000000010007cc7        0x1 
 .rodata.__func__.4
                0x0000000010007cc8       0x12 CMakeFiles/hellschreiber.dir/home/mr/Dokumente/Projekte/pico/pico-sdk/src/common/pico_time/time.c.obj
 *fill*         0x0000000010007cda        0x2 
 .rodata.__func__.5
                0x0000000010007cdc        0xd CMakeFiles/hellschreiber.dir/home/mr/Dokumente/Projekte/pico/pico-sdk/src/common/pico_time/time.c.obj
 *fill*         0x0000000010007ce9        0x3 
 .rodata.__func__.6
                0x0000000010007cec       0x12 CMakeFiles/hellschreiber.dir/home/mr/Dokumente/Projekte/pico/pico-sdk/src/common/pico_time/time.c.obj
 *fill*         0x0000000010007cfe        0x2 
 .rodata.__func__.7
                0x0000000010007d00        0xf CMakeFiles/hellschreiber.dir/home/mr/Dokumente/Projekte/pico/pico-sdk/src/common/pico_time/time.c.obj
 *fill*         0x0000000010007d0f        0x1 
 .rodata.__func__.8
                0x0000000010007d10        0xc CMakeFiles/hellschreiber.dir/home/mr/Dokumente/Projekte/pico/pico-sdk/src/common/pico_time/time.c.obj
 .rodata.__func__.9
                0x0000000010007d1c       0x15 CMakeFiles/hellschreiber.dir/home/mr/Dokumente/Projekte/pico/pico-sdk/src/common/pico_time/time.c.obj
 *fill*         0x0000000010007d31        0x3 
 .rodata.hardware_alarm_claim.str1.4
                0x0000000010007d34       0x22 CMakeFiles/hellschreiber.dir/home/mr/Dokumente/Projekte/pico/pico-sdk/src/rp2_common/hardware_timer/timer.c.obj
 .rodata.busy_wait_us.str1.4
                0x0000000010007d56       0x70 CMakeFiles/hellschreiber.dir/home/mr/Dokumente/Projekte/pico/pico-sdk/src/rp2_common/hardware_timer/timer.c.obj
 *fill*         0x0000000010007d56        0x2 
 .rodata.hardware_alarm_set_target.str1.4
                0x0000000010007d58       0x74 CMakeFiles/hellschreiber.dir/home/mr/Dokumente/Projekte/pico/pico-sdk/src/rp2_common/hardware_timer/timer.c.obj
 .rodata.__func__.0
                0x0000000010007dcc       0x1a CMakeFiles/hellschreiber.dir/home/mr/Dokumente/Projekte/pico/pico-sdk/src/rp2_common/hardware_timer/timer.c.obj
 *fill*         0x0000000010007de6        0x2 
 .rodata.__func__.1
                0x0000000010007de8       0x15 CMakeFiles/hellschreiber.dir/home/mr/Dokumente/Projekte/pico/pico-sdk/src/rp2_common/hardware_timer/timer.c.obj
 .rodata.ph_add_child_node.str1.4
                0x0000000010007dfd       0xa6 CMakeFiles/hellschreiber.dir/home/mr/Dokumente/Projekte/pico/pico-sdk/src/common/pico_util/pheap.c.obj
 *fill*         0x0000000010007dfd        0x3 
 .rodata.ph_remove_any_head.str1.4
                0x0000000010007e00       0x9c CMakeFiles/hellschreiber.dir/home/mr/Dokumente/Projekte/pico/pico-sdk/src/common/pico_util/pheap.c.obj
 .rodata.ph_remove_and_free_node.str1.4
                0x0000000010007e9c       0x1e CMakeFiles/hellschreiber.dir/home/mr/Dokumente/Projekte/pico/pico-sdk/src/common/pico_util/pheap.c.obj
                                         0x26 (size before relaxing)
 *fill*         0x0000000010007eba        0x2 
 .rodata.__func__.0
                0x0000000010007ebc       0x18 CMakeFiles/hellschreiber.dir/home/mr/Dokumente/Projekte/pico/pico-sdk/src/common/pico_util/pheap.c.obj
 .rodata.__func__.1
                0x0000000010007ed4       0x13 CMakeFiles/hellschreiber.dir/home/mr/Dokumente/Projekte/pico/pico-sdk/src/common/pico_util/pheap.c.obj
 *fill*         0x0000000010007ee7        0x1 
 .rodata.__func__.2
                0x0000000010007ee8       0x12 CMakeFiles/hellschreiber.dir/home/mr/Dokumente/Projekte/pico/pico-sdk/src/common/pico_util/pheap.c.obj
 *fill*         0x0000000010007efa        0x2 
 .rodata.__func__.3
                0x0000000010007efc        0xc CMakeFiles/hellschreiber.dir/home/mr/Dokumente/Projekte/pico/pico-sdk/src/common/pico_util/pheap.c.obj
 .rodata.str1.4
                0x0000000010007f08       0x99 CMakeFiles/hellschreiber.dir/home/mr/Dokumente/Projekte/pico/pico-sdk/src/common/pico_sync/mutex.c.obj
                                        0x109 (size before relaxing)
 *fill*         0x0000000010007fa1        0x3 
 .rodata.__func__.1
                0x0000000010007fa4        0xb CMakeFiles/hellschreiber.dir/home/mr/Dokumente/Projekte/pico/pico-sdk/src/common/pico_sync/mutex.c.obj
 *fill*         0x0000000010007faf        0x1 
 .rodata.__func__.3
                0x0000000010007fb0       0x18 CMakeFiles/hellschreiber.dir/home/mr/Dokumente/Projekte/pico/pico-sdk/src/common/pico_sync/mutex.c.obj
 .rodata.__func__.4
                0x0000000010007fc8       0x15 CMakeFiles/hellschreiber.dir/home/mr/Dokumente/Projekte/pico/pico-sdk/src/common/pico_sync/mutex.c.obj
 *fill*         0x0000000010007fdd        0x3 
 .rodata.__assert_func.str1.4
                0x0000000010007fe0       0x3f CMakeFiles/hellschreiber.dir/home/mr/Dokumente/Projekte/pico/pico-sdk/src/rp2_common/pico_runtime/runtime.c.obj
                                         0x43 (size before relaxing)
 *fill*         0x000000001000801f        0x1 
 .rodata.runtime_init.str1.4
                0x0000000010008020       0x70 CMakeFiles/hellschreiber.dir/home/mr/Dokumente/Projekte/pico/pico-sdk/src/rp2_common/pico_runtime/runtime.c.obj
 .rodata.panic.str1.4
                0x0000000010008090       0x12 CMakeFiles/hellschreiber.dir/home/mr/Dokumente/Projekte/pico/pico-sdk/src/rp2_common/pico_runtime/runtime.c.obj
 *fill*         0x00000000100080a2        0x2 
 .rodata.__func__.1
                0x00000000100080a4        0xd CMakeFiles/hellschreiber.dir/home/mr/Dokumente/Projekte/pico/pico-sdk/src/rp2_common/pico_runtime/runtime.c.obj
 *fill*         0x00000000100080b1        0x3 
 .rodata.clock_configure.str1.4
                0x00000000100080b4       0x66 CMakeFiles/hellschreiber.dir/home/mr/Dokumente/Projekte/pico/pico-sdk/src/rp2_common/hardware_clocks/clocks.c.obj
 *fill*         0x000000001000811a        0x2 
 .rodata.__func__.1
                0x000000001000811c       0x10 CMakeFiles/hellschreiber.dir/home/mr/Dokumente/Projekte/pico/pico-sdk/src/rp2_common/hardware_clocks/clocks.c.obj
 .rodata.pll_init.str1.4
                0x000000001000812c      0x147 CMakeFiles/hellschreiber.dir/home/mr/Dokumente/Projekte/pico/pico-sdk/src/rp2_common/hardware_pll/pll.c.obj
 *fill*         0x0000000010008273        0x1 
 .rodata.__func__.0
                0x0000000010008274        0x9 CMakeFiles/hellschreiber.dir/home/mr/Dokumente/Projekte/pico/pico-sdk/src/rp2_common/hardware_pll/pll.c.obj
 *fill*         0x000000001000827d        0x3 
 .rodata._ftoa.str1.4
                0x0000000010008280       0x15 CMakeFiles/hellschreiber.dir/home/mr/Dokumente/Projekte/pico/pico-sdk/src/rp2_common/pico_printf/printf.c.obj
 *fill*         0x0000000010008295        0x3 
 .rodata._vsnprintf
                0x0000000010008298      0x1e0 CMakeFiles/hellschreiber.dir/home/mr/Dokumente/Projekte/pico/pico-sdk/src/rp2_common/pico_printf/printf.c.obj
 .rodata.pow10.0
                0x0000000010008478       0x50 CMakeFiles/hellschreiber.dir/home/mr/Dokumente/Projekte/pico/pico-sdk/src/rp2_common/pico_printf/printf.c.obj
 .rodata.__aeabi_double_init.str1.4
                0x00000000100084c8       0xb7 CMakeFiles/hellschreiber.dir/home/mr/Dokumente/Projekte/pico/pico-sdk/src/rp2_common/pico_double/double_init_rom.c.obj
 *fill*         0x000000001000857f        0x1 
 .rodata.__func__.0
                0x0000000010008580       0x14 CMakeFiles/hellschreiber.dir/home/mr/Dokumente/Projekte/pico/pico-sdk/src/rp2_common/pico_double/double_init_rom.c.obj
 .rodata.__aeabi_float_init.str1.4
                0x0000000010008594       0x89 CMakeFiles/hellschreiber.dir/home/mr/Dokumente/Projekte/pico/pico-sdk/src/rp2_common/pico_float/float_init_rom.c.obj
                                         0x8d (size before relaxing)
 *fill*         0x000000001000861d        0x3 
 .rodata.__func__.0
                0x0000000010008620       0x13 CMakeFiles/hellschreiber.dir/home/mr/Dokumente/Projekte/pico/pico-sdk/src/rp2_common/pico_float/float_init_rom.c.obj
 *fill*         0x0000000010008633        0x1 
 .rodata.str1.4
                0x0000000010008634       0x44 CMakeFiles/hellschreiber.dir/home/mr/Dokumente/Projekte/pico/pico-sdk/src/rp2_common/pico_standard_link/binary_info.c.obj
 .rodata.__bi_44
                0x0000000010008678        0xc CMakeFiles/hellschreiber.dir/home/mr/Dokumente/Projekte/pico/pico-sdk/src/rp2_common/pico_standard_link/binary_info.c.obj
 .rodata.__bi_75
                0x0000000010008684        0xc CMakeFiles/hellschreiber.dir/home/mr/Dokumente/Projekte/pico/pico-sdk/src/rp2_common/pico_standard_link/binary_info.c.obj
 .rodata.__bi_81
                0x0000000010008690        0xc CMakeFiles/hellschreiber.dir/home/mr/Dokumente/Projekte/pico/pico-sdk/src/rp2_common/pico_standard_link/binary_info.c.obj
 .rodata.crlf_str.3
                0x000000001000869c        0x2 CMakeFiles/hellschreiber.dir/home/mr/Dokumente/Projekte/pico/pico-sdk/src/rp2_common/pico_stdio/stdio.c.obj
 *fill*         0x000000001000869e        0x2 
 .rodata.str1.4
                0x00000000100086a0       0x2c CMakeFiles/hellschreiber.dir/home/mr/Dokumente/Projekte/pico/pico-sdk/src/rp2_common/pico_stdio_uart/stdio_uart.c.obj
 .rodata.__bi_28.4
                0x00000000100086cc        0xc CMakeFiles/hellschreiber.dir/home/mr/Dokumente/Projekte/pico/pico-sdk/src/rp2_common/pico_stdio_uart/stdio_uart.c.obj
 .rodata.__bi_29.5
                0x00000000100086d8        0x8 CMakeFiles/hellschreiber.dir/home/mr/Dokumente/Projekte/pico/pico-sdk/src/rp2_common/pico_stdio_uart/stdio_uart.c.obj
 .rodata._resetd_driver
                0x00000000100086e0       0x18 CMakeFiles/hellschreiber.dir/home/mr/Dokumente/Projekte/pico/pico-sdk/src/rp2_common/pico_stdio_usb/reset_interface.c.obj
 .rodata.timer_task.str1.4
                0x00000000100086f8       0x7c CMakeFiles/hellschreiber.dir/home/mr/Dokumente/Projekte/pico/pico-sdk/src/rp2_common/pico_stdio_usb/stdio_usb.c.obj
 .rodata.stdio_usb_init.str1.4
                0x0000000010008774       0x70 CMakeFiles/hellschreiber.dir/home/mr/Dokumente/Projekte/pico/pico-sdk/src/rp2_common/pico_stdio_usb/stdio_usb.c.obj
 .rodata.str1.4
                0x0000000010008774       0x13 CMakeFiles/hellschreiber.dir/home/mr/Dokumente/Projekte/pico/pico-sdk/src/rp2_common/pico_stdio_usb/stdio_usb.c.obj
 *fill*         0x0000000010008787        0x1 
 .rodata.__bi_118.2
                0x0000000010008788        0xc CMakeFiles/hellschreiber.dir/home/mr/Dokumente/Projekte/pico/pico-sdk/src/rp2_common/pico_stdio_usb/stdio_usb.c.obj
 .rodata.__func__.0
                0x0000000010008794       0x15 CMakeFiles/hellschreiber.dir/home/mr/Dokumente/Projekte/pico/pico-sdk/src/rp2_common/pico_stdio_usb/stdio_usb.c.obj
 *fill*         0x00000000100087a9        0x3 
 .rodata.__func__.1
                0x00000000100087ac        0xb CMakeFiles/hellschreiber.dir/home/mr/Dokumente/Projekte/pico/pico-sdk/src/rp2_common/pico_stdio_usb/stdio_usb.c.obj
 *fill*         0x00000000100087b7        0x1 
 .rodata.str1.4
                0x00000000100087b8       0x2a CMakeFiles/hellschreiber.dir/home/mr/Dokumente/Projekte/pico/pico-sdk/src/rp2_common/pico_stdio_usb/stdio_usb_descriptors.c.obj
 *fill*         0x00000000100087e2        0x2 
 .rodata.usbd_desc_cfg
                0x00000000100087e4       0x54 CMakeFiles/hellschreiber.dir/home/mr/Dokumente/Projekte/pico/pico-sdk/src/rp2_common/pico_stdio_usb/stdio_usb_descriptors.c.obj
 .rodata.usbd_desc_device
                0x0000000010008838       0x12 CMakeFiles/hellschreiber.dir/home/mr/Dokumente/Projekte/pico/pico-sdk/src/rp2_common/pico_stdio_usb/stdio_usb_descriptors.c.obj
 *fill*         0x000000001000884a        0x2 
 .rodata.usbd_desc_str
                0x000000001000884c       0x18 CMakeFiles/hellschreiber.dir/home/mr/Dokumente/Projekte/pico/pico-sdk/src/rp2_common/pico_stdio_usb/stdio_usb_descriptors.c.obj
 .rodata._hw_endpoint_alloc.str1.4
                0x0000000010008864       0xc5 CMakeFiles/hellschreiber.dir/home/mr/Dokumente/Projekte/pico/pico-sdk/lib/tinyusb/src/portable/raspberrypi/rp2040/dcd_rp2040.c.obj
 *fill*         0x0000000010008929        0x3 
 .rodata.dcd_rp2040_irq.str1.4
                0x000000001000892c       0x14 CMakeFiles/hellschreiber.dir/home/mr/Dokumente/Projekte/pico/pico-sdk/lib/tinyusb/src/portable/raspberrypi/rp2040/dcd_rp2040.c.obj
 .rodata.dcd_int_enable.str1.4
                0x0000000010008940        0xc CMakeFiles/hellschreiber.dir/home/mr/Dokumente/Projekte/pico/pico-sdk/lib/tinyusb/src/portable/raspberrypi/rp2040/dcd_rp2040.c.obj
 .rodata.__func__.0
                0x000000001000894c        0xe CMakeFiles/hellschreiber.dir/home/mr/Dokumente/Projekte/pico/pico-sdk/lib/tinyusb/src/portable/raspberrypi/rp2040/dcd_rp2040.c.obj
 *fill*         0x000000001000895a        0x2 
 .rodata.__func__.1
                0x000000001000895c        0xe CMakeFiles/hellschreiber.dir/home/mr/Dokumente/Projekte/pico/pico-sdk/lib/tinyusb/src/portable/raspberrypi/rp2040/dcd_rp2040.c.obj
 *fill*         0x000000001000896a        0x2 
 .rodata.__func__.3
                0x000000001000896c       0x10 CMakeFiles/hellschreiber.dir/home/mr/Dokumente/Projekte/pico/pico-sdk/lib/tinyusb/src/portable/raspberrypi/rp2040/dcd_rp2040.c.obj
 .rodata.__func__.5
                0x000000001000897c        0xf CMakeFiles/hellschreiber.dir/home/mr/Dokumente/Projekte/pico/pico-sdk/lib/tinyusb/src/portable/raspberrypi/rp2040/dcd_rp2040.c.obj
 *fill*         0x000000001000898b        0x1 
 .rodata.__func__.6
                0x000000001000898c       0x13 CMakeFiles/hellschreiber.dir/home/mr/Dokumente/Projekte/pico/pico-sdk/lib/tinyusb/src/portable/raspberrypi/rp2040/dcd_rp2040.c.obj
 *fill*         0x000000001000899f        0x1 
 .rodata.__func__.7
                0x00000000100089a0        0x9 CMakeFiles/hellschreiber.dir/home/mr/Dokumente/Projekte/pico/pico-sdk/lib/tinyusb/src/portable/raspberrypi/rp2040/dcd_rp2040.c.obj
 *fill*         0x00000000100089a9        0x3 
 .rodata.sync_ep_buffer.str1.4
                0x00000000100089ac       0xa1 CMakeFiles/hellschreiber.dir/home/mr/Dokumente/Projekte/pico/pico-sdk/lib/tinyusb/src/portable/raspberrypi/rp2040/rp2040_usb.c.obj
 *fill*         0x0000000010008a4d        0x3 
 .rodata._hw_endpoint_buffer_control_update32.str1.4
                0x0000000010008a50       0x1f CMakeFiles/hellschreiber.dir/home/mr/Dokumente/Projekte/pico/pico-sdk/lib/tinyusb/src/portable/raspberrypi/rp2040/rp2040_usb.c.obj
 *fill*         0x0000000010008a6f        0x1 
 .rodata.hw_endpoint_xfer_start.str1.4
                0x0000000010008a70       0x38 CMakeFiles/hellschreiber.dir/home/mr/Dokumente/Projekte/pico/pico-sdk/lib/tinyusb/src/portable/raspberrypi/rp2040/rp2040_usb.c.obj
 .rodata.hw_endpoint_xfer_continue.str1.4
                0x0000000010008aa8       0x29 CMakeFiles/hellschreiber.dir/home/mr/Dokumente/Projekte/pico/pico-sdk/lib/tinyusb/src/portable/raspberrypi/rp2040/rp2040_usb.c.obj
 .rodata.str1.4
                0x0000000010008ad1       0x29 CMakeFiles/hellschreiber.dir/home/mr/Dokumente/Projekte/pico/pico-sdk/lib/tinyusb/src/portable/raspberrypi/rp2040/rp2040_usb.c.obj
                                          0x7 (size before relaxing)
 *fill*         0x0000000010008ad1        0x3 
 .rodata.__func__.0
                0x0000000010008ad4        0xf CMakeFiles/hellschreiber.dir/home/mr/Dokumente/Projekte/pico/pico-sdk/lib/tinyusb/src/portable/raspberrypi/rp2040/rp2040_usb.c.obj
 *fill*         0x0000000010008ae3        0x1 
 .rodata.process_set_config.str1.4
                0x0000000010008ae4       0x17 CMakeFiles/hellschreiber.dir/home/mr/Dokumente/Projekte/pico/pico-sdk/lib/tinyusb/src/device/usbd.c.obj
 *fill*         0x0000000010008afb        0x1 
 .rodata.process_get_descriptor
                0x0000000010008afc       0x40 CMakeFiles/hellschreiber.dir/home/mr/Dokumente/Projekte/pico/pico-sdk/lib/tinyusb/src/device/usbd.c.obj
 .rodata.process_control_request
                0x0000000010008b3c       0x28 CMakeFiles/hellschreiber.dir/home/mr/Dokumente/Projekte/pico/pico-sdk/lib/tinyusb/src/device/usbd.c.obj
 .rodata.tud_task
                0x0000000010008b64       0x24 CMakeFiles/hellschreiber.dir/home/mr/Dokumente/Projekte/pico/pico-sdk/lib/tinyusb/src/device/usbd.c.obj
 .rodata.__func__.2
                0x0000000010008b88        0xf CMakeFiles/hellschreiber.dir/home/mr/Dokumente/Projekte/pico/pico-sdk/lib/tinyusb/src/device/usbd.c.obj
 *fill*         0x0000000010008b97        0x1 
 .rodata.__func__.3
                0x0000000010008b98        0xf CMakeFiles/hellschreiber.dir/home/mr/Dokumente/Projekte/pico/pico-sdk/lib/tinyusb/src/device/usbd.c.obj
 *fill*         0x0000000010008ba7        0x1 
 .rodata.__func__.4
                0x0000000010008ba8       0x14 CMakeFiles/hellschreiber.dir/home/mr/Dokumente/Projekte/pico/pico-sdk/lib/tinyusb/src/device/usbd.c.obj
 .rodata.__func__.5
                0x0000000010008bbc       0x10 CMakeFiles/hellschreiber.dir/home/mr/Dokumente/Projekte/pico/pico-sdk/lib/tinyusb/src/device/usbd.c.obj
 .rodata.__func__.6
                0x0000000010008bcc       0x17 CMakeFiles/hellschreiber.dir/home/mr/Dokumente/Projekte/pico/pico-sdk/lib/tinyusb/src/device/usbd.c.obj
 *fill*         0x0000000010008be3        0x1 
 .rodata.__func__.7
                0x0000000010008be4       0x13 CMakeFiles/hellschreiber.dir/home/mr/Dokumente/Projekte/pico/pico-sdk/lib/tinyusb/src/device/usbd.c.obj
 *fill*         0x0000000010008bf7        0x1 
 .rodata.__func__.8
                0x0000000010008bf8       0x18 CMakeFiles/hellschreiber.dir/home/mr/Dokumente/Projekte/pico/pico-sdk/lib/tinyusb/src/device/usbd.c.obj
 .rodata.__func__.9
                0x0000000010008c10        0x9 CMakeFiles/hellschreiber.dir/home/mr/Dokumente/Projekte/pico/pico-sdk/lib/tinyusb/src/device/usbd.c.obj
 *fill*         0x0000000010008c19        0x3 
 .rodata._usbd_driver
                0x0000000010008c1c       0x18 CMakeFiles/hellschreiber.dir/home/mr/Dokumente/Projekte/pico/pico-sdk/lib/tinyusb/src/device/usbd.c.obj
 .rodata.tud_control_xfer.str1.4
                0x0000000010008c34       0x17 CMakeFiles/hellschreiber.dir/home/mr/Dokumente/Projekte/pico/pico-sdk/lib/tinyusb/src/device/usbd_control.c.obj
 .rodata.__func__.0
                0x0000000010008c34       0x15 CMakeFiles/hellschreiber.dir/home/mr/Dokumente/Projekte/pico/pico-sdk/lib/tinyusb/src/device/usbd_control.c.obj
 *fill*         0x0000000010008c49        0x3 
 .rodata.__func__.1
                0x0000000010008c4c       0x11 CMakeFiles/hellschreiber.dir/home/mr/Dokumente/Projekte/pico/pico-sdk/lib/tinyusb/src/device/usbd_control.c.obj
 .rodata.tud_cdc_n_write_flush.str1.4
                0x0000000010008c5d       0x17 CMakeFiles/hellschreiber.dir/home/mr/Dokumente/Projekte/pico/pico-sdk/lib/tinyusb/src/class/cdc/cdc_device.c.obj
 *fill*         0x0000000010008c5d        0x3 
 .rodata.__func__.0
                0x0000000010008c60        0xd CMakeFiles/hellschreiber.dir/home/mr/Dokumente/Projekte/pico/pico-sdk/lib/tinyusb/src/class/cdc/cdc_device.c.obj
 *fill*         0x0000000010008c6d        0x3 
 .rodata.__func__.1